*** Using Compiler 'V5.06 update 7 (build 960)', folder: 'C:\Keil_v5\ARM\ARM_Compiler_5.06u7\Bin'
Rebuild target 'tw66gw02'
assembling startup_stm32f030x8.s...
compiling stm32f0xx_it.c...
compiling usart.c...
compiling stm32f0xx_hal_i2c_ex.c...
compiling stm32f0xx_hal_dma.c...
compiling stm32f0xx_hal_pwr_ex.c...
compiling stm32f0xx_hal_rcc.c...
compiling stm32f0xx_hal_adc_ex.c...
compiling stm32f0xx_hal_msp.c...
compiling tim.c...
compiling stm32f0xx_hal_cortex.c...
compiling dma.c...
compiling stm32f0xx_hal_rcc_ex.c...
compiling stm32f0xx_hal.c...
compiling stm32f0xx_hal_flash.c...
compiling stm32f0xx_hal_exti.c...
compiling gpio.c...
compiling adc.c...
compiling stm32f0xx_hal_flash_ex.c...
compiling stm32f0xx_hal_gpio.c...
compiling stm32f0xx_hal_pwr.c...
compiling main.c...
compiling stm32f0xx_hal_adc.c...
compiling TaskScheduler.c...
compiling stm32f0xx_hal_i2c.c...
compiling stm32f0xx_hal_uart_ex.c...
compiling system_stm32f0xx.c...
compiling stm32f0xx_hal_tim_ex.c...
compiling C8721.c...
compiling key.c...
compiling bh66f5242.c...
compiling screen_c8721.c...
compiling stm32f0xx_hal_uart.c...
compiling temp.c...
compiling wireless.c...
compiling ota_boot.c...
compiling shutdown.c...
compiling ota_update.c...
compiling start_up.c...
compiling warning.c...
compiling main_control.c...
compiling test.c...
compiling stm32f0xx_hal_tim.c...
linking...
Program Size: Code=23560 RO-data=624 RW-data=292 ZI-data=4828  
FromELF: creating hex file...
".\tw66gw02_ota_secure_v102\tw66gw02.axf" - 0 Error(s), 0 Warning(s).
Build Time Elapsed:  00:00:05
