T3D48 000:001.656   SEGGER J-Link V9.68 Log File
T3D48 000:001.747   DLL Compiled: Aug 12 2026 15:23:53
T3D48 000:001.751   Logging started @ 2026-08-31 09:31
T3D48 000:001.755   Process: C:\Keil_v5\ARM\Segger\JLink.exe
T3D48 000:001.762 - 1.758ms 
T3D48 000:012.910 JLINK_SetWarnOutHandler(...)
T3D48 000:012.922 - 0.012ms 
T3D48 000:012.931 JLINK_OpenEx(...)
T3D48 000:018.862   Firmware: J-Link V9 compiled Dec 13 2022 11:14:50
T3D48 000:019.353   Firmware: J-Link V9 compiled Dec 13 2022 11:14:50
T3D48 000:019.451   Decompressing FW timestamp took 82 us
T3D48 000:024.671   Hardware: V9.70
T3D48 000:024.694   S/N: 69736254
T3D48 000:024.699   OEM: SEGGER
T3D48 000:024.704   Feature(s): RDI, GDB, FlashDL, FlashBP, JFlash
T3D48 000:025.498   Bootloader: (FW returned invalid version)
T3D48 000:026.327   TELNET listener socket opened on port 19021
T3D48 000:026.452   WEBSRV WEBSRV_Init(): Starting webserver thread(s)
T3D48 000:026.736   WEBSRV Webserver running on local port 19080
T3D48 000:026.815   Looking for J-Link GUI Server exe at: C:\Keil_v5\ARM\Segger\JLinkGUIServer.exe
T3D48 000:026.925   Looking for J-Link GUI Server exe at: C:\Program Files (x86)\SEGGER\JLink\\JLinkGUIServer.exe
T3D48 000:330.156   Failed to connect to J-Link GUI Server.
T3D48 000:330.184 - 317.246ms returns "O.K."
T3D48 000:330.296 JLINK_GetFirmwareString(...)
T3D48 000:330.301 - 0.006ms 
T3D48 000:330.310 JLINK_GetHardwareVersion()
T3D48 000:330.323 - 0.003ms returns 97000
T3D48 000:330.329 JLINK_GetHWInfoEx(...)
T3D48 000:330.782 - 0.453ms returns 0
T3D48 000:330.789 JLINK_GetSN()
T3D48 000:330.792 - 0.004ms returns 69736254
T3D48 000:330.799 JLINK_GetOEMString(...)
T3D48 000:330.807 JLINK_EMU_GetCurrConnectionInfo()
T3D48 000:331.020 - 0.213ms returns 0
T3D48 000:331.028 JLINK_EMU_HasCapEx(0x00000026)
T3D48 000:331.031 - 0.003ms returns 0
T3D48 000:331.035 JLINK_GetEmuCaps()
T3D48 000:331.039 - 0.003ms returns 0xB9FF7BBF
T3D48 000:331.042 JLINK_GetEmuCaps()
T3D48 000:331.045 - 0.003ms returns 0xB9FF7BBF
T3D48 000:331.050 JLINK_GetHWStatus(...)
T3D48 000:331.258 - 0.207ms returns 0
T3D48 000:331.263 JLINK_EMU_HasCapEx(0x00000044)
T3D48 000:331.266 - 0.003ms returns 1
T3D48 000:331.273 JLINK_ReadEmuConfigMem(..., Off = 0x9A, NumBytes = 0x01)
T3D48 000:331.276 - 0.003ms returns 0
T3D48 000:331.288 JLINK_ExecCommand("device=STM32F030C8", ...). 
T3D48 000:343.875   XML file found at: C:\Users\PC\AppData\Roaming\SEGGER\JLinkDevices\JLinkDevices.xml
T3D48 000:344.685   C:\Users\PC\AppData\Roaming\SEGGER\JLinkDevices\JLinkDevices.xml evaluated successfully.
T3D48 000:344.698     Device entry created:  FCMA62N
T3D48 000:344.702       ChipInfo:
T3D48 000:344.708         Vendor:          QUECTEL
T3D48 000:344.713         Name:            FCMA62N
T3D48 000:344.718         WorkRAMAddr:     0x20000000
T3D48 000:344.723         WorkRAMSize:     0x00010000
T3D48 000:344.730         Core:            JLINK_CORE_CORTEX_M33
T3D48 000:344.770         Script:          C:\Users\PC\AppData\Roaming\SEGGER\JLinkDevices\Devices\QUECTEL\FCMA62N\FCMA62N.JLinkScript
T3D48 000:344.776       FlashBankInfo:
T3D48 000:344.781         Name:            QSPI flash
T3D48 000:344.787         BaseAddr:        0x08000000
T3D48 000:344.864         LoaderInfo:
T3D48 000:344.869           Name:            QSPI_flash
T3D48 000:344.874           MaxSize:         0x00800000
T3D48 000:344.880           Loader:          C:\Users\PC\AppData\Roaming\SEGGER\JLinkDevices\Devices\QUECTEL\FCMA62N\FCMA62N_FLEXSPI.FLM
T3D48 000:344.885           LoaderType:      FLASH_ALGO_TYPE_OPEN
T3D48 000:344.890       FlashBankInfo:
T3D48 000:344.895         Name:            Secure QSPI flash
T3D48 000:344.900         BaseAddr:        0x18000000
T3D48 000:344.944         LoaderInfo:
T3D48 000:344.949           Name:            Secure_QSPI_flash
T3D48 000:344.954           MaxSize:         0x00800000
T3D48 000:344.959           Loader:          C:\Users\PC\AppData\Roaming\SEGGER\JLinkDevices\Devices\QUECTEL\FCMA62N\FCMA62N_FLEXSPI_S.FLM
T3D48 000:344.964           LoaderType:      FLASH_ALGO_TYPE_OPEN
T3D48 000:345.044     Device entry created:  FCM363X
T3D48 000:345.048       ChipInfo:
T3D48 000:345.053         Vendor:          QUECTEL
T3D48 000:345.057         Name:            FCM363X
T3D48 000:345.062         WorkRAMAddr:     0x20000000
T3D48 000:345.067         WorkRAMSize:     0x00010000
T3D48 000:345.073         Core:            JLINK_CORE_CORTEX_M33
T3D48 000:345.090         Script:          C:\Users\PC\AppData\Roaming\SEGGER\JLinkDevices\Devices\QUECTEL\FCM363X\FCM363X.JLinkScript
T3D48 000:345.096       FlashBankInfo:
T3D48 000:345.100         Name:            QSPI flash
T3D48 000:345.105         BaseAddr:        0x08000000
T3D48 000:345.149         LoaderInfo:
T3D48 000:345.154           Name:            QSPI_flash
T3D48 000:345.159           MaxSize:         0x00800000
T3D48 000:345.164           Loader:          C:\Users\PC\AppData\Roaming\SEGGER\JLinkDevices\Devices\QUECTEL\FCM363X\FCM363X_FLEXSPI.FLM
T3D48 000:345.169           LoaderType:      FLASH_ALGO_TYPE_OPEN
T3D48 000:345.173       FlashBankInfo:
T3D48 000:345.178         Name:            Secure QSPI flash
T3D48 000:345.183         BaseAddr:        0x18000000
T3D48 000:345.220         LoaderInfo:
T3D48 000:345.225           Name:            Secure_QSPI_flash
T3D48 000:345.229           MaxSize:         0x00800000
T3D48 000:345.235           Loader:          C:\Users\PC\AppData\Roaming\SEGGER\JLinkDevices\Devices\QUECTEL\FCM363X\FCM363X_FLEXSPI_S.FLM
T3D48 000:345.240           LoaderType:      FLASH_ALGO_TYPE_OPEN
T3D48 000:345.269     Alias entry created:
T3D48 000:345.272       ChipInfo:
T3D48 000:345.277         Alias of:        FCM363X
T3D48 000:345.282         Name:            FCM363XAB
T3D48 000:345.312     Alias entry created:
T3D48 000:345.315       ChipInfo:
T3D48 000:345.320         Alias of:        FCM363X
T3D48 000:345.325         Name:            FCM363XAC
T3D48 000:345.352     Device entry created:  FGMH63X
T3D48 000:345.356       ChipInfo:
T3D48 000:345.361         Vendor:          QUECTEL
T3D48 000:345.366         Name:            FGMH63X
T3D48 000:345.371         WorkRAMAddr:     0x20000000
T3D48 000:345.376         WorkRAMSize:     0x00010000
T3D48 000:345.382         Core:            JLINK_CORE_CORTEX_M33
T3D48 000:345.464         Script:          C:\Users\PC\AppData\Roaming\SEGGER\JLinkDevices\Devices\QUECTEL\FGMH63X\FGMH63X.JLinkScript
T3D48 000:345.477       FlashBankInfo:
T3D48 000:345.483         Name:            QSPI flash
T3D48 000:345.489         BaseAddr:        0x08000000
T3D48 000:345.580         LoaderInfo:
T3D48 000:345.586           Name:            QSPI_flash
T3D48 000:345.591           MaxSize:         0x01000000
T3D48 000:345.597           Loader:          C:\Users\PC\AppData\Roaming\SEGGER\JLinkDevices\Devices\QUECTEL\FGMH63X\FGMH63X_FLEXSPI.FLM
T3D48 000:345.602           LoaderType:      FLASH_ALGO_TYPE_OPEN
T3D48 000:345.608       FlashBankInfo:
T3D48 000:345.613         Name:            Secure QSPI flash
T3D48 000:345.618         BaseAddr:        0x18000000
T3D48 000:345.679         LoaderInfo:
T3D48 000:345.685           Name:            Secure_QSPI_flash
T3D48 000:345.690           MaxSize:         0x01000000
T3D48 000:345.696           Loader:          C:\Users\PC\AppData\Roaming\SEGGER\JLinkDevices\Devices\QUECTEL\FGMH63X\FGMH63X_FLEXSPI_S.FLM
T3D48 000:345.701           LoaderType:      FLASH_ALGO_TYPE_OPEN
T3D48 000:345.710     Device entry created:  FCMB63X
T3D48 000:345.714       ChipInfo:
T3D48 000:345.719         Vendor:          QUECTEL
T3D48 000:345.724         Name:            FCMB63X
T3D48 000:345.730         WorkRAMAddr:     0x20000000
T3D48 000:345.735         WorkRAMSize:     0x00100000
T3D48 000:345.742         Core:            JLINK_CORE_CORTEX_M33
T3D48 000:345.807         Script:          C:\Users\PC\AppData\Roaming\SEGGER\JLinkDevices\Devices\QUECTEL\FCMB63X\FCMB63X.JLinkScript
T3D48 000:345.823       FlashBankInfo:
T3D48 000:345.829         Name:            QSPI flash
T3D48 000:345.835         BaseAddr:        0x08000000
T3D48 000:345.921         LoaderInfo:
T3D48 000:345.928           Name:            QSPI_flash
T3D48 000:345.933           MaxSize:         0x02000000
T3D48 000:345.939           Loader:          C:\Users\PC\AppData\Roaming\SEGGER\JLinkDevices\Devices\QUECTEL\FCMB63X\FCMB63X_FLEXSPI.FLM
T3D48 000:345.945           LoaderType:      FLASH_ALGO_TYPE_OPEN
T3D48 000:345.951       FlashBankInfo:
T3D48 000:345.956         Name:            Secure QSPI flash
T3D48 000:345.961         BaseAddr:        0x18000000
T3D48 000:346.007         LoaderInfo:
T3D48 000:346.013           Name:            Secure_QSPI_flash
T3D48 000:346.018           MaxSize:         0x02000000
T3D48 000:346.023           Loader:          C:\Users\PC\AppData\Roaming\SEGGER\JLinkDevices\Devices\QUECTEL\FCMB63X\FCMB63X_FLEXSPI_S.FLM
T3D48 000:346.029           LoaderType:      FLASH_ALGO_TYPE_OPEN
T3D48 000:346.296   Ref file found at: C:\Keil_v5\ARM\Segger\JLinkDevices.ref
T3D48 000:346.363   REF file references invalid XML file: D:\adam\jflash\JLink\JLinkDevices.xml
T3D48 000:346.633   Device "STM32F030C8" selected.
T3D48 000:364.768 - 33.479ms returns 0x00
T3D48 000:364.800 JLINK_EnableLog(...)
T3D48 000:364.806 - 0.005ms 
T3D48 000:364.872 JLINK_GetEmuCaps()
T3D48 000:364.885 - 0.012ms returns 0xB9FF7BBF
T3D48 000:364.903 JLINK_TIF_GetAvailable(...)
T3D48 000:365.081 - 0.178ms 
T3D48 000:365.089 JLINK_TIF_Select(JLINKARM_TIF_SWD)
T3D48 000:365.547 - 0.458ms returns 0x00
T3D48 000:365.560 JLINK_IsConnected()
T3D48 000:365.566 - 0.007ms returns FALSE
T3D48 000:365.572 JLINK_SetSpeed(1000)
T3D48 000:365.648 - 0.076ms 
T3D48 000:365.657 JLINK_Connect()
T3D48 000:365.900   InitTarget() start
T3D48 000:365.909    J-Link Script File: Executing InitTarget()
T3D48 000:366.086   SWD selected. Executing JTAG -> SWD switching sequence.
T3D48 000:368.030   DAP initialized successfully.
T3D48 000:374.022   InitTarget() end - Took 8.11ms
T3D48 000:374.787   Found SW-DP with ID 0x0BC11477
T3D48 000:376.490   Old FW that does not support reading DPIDR via DAP jobs
T3D48 000:377.473   DPv0 detected
T3D48 000:377.496   CoreSight SoC-400 or earlier
T3D48 000:377.505   Scanning AP map to find all available APs
T3D48 000:378.152   AP[1]: Stopped AP scan as end of AP map has been reached
T3D48 000:378.196   AP[0]: AHB-AP (IDR: 0x04770031, ADDR: 0x00000000)
T3D48 000:378.208   Iterating through AP map to find AHB-AP to use
T3D48 000:379.367   AP[0]: Core found
T3D48 000:379.379   AP[0]: AHB-AP ROM base: 0xE00FF000
T3D48 000:379.929   CPUID register: 0x410CC601. Implementer code: 0x41 (ARM)
T3D48 000:379.949   Found Cortex-M0 r0p1, Little endian.
T3D48 000:380.210   -- Max. mem block: 0x00010BB0
T3D48 000:380.579   CPU_ReadMem(4 bytes @ 0xE000EDF0)
T3D48 000:381.070   CPU_ReadMem(4 bytes @ 0xE0002000)
T3D48 000:381.530   FPUnit: 4 code (BP) slots and 0 literal slots
T3D48 000:381.541   CPU_ReadMem(4 bytes @ 0xE000EDFC)
T3D48 000:381.984   CPU_WriteMem(4 bytes @ 0xE000EDFC)
T3D48 000:382.544   CPU_ReadMem(4 bytes @ 0xE0001000)
T3D48 000:383.134   CPU_WriteMem(4 bytes @ 0xE0001000)
T3D48 000:383.645   CoreSight components:
T3D48 000:383.669   ROMTbl[0] @ E00FF000
T3D48 000:383.681   CPU_ReadMem(64 bytes @ 0xE00FF000)
T3D48 000:385.111   CPU_ReadMem(32 bytes @ 0xE000EFE0)
T3D48 000:386.031   [0][0]: E000E000 CID B105E00D PID 000BB008 SCS
T3D48 000:386.053   CPU_ReadMem(32 bytes @ 0xE0001FE0)
T3D48 000:386.950   [0][1]: E0001000 CID B105E00D PID 000BB00A DWT
T3D48 000:386.985   CPU_ReadMem(32 bytes @ 0xE0002FE0)
T3D48 000:387.854   [0][2]: E0002000 CID B105E00D PID 000BB00B FPB
T3D48 000:387.894 - 22.236ms returns 0x00
T3D48 000:387.911 JLINK_GetIdData(pIdData)
T3D48 000:388.138   pIdData->ScanLen=4
T3D48 000:388.162   pIdData->NumDevices=1
T3D48 000:388.171   pIdData->aId[0]=0x0BC11477
T3D48 000:388.180   pIdData->aIrRead[0]=0
T3D48 000:388.189   pIdData->aScanLen[0]=0
T3D48 000:388.198   pIdData->aScanRead[0]=0
T3D48 000:388.207 - 0.296ms 
T3D48 000:388.242 JLINK_GetMemZones(...)
T3D48 000:388.254 - 0.011ms returns 1
T3D48 000:388.267 JLINK_HasError()
T3D48 000:388.279 JLINK_CORE_GetFound()
T3D48 000:388.286 - 0.006ms returns 0x60000FF
T3D48 000:388.303 JLINK_GetResetTypeDesc
T3D48 000:388.311 - 0.008ms 
T3D48 000:388.324 JLINK_SetResetDelay(0)
T3D48 000:388.330 - 0.006ms 
T3D48 000:388.340 JLINK_Reset()
T3D48 000:388.359   JLINK_GetResetTypeDesc
T3D48 000:388.365   - 0.006ms 
T3D48 000:388.378   Reset type: NORMAL (https://kb.segger.com/J-Link_Reset_Strategies)
T3D48 000:388.389   CPU is running
T3D48 000:388.399   CPU_WriteMem(4 bytes @ 0xE000EDF0)
T3D48 000:388.953   CPU is running
T3D48 000:388.996   CPU_WriteMem(4 bytes @ 0xE000EDFC)
T3D48 000:389.567   Reset: Halt core after reset via DEMCR.VC_CORERESET.
T3D48 000:390.038   Reset: Reset device via AIRCR.SYSRESETREQ.
T3D48 000:390.049   CPU is running
T3D48 000:390.059   CPU_WriteMem(4 bytes @ 0xE000ED0C)
T3D48 000:443.506   CPU_ReadMem(4 bytes @ 0xE000EDF0)
T3D48 000:444.056   CPU_ReadMem(4 bytes @ 0xE000EDF0)
T3D48 000:450.451   CPU_WriteMem(4 bytes @ 0xE000EDFC)
T3D48 000:456.668   CPU_ReadMem(4 bytes @ 0xE000EDF0)
T3D48 000:463.122   CPU_WriteMem(4 bytes @ 0xE0002000)
T3D48 000:463.737   CPU_ReadMem(4 bytes @ 0xE000EDFC)
T3D48 000:464.263   CPU_ReadMem(4 bytes @ 0xE0001000)
T3D48 000:464.784   CPU_WriteMem(4 bytes @ 0xE0001000)
T3D48 000:465.320 - 76.977ms 
T3D48 000:465.395 JLINK_Halt()
T3D48 000:465.403 - 0.008ms returns 0x00
T3D48 000:465.416 JLINK_GetDeviceFamily
T3D48 000:465.423 - 0.006ms returns 6
T3D48 000:465.431 JLINK_CORE_GetFound()
T3D48 000:465.439 - 0.007ms returns 0x60000FF
T3D48 000:465.450 JLINK_GetDebugInfo(0x01 = Unknown)
T3D48 000:465.457   Value=0x00000000
T3D48 000:465.467 - 0.017ms returns 0
T3D48 000:465.476 JLINK_ReadRegs(NumRegs = 28)
T3D48 000:465.505   
  R0 (0)         = 0xFFFFFFFF           R1 (1)         = 0xFFFFFFFF           R2 (2)         = 0xFFFFFFFF           R3 (3)         = 0xFFFFFFFF        
  R4 (4)         = 0xFFFFFFFF           R5 (5)         = 0xFFFFFFFF           R6 (6)         = 0xFFFFFFFF           R7 (7)         = 0xFFFFFFFF        
  R8 (8)         = 0xFFFFFFFF           R9 (9)         = 0xFFFFFFFF           R10 (10)       = 0xFFFFFFFF           R11 (11)       = 0xFFFFFFFF        
  R12 (12)       = 0xFFFFFFFF           R13 (SP) (13)  = 0x20000400           MSP (17)       = 0x20000400           PSP (18)       = 0xFFFFFFFC        
  R14 (14)       = 0xFFFFFFFF           R15 (PC) (15)  = 0x8000150            XPSR (16)      = 0xF1000000           APSR (21)      = 0xF0000000        
  EPSR (22)      = 0x1000000            IPSR (23)      = 0x00                 CFBP (20)      = 0x00                 CONTROL (27)   = 0x00              
  FAULTMASK (26) = 0x00                 BASEPRI (25)   = 0x00                 PRIMASK (24)   = 0x00                 CycleCnt (65)  = 0x00              
T3D48 000:465.515 - 0.039ms returns 0x00
T3D48 000:465.541 JLINK_ReadMemU32_64(0x08001800, 0x2 Items)
T3D48 000:465.555   CPU_ReadMem(64 bytes @ 0x08001800)
T3D48 000:466.961    -- Updating C cache (64 bytes @ 0x08001800)
T3D48 000:466.983    -- Read from C cache (8 bytes @ 0x08001800)
T3D48 000:466.994   Data:  98 15 00 20 91 19 00 08
T3D48 000:467.004 - 1.463ms returns 2 (0x2)
T3D48 000:467.013 JLINK_HasError()
T3D48 000:467.032 JLINK_Reset()
T3D48 000:467.044   JLINK_GetResetTypeDesc
T3D48 000:467.051   - 0.006ms 
T3D48 000:467.059   Reset type: NORMAL (https://kb.segger.com/J-Link_Reset_Strategies)
T3D48 000:467.067   CPU_WriteMem(4 bytes @ 0xE000EDF0)
T3D48 000:467.595   CPU_WriteMem(4 bytes @ 0xE000EDFC)
T3D48 000:468.110   Reset: Halt core after reset via DEMCR.VC_CORERESET.
T3D48 000:468.557   Reset: Reset device via AIRCR.SYSRESETREQ.
T3D48 000:468.583   CPU_WriteMem(4 bytes @ 0xE000ED0C)
T3D48 000:522.289   CPU_ReadMem(4 bytes @ 0xE000EDF0)
T3D48 000:522.781   CPU_ReadMem(4 bytes @ 0xE000EDF0)
T3D48 000:523.342   CPU_WriteMem(4 bytes @ 0xE000EDFC)
T3D48 000:529.345   CPU_ReadMem(4 bytes @ 0xE000EDF0)
T3D48 000:535.668   CPU_WriteMem(4 bytes @ 0xE0002000)
T3D48 000:536.256   CPU_ReadMem(4 bytes @ 0xE000EDFC)
T3D48 000:536.719   CPU_ReadMem(4 bytes @ 0xE0001000)
T3D48 000:537.220   CPU_WriteMem(4 bytes @ 0xE0001000)
T3D48 000:537.694 - 70.661ms 
T3D48 000:537.715 JLINK_Halt()
T3D48 000:537.719 - 0.004ms returns 0x00
T3D48 000:537.733 JLINK_ExecCommand("SetVerifyRAMDownload = 1", ...). 
T3D48 000:537.740 - 0.006ms returns 0x00
T3D48 000:537.751 JLINK_DownloadFile(sFile = C:\Users\PC\Desktop\TW66GW02\11\tw66gw02\Bootloader\build\mathis_bootloader.bin)
T3D48 000:537.895   Data:  00 04 00 20 51 01 00 08 59 01 00 08 5B 01 00 08 ...
T3D48 000:538.204   completely In flash
T3D48 000:538.412   CPU_ReadMem(4 bytes @ 0xE000ED90)
T3D48 000:538.854    -- --------------------------------------
T3D48 000:538.866    -- Flash bank @ 0x08000000: Default: L2 verify disabled because algorithm performs L1 verify
T3D48 000:538.873    -- Start of determining dirty areas in flash cache
T3D48 000:538.881    -- Filling invalid ranges in sector buffer (flash cache) for sector @ 0x08000000 if necessary
T3D48 000:538.888    -- Filling invalid ranges in sector buffer (flash cache) for sector @ 0x08000400 if necessary
T3D48 000:538.894    -- Filling invalid ranges in sector buffer (flash cache) for sector @ 0x08000800 if necessary
T3D48 000:538.909    -- End of determining dirty areas
T3D48 000:538.914    -- Start of preparing flash programming
T3D48 000:538.921    -- Calculating RAM usage
T3D48 000:538.945    -- RAM usage = 3060 Bytes
T3D48 000:538.950    -- Preserving CPU registers
T3D48 000:538.965    -- Preparing target
T3D48 000:538.971    -- Preserving target RAM temporarily used for programming
T3D48 000:579.845    -- Downloading RAMCode
T3D48 000:621.876    -- Preparing RAMCode
T3D48 000:632.531    -- End of preparing flash programming
T3D48 000:632.583    -- CPU speed could not be measured.
T3D48 000:632.597    -- Start of comparing flash
T3D48 000:632.611    -- CRC check was estimated as fastest method
T3D48 000:632.627    -- Comparing range 0x8000000 - 0x8000BFF (3 Sectors, 3 KB), using multi-block CRC calculation
T3D48 000:642.538    -- All CRCs match
T3D48 000:642.579    -- Comparing range 0x8000000 - 0x8000BFF (3 Sectors, 3 KB), using alternative multi-block CRC calculation
T3D48 000:652.081    -- All CRCs match
T3D48 000:652.111    -- End of comparing flash
T3D48 000:652.123    -- Start of erasing sectors
T3D48 000:652.132    -- End of erasing sectors
T3D48 000:652.141    -- Start of flash programming
T3D48 000:652.150    -- End of flash programming
T3D48 000:652.159    -- Start of restoring
T3D48 000:652.169    -- Restoring RAMCode
T3D48 000:659.803    -- Restoring target memory
T3D48 000:699.448    -- Restore target
T3D48 000:699.473    -- Restoring CPU registers
T3D48 000:699.489    -- End of restoring
T3D48 000:699.498    -- Bank 0 @ 0x08000000: Skipped. Contents already match
T3D48 000:699.504    -- Bank 0 @ 0x08000000: Skipped. Contents already match
T3D48 000:699.514   CPU_WriteMem(4 bytes @ 0xE0002000)
T3D48 000:700.106   CPU_ReadMem(4 bytes @ 0xE0002008)
T3D48 000:700.634   CPU_WriteMem(4 bytes @ 0xE000EDF4)
T3D48 000:701.154   CPU_ReadMem(4 bytes @ 0xE000EDF8)
T3D48 000:701.663   CPU_WriteMem(4 bytes @ 0xE0002008)
T3D48 000:702.274   CPU_WriteMem(4 bytes @ 0xE000EDF8)
T3D48 000:702.854   CPU_WriteMem(4 bytes @ 0xE000EDF4)
T3D48 000:703.374   CPU_WriteMem(4 bytes @ 0xE000EDF0)
T3D48 000:703.922   CPU_WriteMem(4 bytes @ 0xE000EDF0)
T3D48 000:704.482   CPU_ReadMem(4 bytes @ 0xE000EDF0)
T3D48 000:704.953   CPU_WriteMem(4 bytes @ 0xE000EDF0)
T3D48 000:705.441   CPU_WriteMem(4 bytes @ 0xE0002008)
T3D48 000:705.999   CPU_WriteMem(4 bytes @ 0xE000EDF8)
T3D48 000:706.490   CPU_WriteMem(4 bytes @ 0xE000EDF4)
T3D48 000:707.083 - 169.332ms returns 0x00
T3D48 000:707.129 JLINK_ExecCommand("SetVerifyRAMDownload = 0", ...). 
T3D48 000:707.134 - 0.005ms returns 0x01
T3D48 000:707.234 JLINK_IsHalted()
T3D48 000:707.239 - 0.005ms returns TRUE
T3D48 000:707.245 JLINK_ReadMemEx_64(0x08000000, 0x878 Bytes, ...)
T3D48 000:707.252    -- Read from flash cache (2168 bytes @ 0x08000000)
T3D48 000:707.292   Data:  00 04 00 20 51 01 00 08 59 01 00 08 5B 01 00 08 ...
T3D48 000:707.297 - 0.052ms returns 2168 (0x878)
T3D48 000:707.319 JLINK_ReadMemU32_64(0x08000000, 0x2 Items)
T3D48 000:707.323    -- Read from flash cache (8 bytes @ 0x08000000)
T3D48 000:707.328   Data:  00 04 00 20 51 01 00 08
T3D48 000:707.333 - 0.014ms returns 2 (0x2)
T3D48 000:707.337 JLINK_HasError()
T3D48 000:707.343 JLINK_ReadMemU32_64(0x08001800, 0x2 Items)
T3D48 000:707.349   CPU_ReadMem(64 bytes @ 0x08001800)
T3D48 000:708.592    -- Updating C cache (64 bytes @ 0x08001800)
T3D48 000:708.612    -- Read from C cache (8 bytes @ 0x08001800)
T3D48 000:708.636   Data:  98 15 00 20 91 19 00 08
T3D48 000:708.647 - 1.302ms returns 2 (0x2)
T3D48 000:708.657 JLINK_HasError()
T3D48 000:708.672 JLINK_GetResetTypeDesc
T3D48 000:708.678 - 0.006ms 
T3D48 000:708.687 JLINK_SetResetDelay(0)
T3D48 000:708.693 - 0.006ms 
T3D48 000:708.701 JLINK_Reset()
T3D48 000:708.711   CPU_ReadMem(4 bytes @ 0x20000000)
T3D48 000:709.286   CPU_WriteMem(4 bytes @ 0x20000000)
T3D48 000:709.835   JLINK_GetResetTypeDesc
T3D48 000:709.844   - 0.009ms 
T3D48 000:709.852   Reset type: NORMAL (https://kb.segger.com/J-Link_Reset_Strategies)
T3D48 000:709.860   CPU_WriteMem(4 bytes @ 0xE000EDF0)
T3D48 000:710.383   CPU_WriteMem(4 bytes @ 0xE000EDFC)
T3D48 000:710.924   Reset: Halt core after reset via DEMCR.VC_CORERESET.
T3D48 000:711.333   Reset: Reset device via AIRCR.SYSRESETREQ.
T3D48 000:711.344   CPU_WriteMem(4 bytes @ 0xE000ED0C)
T3D48 000:763.841   CPU_ReadMem(4 bytes @ 0xE000EDF0)
T3D48 000:764.337   CPU_ReadMem(4 bytes @ 0xE000EDF0)
T3D48 000:764.865   CPU_WriteMem(4 bytes @ 0xE000EDFC)
T3D48 000:770.558   CPU_ReadMem(4 bytes @ 0xE000EDF0)
T3D48 000:777.089   CPU_WriteMem(4 bytes @ 0xE0002000)
T3D48 000:777.675   CPU_ReadMem(4 bytes @ 0xE000EDFC)
T3D48 000:778.235   CPU_ReadMem(4 bytes @ 0xE0001000)
T3D48 000:778.750   CPU_WriteMem(4 bytes @ 0xE0001000)
T3D48 000:779.237 - 70.536ms 
T3D48 000:779.302 JLINK_GoEx(MaxEmulInsts = 0, Flags = 0x01)
T3D48 000:779.314   CPU_ReadMem(4 bytes @ 0xE0001000)
T3D48 000:779.841   CPU_WriteMem(4 bytes @ 0xE0001000)
T3D48 000:780.385   CPU_WriteMem(4 bytes @ 0xE0001004)
T3D48 000:781.841   Memory map 'after startup completion point' is active
T3D48 000:781.857 - 2.555ms 
T3D48 001:782.691 JLINK_Halt()
T3D48 001:788.618 - 5.926ms returns 0x00
T3D48 001:788.653 JLINK_GetDeviceFamily
T3D48 001:788.659 - 0.006ms returns 6
T3D48 001:788.667 JLINK_CORE_GetFound()
T3D48 001:788.673 - 0.006ms returns 0x60000FF
T3D48 001:788.682 JLINK_GetDebugInfo(0x01 = Unknown)
T3D48 001:788.688   Value=0x00000000
T3D48 001:788.698 - 0.016ms returns 0
T3D48 001:788.705 JLINK_ReadRegs(NumRegs = 28)
T3D48 001:788.730   CPU_ReadMem(4 bytes @ 0xE0001004)
T3D48 001:789.224   
  R0 (0)         = 0x78                 R1 (1)         = 0x00                 R2 (2)         = 0x00                 R3 (3)         = 0x00              
  R4 (4)         = 0x0B                 R5 (5)         = 0x20000900           R6 (6)         = 0x20000888           R7 (7)         = 0x00              
  R8 (8)         = 0xFFFFFFFF           R9 (9)         = 0xFFFFFFFF           R10 (10)       = 0x8007080            R11 (11)       = 0x8007080         
  R12 (12)       = 0x00                 R13 (SP) (13)  = 0x20001588           MSP (17)       = 0x20001588           PSP (18)       = 0xFFFFFFFC        
  R14 (14)       = 0x8006A67            R15 (PC) (15)  = 0x800514E            XPSR (16)      = 0x81000000           APSR (21)      = 0x80000000        
  EPSR (22)      = 0x1000000            IPSR (23)      = 0x00                 CFBP (20)      = 0x00                 CONTROL (27)   = 0x00              
  FAULTMASK (26) = 0x00                 BASEPRI (25)   = 0x00                 PRIMASK (24)   = 0x00                 CycleCnt (65)  = 0x00              
T3D48 001:789.235 - 0.530ms returns 0x00
T3D48 001:789.286 JLINK_IsHalted()
T3D48 001:789.839 - 0.551ms returns TRUE
T3D48 001:789.873 JLINK_GetDeviceFamily
T3D48 001:789.882 - 0.009ms returns 6
T3D48 001:789.890 JLINK_CORE_GetFound()
T3D48 001:789.896 - 0.006ms returns 0x60000FF
T3D48 001:789.904 JLINK_GetDebugInfo(0x01 = Unknown)
T3D48 001:789.911   Value=0x00000000
T3D48 001:789.920 - 0.016ms returns 0
T3D48 001:789.927 JLINK_ReadRegs(NumRegs = 28)
T3D48 001:789.949   
  R0 (0)         = 0x78                 R1 (1)         = 0x00                 R2 (2)         = 0x00                 R3 (3)         = 0x00              
  R4 (4)         = 0x0B                 R5 (5)         = 0x20000900           R6 (6)         = 0x20000888           R7 (7)         = 0x00              
  R8 (8)         = 0xFFFFFFFF           R9 (9)         = 0xFFFFFFFF           R10 (10)       = 0x8007080            R11 (11)       = 0x8007080         
  R12 (12)       = 0x00                 R13 (SP) (13)  = 0x20001588           MSP (17)       = 0x20001588           PSP (18)       = 0xFFFFFFFC        
  R14 (14)       = 0x8006A67            R15 (PC) (15)  = 0x800514E            XPSR (16)      = 0x81000000           APSR (21)      = 0x80000000        
  EPSR (22)      = 0x1000000            IPSR (23)      = 0x00                 CFBP (20)      = 0x00                 CONTROL (27)   = 0x00              
  FAULTMASK (26) = 0x00                 BASEPRI (25)   = 0x00                 PRIMASK (24)   = 0x00                 CycleCnt (65)  = 0x00              
T3D48 001:789.958 - 0.031ms returns 0x00
T3D48 001:789.978 JLINK_ReadMemU32_64(0x20001FF0, 0x1 Items)
T3D48 001:789.994   CPU_ReadMem(64 bytes @ 0x20001FC0)
T3D48 001:791.409    -- Updating C cache (64 bytes @ 0x20001FC0)
T3D48 001:791.432    -- Read from C cache (4 bytes @ 0x20001FF0)
T3D48 001:791.441   Data:  07 00 90 A9
T3D48 001:791.450 - 1.472ms returns 1 (0x1)
T3D48 001:791.458 JLINK_HasError()
T3D48 001:791.471 JLINK_GoEx(MaxEmulInsts = 0, Flags = 0x01)
T3D48 001:791.482   CPU_ReadMem(4 bytes @ 0xE0001000)
T3D48 001:792.740 - 1.268ms 
T3D48 001:792.771 JLINK_IsOpen()
T3D48 001:792.777 - 0.005ms returns 0x01
T3D48 001:794.009 JLINK_Close()
T3D48 001:800.009   OnDisconnectTarget() start
T3D48 001:800.028    J-Link Script File: Executing OnDisconnectTarget()
T3D48 001:800.057   CPU_WriteMem(4 bytes @ 0x40015804)
T3D48 001:800.720   CPU_WriteMem(4 bytes @ 0x40015808)
T3D48 001:801.311   CPU_ReadMem(4 bytes @ 0x40021018)
T3D48 001:801.863   CPU_WriteMem(4 bytes @ 0x40021018)
T3D48 001:802.436   OnDisconnectTarget() end - Took 2.39ms
T3D48 001:802.467   CPU_ReadMem(4 bytes @ 0xE0001000)
T3D48 001:802.911   CPU_WriteMem(4 bytes @ 0xE0001000)
T3D48 001:835.503 - 41.493ms
T3D48 001:835.537   
T3D48 001:835.545   Closed
