SEGGER J-Link Commander V7.92m (Compiled Oct 26 2023 16:16:37)
DLL version V9.68, compiled Aug 12 2026 15:23:53


J-Link Command File read successfully.
Processing script file...
J-Link>h
J-Link connection not established yet but required for command.
Connecting to J-Link via USB...O.K.
Firmware: J-Link V9 compiled Dec 13 2022 11:14:50
Hardware version: V9.70
J-Link uptime (since boot): N/A (Not supported by this model)
S/N: 69736254
License(s): RDI, GDB, FlashDL, FlashBP, JFlash
VTref=3.285V
Target connection not established yet but required for command.
Device "STM32F030C8" selected.


Connecting to target via SWD
InitTarget() start
SWD selected. Executing JTAG -> SWD switching sequence.
DAP initialized successfully.
InitTarget() end - Took 9.56ms
Found SW-DP with ID 0x0BC11477
DPv0 detected
CoreSight SoC-400 or earlier
Scanning AP map to find all available APs
AP[1]: Stopped AP scan as end of AP map has been reached
AP[0]: AHB-AP (IDR: 0x04770031, ADDR: 0x00000000)
Iterating through AP map to find AHB-AP to use
AP[0]: Core found
AP[0]: AHB-AP ROM base: 0xE00FF000
CPUID register: 0x410CC601. Implementer code: 0x41 (ARM)
Found Cortex-M0 r0p1, Little endian.
FPUnit: 4 code (BP) slots and 0 literal slots
CoreSight components:
ROMTbl[0] @ E00FF000
[0][0]: E000E000 CID B105E00D PID 000BB008 SCS
[0][1]: E0001000 CID B105E00D PID 000BB00A DWT
[0][2]: E0002000 CID B105E00D PID 000BB00B FPB
Memory zones:
  Zone: "Default" Description: Default access mode
Cortex-M0 identified.
PC = 0800056C, CycleCnt = 00000000
R0 = B00700EE, R1 = 00006C00, R2 = 20001FC0, R3 = 000069C1
R4 = 20000000, R5 = 08001800, R6 = 00006C00, R7 = 0800082F
R8 = FFFFFFFF, R9 = FFFFFFFF, R10= 08000840, R11= 08000840
R12= FFFFFFFF
SP(R13)= 20000400, MSP= 20000400, PSP= FFFFFFFC, R14(LR) = 080004F5
XPSR = 81000000: APSR = Nzcvq, EPSR = 01000000, IPSR = 000 (NoException)
CFBP = 00000000, CONTROL = 00, FAULTMASK = 00, BASEPRI = 00, PRIMASK = 00
FPU regs: FPU not enabled / not implemented on connected CPU.
J-Link>regs
PC = 0800056C, CycleCnt = 00000000
R0 = B00700EE, R1 = 00006C00, R2 = 20001FC0, R3 = 000069C1
R4 = 20000000, R5 = 08001800, R6 = 00006C00, R7 = 0800082F
R8 = FFFFFFFF, R9 = FFFFFFFF, R10= 08000840, R11= 08000840
R12= FFFFFFFF
SP(R13)= 20000400, MSP= 20000400, PSP= FFFFFFFC, R14(LR) = 080004F5
XPSR = 81000000: APSR = Nzcvq, EPSR = 01000000, IPSR = 000 (NoException)
CFBP = 00000000, CONTROL = 00, FAULTMASK = 00, BASEPRI = 00, PRIMASK = 00
FPU regs: FPU not enabled / not implemented on connected CPU.
J-Link>mem32 0x08000000 2
08000000 = 20000400 08000151 
J-Link>mem32 0x08001800 2
08001800 = 20001598 08001991 
J-Link>mem32 0x20001FF0 1
20001FF0 = B00700EE 
J-Link>qc

Script processing completed.

OnDisconnectTarget() start
OnDisconnectTarget() end - Took 2.07ms