*** Using Compiler 'V5.06 update 7 (build 960)', folder: 'C:\Keil_v5\ARM\ARM_Compiler_5.06u7\Bin'
Rebuild target 'tw66gw02'
Before Build - User command #1: powershell.exe -NoProfile -ExecutionPolicy Bypass -File "..\PrepareFactoryBootImage.ps1"
Bootloader built: 2168 bytes
Factory boot image prepared: C:\Users\PC\Desktop\TW66GW02\.handover-local\cn-v3-20260915-175758\TW66GW02_工程交接_精简版_v3_中文注释\01_主程序\main\MDK-ARM\boot_image.o
assembling startup_stm32f030x8.s...
compiling dma.c...
compiling stm32f0xx_hal_pwr_ex.c...
compiling tim.c...
compiling stm32f0xx_hal_cortex.c...
compiling adc.c...
compiling stm32f0xx_hal_pwr.c...
compiling stm32f0xx_hal_adc_ex.c...
compiling main.c...
compiling stm32f0xx_hal_i2c_ex.c...
compiling stm32f0xx_it.c...
compiling TaskScheduler.c...
compiling stm32f0xx_hal_rcc_ex.c...
compiling stm32f0xx_hal_gpio.c...
compiling gpio.c...
compiling stm32f0xx_hal_flash.c...
compiling stm32f0xx_hal.c...
compiling stm32f0xx_hal_flash_ex.c...
compiling stm32f0xx_hal_dma.c...
compiling stm32f0xx_hal_rcc.c...
compiling stm32f0xx_hal_msp.c...
compiling stm32f0xx_hal_adc.c...
compiling stm32f0xx_hal_exti.c...
compiling usart.c...
compiling stm32f0xx_hal_i2c.c...
compiling stm32f0xx_hal_tim_ex.c...
compiling system_stm32f0xx.c...
compiling stm32f0xx_hal_uart_ex.c...
compiling C8721.c...
compiling stm32f0xx_hal_uart.c...
compiling key.c...
compiling stm32f0xx_hal_tim.c...
compiling screen_c8721.c...
compiling bh66f5242.c...
compiling temp.c...
compiling wireless.c...
compiling ota_boot.c...
compiling main_control.c...
compiling shutdown.c...
compiling start_up.c...
compiling warning.c...
compiling test.c...
compiling ota_update.c...
linking...
Program Size: Code=22020 RO-data=624 RW-data=240 ZI-data=5096  
FromELF: creating hex file...
".\tw66gw02_ota_v101\tw66gw02.axf" - 0 Error(s), 0 Warning(s).
Build Time Elapsed:  00:00:05
