Component: ARM Compiler 5.06 update 7 (build 960) Tool: armlink [4d3601]

==============================================================================

Section Cross References

    startup_stm32f030x8.o(STACK) refers (Special) to heapauxi.o(.text) for __use_two_region_memory
    startup_stm32f030x8.o(HEAP) refers (Special) to heapauxi.o(.text) for __use_two_region_memory
    startup_stm32f030x8.o(RESET) refers (Special) to heapauxi.o(.text) for __use_two_region_memory
    startup_stm32f030x8.o(RESET) refers to startup_stm32f030x8.o(STACK) for __initial_sp
    startup_stm32f030x8.o(RESET) refers to startup_stm32f030x8.o(.text) for Reset_Handler
    startup_stm32f030x8.o(RESET) refers to stm32f0xx_it.o(i.NMI_Handler) for NMI_Handler
    startup_stm32f030x8.o(RESET) refers to stm32f0xx_it.o(i.HardFault_Handler) for HardFault_Handler
    startup_stm32f030x8.o(RESET) refers to stm32f0xx_it.o(i.SVC_Handler) for SVC_Handler
    startup_stm32f030x8.o(RESET) refers to stm32f0xx_it.o(i.PendSV_Handler) for PendSV_Handler
    startup_stm32f030x8.o(RESET) refers to stm32f0xx_it.o(i.SysTick_Handler) for SysTick_Handler
    startup_stm32f030x8.o(RESET) refers to stm32f0xx_it.o(i.DMA1_Channel1_IRQHandler) for DMA1_Channel1_IRQHandler
    startup_stm32f030x8.o(RESET) refers to stm32f0xx_it.o(i.DMA1_Channel2_3_IRQHandler) for DMA1_Channel2_3_IRQHandler
    startup_stm32f030x8.o(RESET) refers to stm32f0xx_it.o(i.DMA1_Channel4_5_IRQHandler) for DMA1_Channel4_5_IRQHandler
    startup_stm32f030x8.o(RESET) refers to stm32f0xx_it.o(i.ADC1_IRQHandler) for ADC1_IRQHandler
    startup_stm32f030x8.o(RESET) refers to stm32f0xx_it.o(i.USART1_IRQHandler) for USART1_IRQHandler
    startup_stm32f030x8.o(RESET) refers to stm32f0xx_it.o(i.USART2_IRQHandler) for USART2_IRQHandler
    startup_stm32f030x8.o(.text) refers (Special) to heapauxi.o(.text) for __use_two_region_memory
    startup_stm32f030x8.o(.text) refers to system_stm32f0xx.o(i.SystemInit) for SystemInit
    startup_stm32f030x8.o(.text) refers to __main.o(!!!main) for __main
    startup_stm32f030x8.o(.text) refers to startup_stm32f030x8.o(HEAP) for Heap_Mem
    startup_stm32f030x8.o(.text) refers to startup_stm32f030x8.o(STACK) for Stack_Mem
    main.o(i.SystemClock_Config) refers to stm32f0xx_hal.o(i.HAL_InitTick) for HAL_InitTick
    main.o(i.SystemClock_Config) refers to main.o(i.Error_Handler) for Error_Handler
    main.o(i.SystemClock_Config) refers to system_stm32f0xx.o(.data) for SystemCoreClock
    main.o(i.main) refers to stm32f0xx_hal.o(i.HAL_Init) for HAL_Init
    main.o(i.main) refers to main.o(i.SystemClock_Config) for SystemClock_Config
    main.o(i.main) refers to gpio.o(i.MX_GPIO_Init) for MX_GPIO_Init
    main.o(i.main) refers to dma.o(i.MX_DMA_Init) for MX_DMA_Init
    main.o(i.main) refers to adc.o(i.MX_ADC_Init) for MX_ADC_Init
    main.o(i.main) refers to usart.o(i.MX_USART1_UART_Init) for MX_USART1_UART_Init
    main.o(i.main) refers to usart.o(i.MX_USART2_UART_Init) for MX_USART2_UART_Init
    main.o(i.main) refers to main_control.o(i.SysDataInit) for SysDataInit
    main.o(i.main) refers to ota_boot.o(i.OtaBoot_IsTrial) for OtaBoot_IsTrial
    main.o(i.main) refers to main_control.o(i.UI_RequestBluetoothPairing) for UI_RequestBluetoothPairing
    main.o(i.main) refers to temp.o(i.Temp_Get_Init) for Temp_Get_Init
    main.o(i.main) refers to screen_c8721.o(i.Screen_C8721_Init) for Screen_C8721_Init
    main.o(i.main) refers to usart.o(i.com_init) for com_init
    main.o(i.main) refers to wireless.o(i.Wireless_Init) for Wireless_Init
    main.o(i.main) refers to taskscheduler.o(i.SCH_Add_Task) for SCH_Add_Task
    main.o(i.main) refers to taskscheduler.o(i.SCH_Dispatch_Tasks) for SCH_Dispatch_Tasks
    main.o(i.main) refers to key.o(i.Key_Scan) for Key_Scan
    main.o(i.main) refers to screen_c8721.o(i.DisplayTask) for DisplayTask
    main.o(i.main) refers to temp.o(i.TempGetTask) for TempGetTask
    main.o(i.main) refers to main_control.o(i.MainControl) for MainControl
    main.o(i.main) refers to wireless.o(i.WirelessTask) for WirelessTask
    main.o(i.main) refers to ota_boot.o(i.OtaBoot_ConfirmRunningImage) for OtaBoot_ConfirmRunningImage
    gpio.o(i.MX_GPIO_Init) refers to rt_memclr.o(.text) for __aeabi_memclr4
    gpio.o(i.MX_GPIO_Init) refers to stm32f0xx_hal_gpio.o(i.HAL_GPIO_WritePin) for HAL_GPIO_WritePin
    gpio.o(i.MX_GPIO_Init) refers to stm32f0xx_hal_gpio.o(i.HAL_GPIO_Init) for HAL_GPIO_Init
    adc.o(i.HAL_ADC_MspDeInit) refers to stm32f0xx_hal_gpio.o(i.HAL_GPIO_DeInit) for HAL_GPIO_DeInit
    adc.o(i.HAL_ADC_MspDeInit) refers to stm32f0xx_hal_dma.o(i.HAL_DMA_DeInit) for HAL_DMA_DeInit
    adc.o(i.HAL_ADC_MspDeInit) refers to stm32f0xx_hal_cortex.o(i.HAL_NVIC_DisableIRQ) for HAL_NVIC_DisableIRQ
    adc.o(i.HAL_ADC_MspInit) refers to rt_memclr.o(.text) for __aeabi_memclr4
    adc.o(i.HAL_ADC_MspInit) refers to stm32f0xx_hal_gpio.o(i.HAL_GPIO_Init) for HAL_GPIO_Init
[...]
    WriteMetadata                            0x08006675   Thumb Code   170  ota_update.o(i.WriteMetadata)
    i.WriteU32Le                             0x08006734   Section        0  ota_update.o(i.WriteU32Le)
    WriteU32Le                               0x08006735   Thumb Code    16  ota_update.o(i.WriteU32Le)
    i.__ARM_common_ll_muluu                  0x08006744   Section        0  stm32f0xx_hal_rcc.o(i.__ARM_common_ll_muluu)
    i.__ARM_common_switch8                   0x08006774   Section        0  stm32f0xx_hal_dma.o(i.__ARM_common_switch8)
    i.__NVIC_SetPriority                     0x08006790   Section        0  stm32f0xx_hal_cortex.o(i.__NVIC_SetPriority)
    __NVIC_SetPriority                       0x08006791   Thumb Code    60  stm32f0xx_hal_cortex.o(i.__NVIC_SetPriority)
    i._usart_callback                        0x080067d4   Section        0  usart.o(i._usart_callback)
    i.channel_env_init                       0x08006838   Section        0  temp.o(i.channel_env_init)
    i.com_init                               0x08006870   Section        0  usart.o(i.com_init)
    i.debounce_external_temp                 0x080068b0   Section        0  temp.o(i.debounce_external_temp)
    debounce_external_temp                   0x080068b1   Thumb Code   244  temp.o(i.debounce_external_temp)
    i.main                                   0x080069ac   Section        0  main.o(i.main)
    i.normalize_external_temp_c              0x08006a94   Section        0  temp.o(i.normalize_external_temp_c)
    normalize_external_temp_c                0x08006a95   Thumb Code    38  temp.o(i.normalize_external_temp_c)
    i.parse_be32_raw_c                       0x08006ac0   Section        0  temp.o(i.parse_be32_raw_c)
    parse_be32_raw_c                         0x08006ac1   Thumb Code    52  temp.o(i.parse_be32_raw_c)
    i.raw_temp_filter                        0x08006af4   Section        0  temp.o(i.raw_temp_filter)
    raw_temp_filter                          0x08006af5   Thumb Code   204  temp.o(i.raw_temp_filter)
    i.uart_dma_poll_check                    0x08006bcc   Section        0  usart.o(i.uart_dma_poll_check)
    i.update_three_temps_from_uart2          0x08006c1c   Section        0  temp.o(i.update_three_temps_from_uart2)
    update_three_temps_from_uart2            0x08006c1d   Thumb Code   132  temp.o(i.update_three_temps_from_uart2)
    x$fpl$fadd                               0x08006cb8   Section      140  faddsub.o(x$fpl$fadd)
    _fadd1                                   0x08006cc5   Thumb Code     0  faddsub.o(x$fpl$fadd)
    x$fpl$fmul                               0x08006d44   Section      176  fmul.o(x$fpl$fmul)
    x$fpl$fsub                               0x08006df4   Section      208  faddsub.o(x$fpl$fsub)
    _fsub1                                   0x08006e01   Thumb Code     0  faddsub.o(x$fpl$fsub)
    .constdata                               0x08006ec4   Section       32  stm32f0xx_hal_rcc.o(.constdata)
    x$fpl$usenofp                            0x08006ec4   Section        0  usenofp.o(x$fpl$usenofp)
    aPLLMULFactorTable                       0x08006ec4   Data          16  stm32f0xx_hal_rcc.o(.constdata)
    aPredivFactorTable                       0x08006ed4   Data          16  stm32f0xx_hal_rcc.o(.constdata)
    .constdata                               0x08006ee4   Section        8  system_stm32f0xx.o(.constdata)
    .constdata                               0x08006eec   Section       88  screen_c8721.o(.constdata)
    s_mainGaugeThreshC                       0x08006efc   Data          18  screen_c8721.o(.constdata)
    s_mainGaugeThreshF                       0x08006f0e   Data          18  screen_c8721.o(.constdata)
    s_probeGaugeThreshC                      0x08006f20   Data          18  screen_c8721.o(.constdata)
    s_probeGaugeThreshF                      0x08006f32   Data          18  screen_c8721.o(.constdata)
    .constdata                               0x08006f44   Section      212  temp.o(.constdata)
    RTD_TAB_PT1000                           0x08006f44   Data         212  temp.o(.constdata)
    .constdata                               0x08007018   Section        3  wireless.o(.constdata)
    map                                      0x08007018   Data           3  wireless.o(.constdata)
    .constdata                               0x0800701b   Section        3  main_control.o(.constdata)
    internal_index                           0x0800701b   Data           3  main_control.o(.constdata)
    .constdata                               0x0800701e   Section       64  fdiv.o(.constdata)
    fdiv_tab                                 0x0800701e   Data          64  fdiv.o(.constdata)
    .data                                    0x200000c0   Section        4  adc.o(.data)
    .data                                    0x200000c4   Section        4  usart.o(.data)
    last_pos2                                0x200000c6   Data           2  usart.o(.data)
    .data                                    0x200000c8   Section       12  stm32f0xx_hal.o(.data)
    .data                                    0x200000d4   Section        4  system_stm32f0xx.o(.data)
    .data                                    0x200000d8   Section        4  taskscheduler.o(.data)
    Last_error_code_G                        0x200000d9   Data           1  taskscheduler.o(.data)
    Error_tick_count_G                       0x200000da   Data           2  taskscheduler.o(.data)
    .data                                    0x200000dc   Section       27  c8721.o(.data)
    checksum                                 0x200000dc   Data           1  c8721.o(.data)
    sbreathCount                             0x200000dd   Data           1  c8721.o(.data)
    sbreathBuf                               0x200000de   Data           1  c8721.o(.data)
    sbreathFlag                              0x200000df   Data           1  c8721.o(.data)
    smarqueeBuf                              0x200000e4   Data          19  c8721.o(.data)
    .data                                    0x200000f8   Section       10  key.o(.data)
    key0_shutdown_sent                       0x200000f8   Data           1  key.o(.data)
    key0_press_started_idle                  0x200000f9   Data           1  key.o(.data)
    quick_sent_on_down                       0x200000fa   Data           2  key.o(.data)
    time_count                               0x200000fe   Data           4  key.o(.data)
    .data                                    0x20000102   Section        2  screen_c8721.o(.data)
    .data                                    0x20000104   Section       70  temp.o(.data)
    s_comm_temp_valid                        0x20000106   Data           1  temp.o(.data)
    s_probe_c_filt_valid                     0x20000107   Data           1  temp.o(.data)
    s_probe_hi_latched                       0x20000108   Data           1  temp.o(.data)
    s_probe_hi_pending_cnt                   0x20000109   Data           1  temp.o(.data)
    s_probe_hi_release_cnt                   0x2000010a   Data           1  temp.o(.data)
    s_probe_lo_latched                       0x2000010b   Data           1  temp.o(.data)
    s_probe_lo_pending_cnt                   0x2000010c   Data           1  temp.o(.data)
    s_probe_lo_release_cnt                   0x2000010d   Data           1  temp.o(.data)
    s_probe_f_prev_valid                     0x2000010e   Data           1  temp.o(.data)
    s_probe_drop_glitch_cnt                  0x2000010f   Data           1  temp.o(.data)
    s_probe_disconnect_pending_cnt           0x20000110   Data           1  temp.o(.data)
    s_probe_reconnect_pending_cnt            0x20000111   Data           1  temp.o(.data)
    i                                        0x20000112   Data           1  temp.o(.data)
    i                                        0x20000113   Data           1  temp.o(.data)
    Size                                     0x20000114   Data           1  temp.o(.data)
    low_cnt                                  0x20000115   Data           1  temp.o(.data)
    high_cnt                                 0x20000116   Data           1  temp.o(.data)
    s_probe_c_filt                           0x2000011a   Data           2  temp.o(.data)
    s_probe_f_prev                           0x2000011c   Data           2  temp.o(.data)
    s_battery_adc_index                      0x2000011e   Data           2  temp.o(.data)
    s_battery_adc_count                      0x20000120   Data           2  temp.o(.data)
    temp                                     0x20000122   Data           2  temp.o(.data)
    Total_temp                               0x20000124   Data           2  temp.o(.data)
    InTtemp                                  0x20000126   Data           2  temp.o(.data)
    s_comm_hi_latched                        0x20000128   Data           3  temp.o(.data)
    s_comm_hi_pending_cnt                    0x2000012b   Data           3  temp.o(.data)
    s_comm_hi_release_cnt                    0x2000012e   Data           3  temp.o(.data)
    s_comm_lo_latched                        0x20000131   Data           3  temp.o(.data)
    s_comm_lo_pending_cnt                    0x20000134   Data           3  temp.o(.data)
    s_comm_lo_release_cnt                    0x20000137   Data           3  temp.o(.data)
    s_comm_raw_temp_inited                   0x2000013a   Data           3  temp.o(.data)
    s_battery_adc_sum                        0x20000140   Data           4  temp.o(.data)
    s_comm_temp_c                            0x20000144   Data           6  temp.o(.data)
    .data                                    0x2000014a   Section       10  wireless.o(.data)
    s_connected                              0x2000014a   Data           1  wireless.o(.data)
    s_tx_sequence                            0x2000014b   Data           1  wireless.o(.data)
    s_telemetry_ticks                        0x2000014c   Data           1  wireless.o(.data)
    s_tx_head                                0x2000014d   Data           1  wireless.o(.data)
    s_tx_tail                                0x2000014e   Data           1  wireless.o(.data)
    s_tx_count                               0x2000014f   Data           1  wireless.o(.data)
    s_rx_count                               0x20000150   Data           2  wireless.o(.data)
    s_rx_expected                            0x20000152   Data           2  wireless.o(.data)
    .data                                    0x20000154   Section       92  main_control.o(.data)
    s_bt_state                               0x20000157   Data           1  main_control.o(.data)
    s_bt_icon_on                             0x20000158   Data           1  main_control.o(.data)
    s_bt_pairing_req                         0x20000159   Data           1  main_control.o(.data)
    s_bt_poweroff_req                        0x2000015a   Data           1  main_control.o(.data)
    s_bt_connected_input                     0x2000015b   Data           1  main_control.o(.data)
    s_bt_hw_on                               0x2000015c   Data           1  main_control.o(.data)
    s_display_special                        0x2000015d   Data           1  main_control.o(.data)
    s_last_work_process                      0x2000015e   Data           1  main_control.o(.data)
    s_probe_connected_last                   0x2000015f   Data           1  main_control.o(.data)
    s_probe_absent_ticks_100ms               0x20000160   Data           1  main_control.o(.data)
    s_bt_blink_ticks_100ms                   0x20000162   Data           2  main_control.o(.data)
    s_bt_pairing_ticks_100ms                 0x20000164   Data           2  main_control.o(.data)
    s_display_temp                           0x20000166   Data           2  main_control.o(.data)
    s_idle_ticks_100ms                       0x20000168   Data           4  main_control.o(.data)
    s_config_sequence                        0x2000016c   Data           4  main_control.o(.data)
    s_config_active_page                     0x20000170   Data           4  main_control.o(.data)
    s_temp_coeff                             0x20000174   Data          60  main_control.o(.data)
    .bss                                     0x200001b0   Section      132  adc.o(.bss)
    .bss                                     0x20000234   Section     1584  usart.o(.bss)
    .bss                                     0x20000868   Section       32  stm32f0xx_hal_flash.o(.bss)
    .bss                                     0x20000888   Section      384  taskscheduler.o(.bss)
    .bss                                     0x20000a08   Section      145  c8721.o(.bss)
    .bss                                     0x20000a9c   Section       64  screen_c8721.o(.bss)
    .bss                                     0x20000adc   Section      344  temp.o(.bss)
    s_probe_temp_hist                        0x20000adc   Data          20  temp.o(.bss)
    s_comm_raw_temp                          0x20000af0   Data          60  temp.o(.bss)
    s_battery_adc_history                    0x20000b2c   Data         240  temp.o(.bss)
    .bss                                     0x20000c34   Section      712  wireless.o(.bss)
    s_rx_frame                               0x20000c34   Data         244  wireless.o(.bss)
    s_uart_chunk                             0x20000d28   Data         256  wireless.o(.bss)
    s_tx_queue                               0x20000e28   Data          84  wireless.o(.bss)
    s_pending                                0x20000e7c   Data          72  wireless.o(.bss)
    .bss                                     0x20000efc   Section       30  main_control.o(.bss)
    .bss                                     0x20000f1c   Section       24  ota_update.o(.bss)
    s_ota                                    0x20000f1c   Data          24  ota_update.o(.bss)
    .bss                                     0x20000f34   Section       96  libspace.o(.bss)
    HEAP                                     0x20000f98   Section      512  startup_stm32f030x8.o(HEAP)
    Heap_Mem                                 0x20000f98   Data         512  startup_stm32f030x8.o(HEAP)
    STACK                                    0x20001198   Section     1024  startup_stm32f030x8.o(STACK)
    Stack_Mem                                0x20001198   Data        1024  startup_stm32f030x8.o(STACK)
    __initial_sp                             0x20001598   Data           0  startup_stm32f030x8.o(STACK)

    Global Symbols

    Symbol Name                              Value     Ov Type        Size  Object(Section)

    BuildAttributes$$THM_ISAv3M$S$PE$A:L22$X:L11$S22$IEEE1$IW$USESV6$~STKCKD$USESV7$~SHL$OSPACE$ROPI$EBA8$UX$STANDARDLIB$REQ8$PRES8$EABIv2 0x00000000   Number         0  anon$$obj.o ABSOLUTE
    __ARM_use_no_argv                        0x00000000   Number         0  main.o ABSOLUTE
    __ARM_exceptions_init                     - Undefined Weak Reference
    __alloca_initialize                       - Undefined Weak Reference
    __arm_fini_                               - Undefined Weak Reference
    __arm_preinit_                            - Undefined Weak Reference
    __cpp_initialize__aeabi_                  - Undefined Weak Reference
    __cxa_finalize                            - Undefined Weak Reference
    __rt_locale                               - Undefined Weak Reference
    __sigvec_lookup                           - Undefined Weak Reference
    _atexit_init                              - Undefined Weak Reference
    _call_atexit_fns                          - Undefined Weak Reference
    _clock_init                               - Undefined Weak Reference
    _fp_trap_init                             - Undefined Weak Reference
    _fp_trap_shutdown                         - Undefined Weak Reference
    _get_lc_collate                           - Undefined Weak Reference
    _get_lc_ctype                             - Undefined Weak Reference
    _get_lc_monetary                          - Undefined Weak Reference
    _get_lc_numeric                           - Undefined Weak Reference
    _get_lc_time                              - Undefined Weak Reference
    _getenv_init                              - Undefined Weak Reference
    _handle_redirection                       - Undefined Weak Reference
    _init_alloc                               - Undefined Weak Reference
    _init_user_alloc                          - Undefined Weak Reference
    _initio                                   - Undefined Weak Reference
    _rand_init                                - Undefined Weak Reference
    _signal_finish                            - Undefined Weak Reference
    _signal_init                              - Undefined Weak Reference
    _terminate_alloc                          - Undefined Weak Reference
    _terminate_user_alloc                     - Undefined Weak Reference
    _terminateio                              - Undefined Weak Reference
    __Vectors_Size                           0x000000b4   Number         0  startup_stm32f030x8.o ABSOLUTE
    __Vectors                                0x08001800   Data           4  startup_stm32f030x8.o(RESET)
    __Vectors_End                            0x080018b4   Data           0  startup_stm32f030x8.o(RESET)
    __main                                   0x080018b5   Thumb Code     8  __main.o(!!!main)
    __scatterload                            0x080018bd   Thumb Code     0  __scatter.o(!!!scatter)
    __scatterload_rt2                        0x080018bd   Thumb Code    52  __scatter.o(!!!scatter)
    __scatterload_rt2_thumb_only             0x080018bd   Thumb Code     0  __scatter.o(!!!scatter)
    __scatterload_null                       0x080018cd   Thumb Code     0  __scatter.o(!!!scatter)
    __scatterload_copy                       0x080018f9   Thumb Code    26  __scatter_copy.o(!!handler_copy)
    __scatterload_zeroinit                   0x08001915   Thumb Code    28  __scatter_zi.o(!!handler_zi)
    __rt_lib_init                            0x08001931   Thumb Code     0  libinit.o(.ARM.Collect$$libinit$$00000000)
    __rt_lib_init_alloca_1                   0x08001933   Thumb Code     0  libinit2.o(.ARM.Collect$$libinit$$0000002E)
    __rt_lib_init_argv_1                     0x08001933   Thumb Code     0  libinit2.o(.ARM.Collect$$libinit$$0000002C)
    __rt_lib_init_atexit_1                   0x08001933   Thumb Code     0  libinit2.o(.ARM.Collect$$libinit$$0000001B)
    __rt_lib_init_clock_1                    0x08001933   Thumb Code     0  libinit2.o(.ARM.Collect$$libinit$$00000021)
    __rt_lib_init_cpp_1                      0x08001933   Thumb Code     0  libinit2.o(.ARM.Collect$$libinit$$00000032)
    __rt_lib_init_exceptions_1               0x08001933   Thumb Code     0  libinit2.o(.ARM.Collect$$libinit$$00000030)
    __rt_lib_init_fp_1                       0x08001933   Thumb Code     0  libinit2.o(.ARM.Collect$$libinit$$00000002)
    __rt_lib_init_fp_trap_1                  0x08001933   Thumb Code     0  libinit2.o(.ARM.Collect$$libinit$$0000001F)
    __rt_lib_init_getenv_1                   0x08001933   Thumb Code     0  libinit2.o(.ARM.Collect$$libinit$$00000023)
    __rt_lib_init_heap_1                     0x08001933   Thumb Code     0  libinit2.o(.ARM.Collect$$libinit$$0000000A)
    __rt_lib_init_lc_collate_1               0x08001933   Thumb Code     0  libinit2.o(.ARM.Collect$$libinit$$00000011)
    __rt_lib_init_lc_ctype_1                 0x08001933   Thumb Code     0  libinit2.o(.ARM.Collect$$libinit$$00000013)
    __rt_lib_init_lc_monetary_1              0x08001933   Thumb Code     0  libinit2.o(.ARM.Collect$$libinit$$00000015)
    __rt_lib_init_lc_numeric_1               0x08001933   Thumb Code     0  libinit2.o(.ARM.Collect$$libinit$$00000017)
    __rt_lib_init_lc_time_1                  0x08001933   Thumb Code     0  libinit2.o(.ARM.Collect$$libinit$$00000019)
    __rt_lib_init_preinit_1                  0x08001933   Thumb Code     0  libinit2.o(.ARM.Collect$$libinit$$00000004)
    __rt_lib_init_rand_1                     0x08001933   Thumb Code     0  libinit2.o(.ARM.Collect$$libinit$$0000000E)
    __rt_lib_init_return                     0x08001933   Thumb Code     0  libinit2.o(.ARM.Collect$$libinit$$00000033)
    __rt_lib_init_signal_1                   0x08001933   Thumb Code     0  libinit2.o(.ARM.Collect$$libinit$$0000001D)
    __rt_lib_init_stdio_1                    0x08001933   Thumb Code     0  libinit2.o(.ARM.Collect$$libinit$$00000025)
    __rt_lib_init_user_alloc_1               0x08001933   Thumb Code     0  libinit2.o(.ARM.Collect$$libinit$$0000000C)
    __rt_lib_shutdown                        0x08001935   Thumb Code     0  libshutdown.o(.ARM.Collect$$libshutdown$$00000000)
    __rt_lib_shutdown_cpp_1                  0x08001937   Thumb Code     0  libshutdown2.o(.ARM.Collect$$libshutdown$$00000004)
    __rt_lib_shutdown_fini_1                 0x08001937   Thumb Code     0  libshutdown2.o(.ARM.Collect$$libshutdown$$00000002)
    __rt_lib_shutdown_fp_trap_1              0x08001937   Thumb Code     0  libshutdown2.o(.ARM.Collect$$libshutdown$$00000009)
    __rt_lib_shutdown_heap_1                 0x08001937   Thumb Code     0  libshutdown2.o(.ARM.Collect$$libshutdown$$00000011)
    __rt_lib_shutdown_return                 0x08001937   Thumb Code     0  libshutdown2.o(.ARM.Collect$$libshutdown$$00000012)
    __rt_lib_shutdown_signal_1               0x08001937   Thumb Code     0  libshutdown2.o(.ARM.Collect$$libshutdown$$0000000C)
    __rt_lib_shutdown_stdio_1                0x08001937   Thumb Code     0  libshutdown2.o(.ARM.Collect$$libshutdown$$00000006)
    __rt_lib_shutdown_user_alloc_1           0x08001937   Thumb Code     0  libshutdown2.o(.ARM.Collect$$libshutdown$$0000000E)
    __rt_entry                               0x08001939   Thumb Code     0  __rtentry.o(.ARM.Collect$$rtentry$$00000000)
    __rt_entry_presh_1                       0x08001939   Thumb Code     0  __rtentry2.o(.ARM.Collect$$rtentry$$00000002)
    __rt_entry_sh                            0x08001939   Thumb Code     0  __rtentry4.o(.ARM.Collect$$rtentry$$00000004)
    __rt_entry_li                            0x0800193f   Thumb Code     0  __rtentry2.o(.ARM.Collect$$rtentry$$0000000A)
    __rt_entry_postsh_1                      0x0800193f   Thumb Code     0  __rtentry2.o(.ARM.Collect$$rtentry$$00000009)
    __rt_entry_main                          0x08001943   Thumb Code     0  __rtentry2.o(.ARM.Collect$$rtentry$$0000000D)
    __rt_entry_postli_1                      0x08001943   Thumb Code     0  __rtentry2.o(.ARM.Collect$$rtentry$$0000000C)
    __rt_exit                                0x0800194b   Thumb Code     0  rtexit.o(.ARM.Collect$$rtexit$$00000000)
    __rt_exit_ls                             0x0800194d   Thumb Code     0  rtexit2.o(.ARM.Collect$$rtexit$$00000003)
    __rt_exit_prels_1                        0x0800194d   Thumb Code     0  rtexit2.o(.ARM.Collect$$rtexit$$00000002)
    __rt_exit_exit                           0x08001951   Thumb Code     0  rtexit2.o(.ARM.Collect$$rtexit$$00000004)
    __aeabi_memcpy4                          0x08001959   Thumb Code    56  rt_memcpy.o(.emb_text)
    __aeabi_memcpy8                          0x08001959   Thumb Code     0  rt_memcpy.o(.emb_text)
    Reset_Handler                            0x08001991   Thumb Code     8  startup_stm32f030x8.o(.text)
    EXTI0_1_IRQHandler                       0x080019a3   Thumb Code     0  startup_stm32f030x8.o(.text)
    EXTI2_3_IRQHandler                       0x080019a3   Thumb Code     0  startup_stm32f030x8.o(.text)
    EXTI4_15_IRQHandler                      0x080019a3   Thumb Code     0  startup_stm32f030x8.o(.text)
    FLASH_IRQHandler                         0x080019a3   Thumb Code     0  startup_stm32f030x8.o(.text)
    I2C1_IRQHandler                          0x080019a3   Thumb Code     0  startup_stm32f030x8.o(.text)
    I2C2_IRQHandler                          0x080019a3   Thumb Code     0  startup_stm32f030x8.o(.text)
    RCC_IRQHandler                           0x080019a3   Thumb Code     0  startup_stm32f030x8.o(.text)
    RTC_IRQHandler                           0x080019a3   Thumb Code     0  startup_stm32f030x8.o(.text)
    SPI1_IRQHandler                          0x080019a3   Thumb Code     0  startup_stm32f030x8.o(.text)
    SPI2_IRQHandler                          0x080019a3   Thumb Code     0  startup_stm32f030x8.o(.text)
    TIM14_IRQHandler                         0x080019a3   Thumb Code     0  startup_stm32f030x8.o(.text)
    TIM15_IRQHandler                         0x080019a3   Thumb Code     0  startup_stm32f030x8.o(.text)
    TIM16_IRQHandler                         0x080019a3   Thumb Code     0  startup_stm32f030x8.o(.text)
    TIM17_IRQHandler                         0x080019a3   Thumb Code     0  startup_stm32f030x8.o(.text)
    TIM1_BRK_UP_TRG_COM_IRQHandler           0x080019a3   Thumb Code     0  startup_stm32f030x8.o(.text)
    TIM1_CC_IRQHandler                       0x080019a3   Thumb Code     0  startup_stm32f030x8.o(.text)
    TIM3_IRQHandler                          0x080019a3   Thumb Code     0  startup_stm32f030x8.o(.text)
    TIM6_IRQHandler                          0x080019a3   Thumb Code     0  startup_stm32f030x8.o(.text)
    WWDG_IRQHandler                          0x080019a3   Thumb Code     0  startup_stm32f030x8.o(.text)
    __user_initial_stackheap                 0x080019a5   Thumb Code     0  startup_stm32f030x8.o(.text)
    __aeabi_llsr                             0x080019c9   Thumb Code    34  llushr.o(.text)
    _ll_ushift_r                             0x080019c9   Thumb Code     0  llushr.o(.text)
    __aeabi_uldivmod                         0x080019eb   Thumb Code   258  lludiv.o(.text)
    _ll_udiv                                 0x080019eb   Thumb Code     0  lludiv.o(.text)
    memcmp                                   0x08001aed   Thumb Code    90  memcmp.o(.text)
    __aeabi_memcpy                           0x08001b47   Thumb Code   130  rt_memcpy.o(.text)
    __rt_memcpy                              0x08001b47   Thumb Code     0  rt_memcpy.o(.text)
    __aeabi_memmove4                         0x08001bc9   Thumb Code    70  rt_memmove.o(.text)
    __aeabi_memmove8                         0x08001bc9   Thumb Code     0  rt_memmove.o(.text)
    __aeabi_memmove                          0x08001c0f   Thumb Code    80  rt_memmove.o(.text)
    __rt_memmove                             0x08001c0f   Thumb Code     0  rt_memmove.o(.text)
    __aeabi_memset                           0x08001c5f   Thumb Code    18  aeabi_memset.o(.text)
    _memset_w                                0x08001c71   Thumb Code    26  rt_memclr.o(.text)
    _memset                                  0x08001c8b   Thumb Code    30  rt_memclr.o(.text)
    __aeabi_memclr                           0x08001ca9   Thumb Code     4  rt_memclr.o(.text)
    __rt_memclr                              0x08001ca9   Thumb Code     0  rt_memclr.o(.text)
    __aeabi_memclr4                          0x08001cad   Thumb Code     0  rt_memclr.o(.text)
    __aeabi_memclr8                          0x08001cad   Thumb Code     0  rt_memclr.o(.text)
    __rt_memclr_w                            0x08001cad   Thumb Code     4  rt_memclr.o(.text)
    __aeabi_uidiv                            0x08001cb1   Thumb Code     0  aeabi_sdiv.o(.text)
    __aeabi_uidivmod                         0x08001cb1   Thumb Code    20  aeabi_sdiv.o(.text)
    __aeabi_idiv                             0x08001cc5   Thumb Code     0  aeabi_sdiv.o(.text)
    __aeabi_idivmod                          0x08001cc5   Thumb Code   326  aeabi_sdiv.o(.text)
    __use_two_region_memory                  0x08001e0b   Thumb Code     2  heapauxi.o(.text)
    __rt_heap_escrow$2region                 0x08001e0d   Thumb Code     2  heapauxi.o(.text)
    __rt_heap_expand$2region                 0x08001e0f   Thumb Code     2  heapauxi.o(.text)
    __aeabi_fdiv                             0x08001e11   Thumb Code     0  fdiv.o(.text)
    _fdiv                                    0x08001e11   Thumb Code   334  fdiv.o(.text)
    _frdiv                                   0x08001f5f   Thumb Code     8  fdiv.o(.text)
    __aeabi_f2iz                             0x08001f71   Thumb Code     0  ffixi.o(.text)
    _ffix                                    0x08001f71   Thumb Code    76  ffixi.o(.text)
    __aeabi_i2f_normalise                    0x08001fbd   Thumb Code    72  fflti.o(.text)
    __aeabi_i2f                              0x08002005   Thumb Code    16  fflti.o(.text)
    _fflt                                    0x08002005   Thumb Code     0  fflti.o(.text)
    __aeabi_ui2f                             0x08002015   Thumb Code     6  fflti.o(.text)
    _ffltu                                   0x08002015   Thumb Code     0  fflti.o(.text)
    __user_setup_stackheap                   0x0800201b   Thumb Code    62  sys_stackheap_outer.o(.text)
    exit                                     0x08002059   Thumb Code    16  exit.o(.text)
    __user_libspace                          0x08002069   Thumb Code     8  libspace.o(.text)
    __user_perproc_libspace                  0x08002069   Thumb Code     0  libspace.o(.text)
    __user_perthread_libspace                0x08002069   Thumb Code     0  libspace.o(.text)
    _sys_exit                                0x08002071   Thumb Code     8  sys_exit.o(.text)
    __I$use$semihosting                      0x0800207d   Thumb Code     0  use_no_semi.o(.text)
    __use_no_semihosting_swi                 0x0800207d   Thumb Code     2  use_no_semi.o(.text)
    __semihosting_library_function           0x0800207f   Thumb Code     0  indicate_semi.o(.text)
    ADC1_IRQHandler                          0x08002081   Thumb Code    10  stm32f0xx_it.o(i.ADC1_IRQHandler)
    Add_Temp                                 0x080021c1   Thumb Code    40  temp.o(i.Add_Temp)
    Average_Temp                             0x08002365   Thumb Code    44  temp.o(i.Average_Temp)
    CF_ConfigCommand                         0x08002525   Thumb Code    46  c8721.o(i.CF_ConfigCommand)
    CF_DisplayBufAutomatic                   0x08002559   Thumb Code    74  c8721.o(i.CF_DisplayBufAutomatic)
    CF_DisplayClearBuf                       0x080025a9   Thumb Code    30  c8721.o(i.CF_DisplayClearBuf)
    CF_DisplaySegment                        0x080025cd   Thumb Code   272  c8721.o(i.CF_DisplaySegment)
    CF_Init                                  0x080026e5   Thumb Code    36  c8721.o(i.CF_Init)
    CF_TimeDlyUs                             0x08002859   Thumb Code    14  c8721.o(i.CF_TimeDlyUs)
    COM_TakeRx                               0x08002867   Thumb Code    78  usart.o(i.COM_TakeRx)
    DMA1_Channel1_IRQHandler                 0x08002ad9   Thumb Code    16  stm32f0xx_it.o(i.DMA1_Channel1_IRQHandler)
    DMA1_Channel2_3_IRQHandler               0x08002af1   Thumb Code    16  stm32f0xx_it.o(i.DMA1_Channel2_3_IRQHandler)
    DMA1_Channel4_5_IRQHandler               0x08002b09   Thumb Code    16  stm32f0xx_it.o(i.DMA1_Channel4_5_IRQHandler)
    DisplayTask                              0x08002b6d   Thumb Code   250  screen_c8721.o(i.DisplayTask)
    Error_Handler                            0x08002cb5   Thumb Code    10  main.o(i.Error_Handler)
    FLASH_PageErase                          0x08002ced   Thumb Code    28  stm32f0xx_hal_flash_ex.o(i.FLASH_PageErase)
    FLASH_WaitForLastOperation               0x08002d69   Thumb Code    76  stm32f0xx_hal_flash.o(i.FLASH_WaitForLastOperation)
    Get_Filter_ADC12bitResult                0x08002e4d   Thumb Code   140  temp.o(i.Get_Filter_ADC12bitResult)
    HAL_ADCEx_Calibration_Start              0x08002ee9   Thumb Code   184  stm32f0xx_hal_adc_ex.o(i.HAL_ADCEx_Calibration_Start)
    HAL_ADC_ConfigChannel                    0x08002fa1   Thumb Code   254  stm32f0xx_hal_adc.o(i.HAL_ADC_ConfigChannel)
    HAL_ADC_ConvCpltCallback                 0x080030b1   Thumb Code    16  temp.o(i.HAL_ADC_ConvCpltCallback)
    HAL_ADC_ConvHalfCpltCallback             0x080030c9   Thumb Code     2  stm32f0xx_hal_adc.o(i.HAL_ADC_ConvHalfCpltCallback)
    HAL_ADC_ErrorCallback                    0x080030cb   Thumb Code     2  stm32f0xx_hal_adc.o(i.HAL_ADC_ErrorCallback)
    HAL_ADC_IRQHandler                       0x080030cd   Thumb Code   194  stm32f0xx_hal_adc.o(i.HAL_ADC_IRQHandler)
    HAL_ADC_Init                             0x08003191   Thumb Code   366  stm32f0xx_hal_adc.o(i.HAL_ADC_Init)
    HAL_ADC_LevelOutOfWindowCallback         0x08003309   Thumb Code     2  stm32f0xx_hal_adc.o(i.HAL_ADC_LevelOutOfWindowCallback)
    HAL_ADC_MspInit                          0x0800330d   Thumb Code   138  adc.o(i.HAL_ADC_MspInit)
    HAL_ADC_Start_DMA                        0x080033a9   Thumb Code   144  stm32f0xx_hal_adc.o(i.HAL_ADC_Start_DMA)
    HAL_DMA_Abort                            0x08003449   Thumb Code    64  stm32f0xx_hal_dma.o(i.HAL_DMA_Abort)
    HAL_DMA_Abort_IT                         0x08003489   Thumb Code    72  stm32f0xx_hal_dma.o(i.HAL_DMA_Abort_IT)
    HAL_DMA_GetError                         0x080034d1   Thumb Code     4  stm32f0xx_hal_dma.o(i.HAL_DMA_GetError)
    HAL_DMA_IRQHandler                       0x080034d5   Thumb Code   156  stm32f0xx_hal_dma.o(i.HAL_DMA_IRQHandler)
    HAL_DMA_Init                             0x08003571   Thumb Code    74  stm32f0xx_hal_dma.o(i.HAL_DMA_Init)
    HAL_DMA_Start_IT                         0x080035c1   Thumb Code   106  stm32f0xx_hal_dma.o(i.HAL_DMA_Start_IT)
    HAL_Delay                                0x0800362d   Thumb Code    32  stm32f0xx_hal.o(i.HAL_Delay)
    HAL_FLASHEx_Erase                        0x08003651   Thumb Code   148  stm32f0xx_hal_flash_ex.o(i.HAL_FLASHEx_Erase)
    HAL_FLASH_Lock                           0x080036f1   Thumb Code    14  stm32f0xx_hal_flash.o(i.HAL_FLASH_Lock)
    HAL_FLASH_Program                        0x08003705   Thumb Code   112  stm32f0xx_hal_flash.o(i.HAL_FLASH_Program)
    HAL_FLASH_Unlock                         0x08003781   Thumb Code    28  stm32f0xx_hal_flash.o(i.HAL_FLASH_Unlock)
    HAL_GPIO_Init                            0x080037a9   Thumb Code   316  stm32f0xx_hal_gpio.o(i.HAL_GPIO_Init)
    HAL_GPIO_ReadPin                         0x080038fd   Thumb Code    10  stm32f0xx_hal_gpio.o(i.HAL_GPIO_ReadPin)
    HAL_GPIO_TogglePin                       0x08003907   Thumb Code    16  stm32f0xx_hal_gpio.o(i.HAL_GPIO_TogglePin)
    HAL_GPIO_WritePin                        0x08003917   Thumb Code    12  stm32f0xx_hal_gpio.o(i.HAL_GPIO_WritePin)
    HAL_GetTick                              0x08003925   Thumb Code     6  stm32f0xx_hal.o(i.HAL_GetTick)
    HAL_IncTick                              0x08003931   Thumb Code    12  stm32f0xx_hal.o(i.HAL_IncTick)
    HAL_Init                                 0x08003941   Thumb Code    26  stm32f0xx_hal.o(i.HAL_Init)
    HAL_InitTick                             0x08003961   Thumb Code    58  stm32f0xx_hal.o(i.HAL_InitTick)
    HAL_MspInit                              0x080039a5   Thumb Code    34  stm32f0xx_hal_msp.o(i.HAL_MspInit)
    HAL_NVIC_EnableIRQ                       0x080039cd   Thumb Code    18  stm32f0xx_hal_cortex.o(i.HAL_NVIC_EnableIRQ)
    HAL_NVIC_SetPriority                     0x080039e5   Thumb Code     8  stm32f0xx_hal_cortex.o(i.HAL_NVIC_SetPriority)
    HAL_RCC_GetPCLK1Freq                     0x080039ed   Thumb Code    20  stm32f0xx_hal_rcc.o(i.HAL_RCC_GetPCLK1Freq)
    HAL_RCC_GetSysClockFreq                  0x08003a0d   Thumb Code    68  stm32f0xx_hal_rcc.o(i.HAL_RCC_GetSysClockFreq)
    HAL_SYSTICK_Config                       0x08003a61   Thumb Code    38  stm32f0xx_hal_cortex.o(i.HAL_SYSTICK_Config)
    HAL_UARTEx_RxEventCallback               0x08003a91   Thumb Code     2  stm32f0xx_hal_uart.o(i.HAL_UARTEx_RxEventCallback)
    HAL_UART_DMAStop                         0x08003a93   Thumb Code   154  stm32f0xx_hal_uart.o(i.HAL_UART_DMAStop)
    HAL_UART_ErrorCallback                   0x08003b2d   Thumb Code     2  stm32f0xx_hal_uart.o(i.HAL_UART_ErrorCallback)
    HAL_UART_IRQHandler                      0x08003b31   Thumb Code   648  stm32f0xx_hal_uart.o(i.HAL_UART_IRQHandler)
    HAL_UART_Init                            0x08003dc5   Thumb Code   106  stm32f0xx_hal_uart.o(i.HAL_UART_Init)
    HAL_UART_MspInit                         0x08003e31   Thumb Code   344  usart.o(i.HAL_UART_MspInit)
    HAL_UART_Receive_DMA                     0x08003f9d   Thumb Code    88  stm32f0xx_hal_uart.o(i.HAL_UART_Receive_DMA)
    HAL_UART_RxCpltCallback                  0x08003ff5   Thumb Code     2  usart.o(i.HAL_UART_RxCpltCallback)
    HAL_UART_RxHalfCpltCallback              0x08003ff7   Thumb Code     2  stm32f0xx_hal_uart.o(i.HAL_UART_RxHalfCpltCallback)
    HAL_UART_Transmit                        0x08003ff9   Thumb Code   192  stm32f0xx_hal_uart.o(i.HAL_UART_Transmit)
    HAL_UART_Transmit_DMA                    0x080040b9   Thumb Code   160  stm32f0xx_hal_uart.o(i.HAL_UART_Transmit_DMA)
    HAL_UART_TxCpltCallback                  0x08004165   Thumb Code    16  usart.o(i.HAL_UART_TxCpltCallback)
    HAL_UART_TxHalfCpltCallback              0x0800417d   Thumb Code     2  stm32f0xx_hal_uart.o(i.HAL_UART_TxHalfCpltCallback)
    HardFault_Handler                        0x080045c1   Thumb Code     2  stm32f0xx_it.o(i.HardFault_Handler)
    Key0_long_press                          0x08004669   Thumb Code    14  key.o(i.Key0_long_press)
    Key0_short_press                         0x0800467d   Thumb Code    46  key.o(i.Key0_short_press)
    Key0_very_long_press                     0x080046b1   Thumb Code     8  key.o(i.Key0_very_long_press)
    Key1_long_press                          0x080046b9   Thumb Code    24  key.o(i.Key1_long_press)
    Key1_short_press                         0x080046d5   Thumb Code    66  key.o(i.Key1_short_press)
    Key1_very_long_press                     0x08004721   Thumb Code    32  key.o(i.Key1_very_long_press)
    KeyRespose                               0x08004745   Thumb Code    80  key.o(i.KeyRespose)
    Key_Scan                                 0x08004799   Thumb Code   248  key.o(i.Key_Scan)
    MX_ADC_Init                              0x0800489d   Thumb Code   114  adc.o(i.MX_ADC_Init)
    MX_DMA_Init                              0x08004919   Thumb Code    68  dma.o(i.MX_DMA_Init)
    MX_GPIO_Init                             0x08004961   Thumb Code   200  gpio.o(i.MX_GPIO_Init)
    MX_USART1_UART_Init                      0x08004a39   Thumb Code    48  usart.o(i.MX_USART1_UART_Init)
    MX_USART2_UART_Init                      0x08004a71   Thumb Code    48  usart.o(i.MX_USART2_UART_Init)
    MainControl                              0x08004aa9   Thumb Code   248  main_control.o(i.MainControl)
    Mathis_Crc16                             0x08004be1   Thumb Code    52  wireless.o(i.Mathis_Crc16)
    NMI_Handler                              0x08004c1d   Thumb Code     2  stm32f0xx_it.o(i.NMI_Handler)
    OtaBoot_CanStartUpdate                   0x08004c21   Thumb Code    26  ota_boot.o(i.OtaBoot_CanStartUpdate)
    OtaBoot_ConfirmRunningImage              0x08004c49   Thumb Code    70  ota_boot.o(i.OtaBoot_ConfirmRunningImage)
    OtaBoot_IsTrial                          0x08004c9d   Thumb Code    48  ota_boot.o(i.OtaBoot_IsTrial)
    OtaUpdate_HandleDisconnect               0x08004ce1   Thumb Code    16  ota_update.o(i.OtaUpdate_HandleDisconnect)
    OtaUpdate_HandleFrame                    0x08004cf5   Thumb Code    82  ota_update.o(i.OtaUpdate_HandleFrame)
    OtaUpdate_Init                           0x08004d49   Thumb Code    12  ota_update.o(i.OtaUpdate_Init)
    OtaUpdate_IsActive                       0x08004d59   Thumb Code    12  ota_update.o(i.OtaUpdate_IsActive)
    OtaUpdate_Task20ms                       0x08004d69   Thumb Code    82  ota_update.o(i.OtaUpdate_Task20ms)
    PT1000_CalculateTemperature              0x08004dcd   Thumb Code   150  temp.o(i.PT1000_CalculateTemperature)
    PendSV_Handler                           0x08004e7d   Thumb Code     2  stm32f0xx_it.o(i.PendSV_Handler)
    SCH_Add_Task                             0x080050d5   Thumb Code    60  taskscheduler.o(i.SCH_Add_Task)
    SCH_Delete_Task                          0x08005119   Thumb Code    40  taskscheduler.o(i.SCH_Delete_Task)
    SCH_Dispatch_Tasks                       0x08005149   Thumb Code    56  taskscheduler.o(i.SCH_Dispatch_Tasks)
    SCH_Report_Status                        0x08005185   Thumb Code    48  taskscheduler.o(i.SCH_Report_Status)
    SCH_Update                               0x080051bd   Thumb Code    52  taskscheduler.o(i.SCH_Update)
    SCL_Write                                0x080051f5   Thumb Code    26  screen_c8721.o(i.SCL_Write)
    SDA_Write                                0x08005215   Thumb Code    26  screen_c8721.o(i.SDA_Write)
    SVC_Handler                              0x08005235   Thumb Code     2  stm32f0xx_it.o(i.SVC_Handler)
    Screen_C8721_Init                        0x08005237   Thumb Code    16  screen_c8721.o(i.Screen_C8721_Init)
    SysDataInit                              0x08005491   Thumb Code    94  main_control.o(i.SysDataInit)
    SysTick_Handler                          0x08005505   Thumb Code    12  stm32f0xx_it.o(i.SysTick_Handler)
    SystemClock_Config                       0x08005511   Thumb Code   236  main.o(i.SystemClock_Config)
    SystemInit                               0x08005611   Thumb Code    38  system_stm32f0xx.o(i.SystemInit)
    TempGetTask                              0x08005669   Thumb Code   794  temp.o(i.TempGetTask)
    Temp_Get                                 0x080059a5   Thumb Code    90  temp.o(i.Temp_Get)
    Temp_Get_Init                            0x08005a15   Thumb Code     8  temp.o(i.Temp_Get_Init)
    Temp_Handle                              0x08005a1d   Thumb Code    56  temp.o(i.Temp_Handle)
    UART_AdvFeatureConfig                    0x08005a59   Thumb Code   202  stm32f0xx_hal_uart.o(i.UART_AdvFeatureConfig)
    UART_CheckIdleState                      0x08005b25   Thumb Code   190  stm32f0xx_hal_uart.o(i.UART_CheckIdleState)
    UART_SetConfig                           0x08005dd1   Thumb Code   284  stm32f0xx_hal_uart.o(i.UART_SetConfig)
    UART_Start_Receive_DMA                   0x08005f05   Thumb Code   162  stm32f0xx_hal_uart.o(i.UART_Start_Receive_DMA)
    UART_WaitOnFlagUntilTimeout              0x08005fb5   Thumb Code   152  stm32f0xx_hal_uart.o(i.UART_WaitOnFlagUntilTimeout)
    UI_CycleDisplayMode                      0x0800604d   Thumb Code    42  main_control.o(i.UI_CycleDisplayMode)
    UI_FactoryReset                          0x08006081   Thumb Code    20  main_control.o(i.UI_FactoryReset)
    UI_GetBluetoothIconState                 0x0800609d   Thumb Code     6  main_control.o(i.UI_GetBluetoothIconState)
    UI_GetBluetoothState                     0x080060a9   Thumb Code     6  main_control.o(i.UI_GetBluetoothState)
    UI_GetDisplaySpecial                     0x080060b5   Thumb Code     6  main_control.o(i.UI_GetDisplaySpecial)
    UI_GetDisplayTemp                        0x080060c1   Thumb Code     8  main_control.o(i.UI_GetDisplayTemp)
    UI_GetTelemetrySnapshot                  0x080060cd   Thumb Code   230  main_control.o(i.UI_GetTelemetrySnapshot)
    UI_IsProbeConnected                      0x080061d5   Thumb Code     6  main_control.o(i.UI_IsProbeConnected)
    UI_NotifyLocalInteraction                0x080061e1   Thumb Code     8  main_control.o(i.UI_NotifyLocalInteraction)
    UI_RequestBluetoothPairing               0x080061ed   Thumb Code    14  main_control.o(i.UI_RequestBluetoothPairing)
    UI_RequestBluetoothPowerOff              0x08006201   Thumb Code    14  main_control.o(i.UI_RequestBluetoothPowerOff)
    UI_RequestBluetoothToggle                0x08006215   Thumb Code    28  main_control.o(i.UI_RequestBluetoothToggle)
    UI_SetBluetoothConnectionState           0x08006235   Thumb Code    26  main_control.o(i.UI_SetBluetoothConnectionState)
    UI_SetTempCoeff                          0x08006255   Thumb Code    74  main_control.o(i.UI_SetTempCoeff)
    UI_SetUnits                              0x080062a5   Thumb Code    44  main_control.o(i.UI_SetUnits)
    USART1_IRQHandler                        0x080062d5   Thumb Code    20  stm32f0xx_it.o(i.USART1_IRQHandler)
    USART2_IRQHandler                        0x080062f5   Thumb Code    20  stm32f0xx_it.o(i.USART2_IRQHandler)
    WirelessTask                             0x080064cd   Thumb Code   196  wireless.o(i.WirelessTask)
    Wireless_DiscardQueuedFrames             0x080065a5   Thumb Code    12  wireless.o(i.Wireless_DiscardQueuedFrames)
    Wireless_Init                            0x080065b5   Thumb Code    46  wireless.o(i.Wireless_Init)
    Wireless_ProtocolTxIdle                  0x080065f1   Thumb Code    24  wireless.o(i.Wireless_ProtocolTxIdle)
    Wireless_QueueProtocolFrame              0x08006611   Thumb Code    96  wireless.o(i.Wireless_QueueProtocolFrame)
    __ARM_common_ll_muluu                    0x08006745   Thumb Code    48  stm32f0xx_hal_rcc.o(i.__ARM_common_ll_muluu)
    __ARM_common_switch8                     0x08006775   Thumb Code    26  stm32f0xx_hal_dma.o(i.__ARM_common_switch8)
    _usart_callback                          0x080067d5   Thumb Code   100  usart.o(i._usart_callback)
    channel_env_init                         0x08006839   Thumb Code    42  temp.o(i.channel_env_init)
    com_init                                 0x08006871   Thumb Code    52  usart.o(i.com_init)
    main                                     0x080069ad   Thumb Code   188  main.o(i.main)
    uart_dma_poll_check                      0x08006bcd   Thumb Code    70  usart.o(i.uart_dma_poll_check)
    __aeabi_fadd                             0x08006cb9   Thumb Code     0  faddsub.o(x$fpl$fadd)
    _fadd                                    0x08006cb9   Thumb Code   134  faddsub.o(x$fpl$fadd)
    __aeabi_fmul                             0x08006d45   Thumb Code     0  fmul.o(x$fpl$fmul)
    _fmul                                    0x08006d45   Thumb Code   172  fmul.o(x$fpl$fmul)
    __aeabi_fsub                             0x08006df5   Thumb Code     0  faddsub.o(x$fpl$fsub)
    _fsub                                    0x08006df5   Thumb Code   204  faddsub.o(x$fpl$fsub)
    __I$use$fp                               0x08006ec4   Number         0  usenofp.o(x$fpl$usenofp)
    APBPrescTable                            0x08006ee4   Data           8  system_stm32f0xx.o(.constdata)
    DigitalTubeDisplayTable                  0x08006eec   Data          16  screen_c8721.o(.constdata)
    Region$$Table$$Base                      0x08007060   Number         0  anon$$obj.o(Region$$Table)
    Region$$Table$$Limit                     0x08007080   Number         0  anon$$obj.o(Region$$Table)
    adc_value                                0x200000c0   Data           4  adc.o(.data)
    usart2_tx_busy                           0x200000c4   Data           1  usart.o(.data)
    uwTickFreq                               0x200000c8   Data           1  stm32f0xx_hal.o(.data)
    uwTickPrio                               0x200000cc   Data           4  stm32f0xx_hal.o(.data)
    uwTick                                   0x200000d0   Data           4  stm32f0xx_hal.o(.data)
    SystemCoreClock                          0x200000d4   Data           4  system_stm32f0xx.o(.data)
    Error_Code_G                             0x200000d8   Data           1  taskscheduler.o(.data)
    tCmdSetting                              0x200000e0   Data           4  c8721.o(.data)
    KeyState                                 0x200000fc   Data           2  key.o(.data)
    DisplayMode                              0x20000102   Data           1  screen_c8721.o(.data)
    displaystep                              0x20000103   Data           1  screen_c8721.o(.data)
    ADC_Start_DMA_OVER                       0x20000104   Data           1  temp.o(.data)
    g_battery_low                            0x20000105   Data           1  temp.o(.data)
    g_battery_mv                             0x20000118   Data           2  temp.o(.data)
    g_probe_connected                        0x20000154   Data           1  main_control.o(.data)
    g_probe_over_hi                          0x20000155   Data           1  main_control.o(.data)
    g_probe_over_lo                          0x20000156   Data           1  main_control.o(.data)
    work_process                             0x20000161   Data           1  main_control.o(.data)
    hadc                                     0x200001b0   Data          64  adc.o(.bss)
    hdma_adc                                 0x200001f0   Data          68  adc.o(.bss)
    huart1                                   0x20000234   Data         136  usart.o(.bss)
    huart2                                   0x200002bc   Data         136  usart.o(.bss)
    hdma_usart1_tx                           0x20000344   Data          68  usart.o(.bss)
    hdma_usart1_rx                           0x20000388   Data          68  usart.o(.bss)
    hdma_usart2_rx                           0x200003cc   Data          68  usart.o(.bss)
    hdma_usart2_tx                           0x20000410   Data          68  usart.o(.bss)
    COM1                                     0x20000454   Data         520  usart.o(.bss)
    COM2                                     0x2000065c   Data         520  usart.o(.bss)
    pFlash                                   0x20000868   Data          32  stm32f0xx_hal_flash.o(.bss)
    SCH_tasks_G                              0x20000888   Data         384  taskscheduler.o(.bss)
    tCmdConfig                               0x20000a08   Data          17  c8721.o(.bss)
    CF_DisplayBuf                            0x20000a19   Data         128  c8721.o(.bss)
    Screen_Data                              0x20000a9c   Data          64  screen_c8721.o(.bss)
    ch_env                                   0x20000c1c   Data          24  temp.o(.bss)
    g_mathis_ble_debug                       0x20000ec4   Data          56  wireless.o(.bss)
    system_data                              0x20000efc   Data          30  main_control.o(.bss)
    __libspace_start                         0x20000f34   Data          96  libspace.o(.bss)
    __temporary_stack_top$libspace           0x20000f94   Data           0  libspace.o(.bss)



==============================================================================

Memory Map of the image

  Image Entry point : 0x080018b5

  Load Region LR_IROM1 (Base: 0x08001800, Size: 0x00005970, Max: 0x00006a80, ABSOLUTE)

    Execution Region ER_IROM1 (Exec base: 0x08001800, Load base: 0x08001800, Size: 0x00005880, Max: 0x00006a80, ABSOLUTE)

    Exec Addr    Load Addr    Size         Type   Attr      Idx    E Section Name        Object

    0x08001800   0x08001800   0x000000b4   Data   RO            3    RESET               startup_stm32f030x8.o
    0x080018b4   0x080018b4   0x00000008   Code   RO         4758  * !!!main             c_p.l(__main.o)
    0x080018bc   0x080018bc   0x0000003c   Code   RO         4949    !!!scatter          c_p.l(__scatter.o)
    0x080018f8   0x080018f8   0x0000001a   Code   RO         4951    !!handler_copy      c_p.l(__scatter_copy.o)
    0x08001912   0x08001912   0x00000002   PAD
    0x08001914   0x08001914   0x0000001c   Code   RO         4953    !!handler_zi        c_p.l(__scatter_zi.o)
    0x08001930   0x08001930   0x00000002   Code   RO         4816    .ARM.Collect$$libinit$$00000000  c_p.l(libinit.o)
    0x08001932   0x08001932   0x00000000   Code   RO         4830    .ARM.Collect$$libinit$$00000002  c_p.l(libinit2.o)
    0x08001932   0x08001932   0x00000000   Code   RO         4832    .ARM.Collect$$libinit$$00000004  c_p.l(libinit2.o)
    0x08001932   0x08001932   0x00000000   Code   RO         4835    .ARM.Collect$$libinit$$0000000A  c_p.l(libinit2.o)
    0x08001932   0x08001932   0x00000000   Code   RO         4837    .ARM.Collect$$libinit$$0000000C  c_p.l(libinit2.o)
    0x08001932   0x08001932   0x00000000   Code   RO         4839    .ARM.Collect$$libinit$$0000000E  c_p.l(libinit2.o)
    0x08001932   0x08001932   0x00000000   Code   RO         4842    .ARM.Collect$$libinit$$00000011  c_p.l(libinit2.o)
    0x08001932   0x08001932   0x00000000   Code   RO         4844    .ARM.Collect$$libinit$$00000013  c_p.l(libinit2.o)
    0x08001932   0x08001932   0x00000000   Code   RO         4846    .ARM.Collect$$libinit$$00000015  c_p.l(libinit2.o)
    0x08001932   0x08001932   0x00000000   Code   RO         4848    .ARM.Collect$$libinit$$00000017  c_p.l(libinit2.o)
    0x08001932   0x08001932   0x00000000   Code   RO         4850    .ARM.Collect$$libinit$$00000019  c_p.l(libinit2.o)
    0x08001932   0x08001932   0x00000000   Code   RO         4852    .ARM.Collect$$libinit$$0000001B  c_p.l(libinit2.o)
    0x08001932   0x08001932   0x00000000   Code   RO         4854    .ARM.Collect$$libinit$$0000001D  c_p.l(libinit2.o)
    0x08001932   0x08001932   0x00000000   Code   RO         4856    .ARM.Collect$$libinit$$0000001F  c_p.l(libinit2.o)
    0x08001932   0x08001932   0x00000000   Code   RO         4858    .ARM.Collect$$libinit$$00000021  c_p.l(libinit2.o)
    0x08001932   0x08001932   0x00000000   Code   RO         4860    .ARM.Collect$$libinit$$00000023  c_p.l(libinit2.o)
    0x08001932   0x08001932   0x00000000   Code   RO         4862    .ARM.Collect$$libinit$$00000025  c_p.l(libinit2.o)
    0x08001932   0x08001932   0x00000000   Code   RO         4866    .ARM.Collect$$libinit$$0000002C  c_p.l(libinit2.o)
    0x08001932   0x08001932   0x00000000   Code   RO         4868    .ARM.Collect$$libinit$$0000002E  c_p.l(libinit2.o)
    0x08001932   0x08001932   0x00000000   Code   RO         4870    .ARM.Collect$$libinit$$00000030  c_p.l(libinit2.o)
    0x08001932   0x08001932   0x00000000   Code   RO         4872    .ARM.Collect$$libinit$$00000032  c_p.l(libinit2.o)
    0x08001932   0x08001932   0x00000002   Code   RO         4873    .ARM.Collect$$libinit$$00000033  c_p.l(libinit2.o)
    0x08001934   0x08001934   0x00000002   Code   RO         4904    .ARM.Collect$$libshutdown$$00000000  c_p.l(libshutdown.o)
    0x08001936   0x08001936   0x00000000   Code   RO         4930    .ARM.Collect$$libshutdown$$00000002  c_p.l(libshutdown2.o)
    0x08001936   0x08001936   0x00000000   Code   RO         4932    .ARM.Collect$$libshutdown$$00000004  c_p.l(libshutdown2.o)
    0x08001936   0x08001936   0x00000000   Code   RO         4934    .ARM.Collect$$libshutdown$$00000006  c_p.l(libshutdown2.o)
    0x08001936   0x08001936   0x00000000   Code   RO         4937    .ARM.Collect$$libshutdown$$00000009  c_p.l(libshutdown2.o)
    0x08001936   0x08001936   0x00000000   Code   RO         4940    .ARM.Collect$$libshutdown$$0000000C  c_p.l(libshutdown2.o)
    0x08001936   0x08001936   0x00000000   Code   RO         4942    .ARM.Collect$$libshutdown$$0000000E  c_p.l(libshutdown2.o)
    0x08001936   0x08001936   0x00000000   Code   RO         4945    .ARM.Collect$$libshutdown$$00000011  c_p.l(libshutdown2.o)
    0x08001936   0x08001936   0x00000002   Code   RO         4946    .ARM.Collect$$libshutdown$$00000012  c_p.l(libshutdown2.o)
    0x08001938   0x08001938   0x00000000   Code   RO         4775    .ARM.Collect$$rtentry$$00000000  c_p.l(__rtentry.o)
    0x08001938   0x08001938   0x00000000   Code   RO         4786    .ARM.Collect$$rtentry$$00000002  c_p.l(__rtentry2.o)
    0x08001938   0x08001938   0x00000006   Code   RO         4798    .ARM.Collect$$rtentry$$00000004  c_p.l(__rtentry4.o)
    0x0800193e   0x0800193e   0x00000000   Code   RO         4788    .ARM.Collect$$rtentry$$00000009  c_p.l(__rtentry2.o)
    0x0800193e   0x0800193e   0x00000004   Code   RO         4789    .ARM.Collect$$rtentry$$0000000A  c_p.l(__rtentry2.o)
    0x08001942   0x08001942   0x00000000   Code   RO         4791    .ARM.Collect$$rtentry$$0000000C  c_p.l(__rtentry2.o)
    0x08001942   0x08001942   0x00000008   Code   RO         4792    .ARM.Collect$$rtentry$$0000000D  c_p.l(__rtentry2.o)
    0x0800194a   0x0800194a   0x00000002   Code   RO         4821    .ARM.Collect$$rtexit$$00000000  c_p.l(rtexit.o)
    0x0800194c   0x0800194c   0x00000000   Code   RO         4877    .ARM.Collect$$rtexit$$00000002  c_p.l(rtexit2.o)
    0x0800194c   0x0800194c   0x00000004   Code   RO         4878    .ARM.Collect$$rtexit$$00000003  c_p.l(rtexit2.o)
    0x08001950   0x08001950   0x00000006   Code   RO         4879    .ARM.Collect$$rtexit$$00000004  c_p.l(rtexit2.o)
    0x08001956   0x08001956   0x00000002   PAD
    0x08001958   0x08001958   0x00000038   Code   RO         4742    .emb_text           c_p.l(rt_memcpy.o)
    0x08001990   0x08001990   0x00000038   Code   RO            4    .text               startup_stm32f030x8.o
    0x080019c8   0x080019c8   0x00000022   Code   RO         4736    .text               c_p.l(llushr.o)
    0x080019ea   0x080019ea   0x00000102   Code   RO         4738    .text               c_p.l(lludiv.o)
    0x08001aec   0x08001aec   0x0000005a   Code   RO         4740    .text               c_p.l(memcmp.o)
    0x08001b46   0x08001b46   0x00000082   Code   RO         4743    .text               c_p.l(rt_memcpy.o)
    0x08001bc8   0x08001bc8   0x00000096   Code   RO         4746    .text               c_p.l(rt_memmove.o)
    0x08001c5e   0x08001c5e   0x00000012   Code   RO         4748    .text               c_p.l(aeabi_memset.o)
    0x08001c70   0x08001c70   0x00000040   Code   RO         4750    .text               c_p.l(rt_memclr.o)
    0x08001cb0   0x08001cb0   0x0000015a   Code   RO         4752    .text               c_p.l(aeabi_sdiv.o)
    0x08001e0a   0x08001e0a   0x00000006   Code   RO         4756    .text               c_p.l(heapauxi.o)
    0x08001e10   0x08001e10   0x00000160   Code   RO         4766    .text               fz_ps.l(fdiv.o)
    0x08001f70   0x08001f70   0x0000004c   Code   RO         4769    .text               fz_ps.l(ffixi.o)
    0x08001fbc   0x08001fbc   0x0000005e   Code   RO         4771    .text               fz_ps.l(fflti.o)
    0x0800201a   0x0800201a   0x0000003e   Code   RO         4802    .text               c_p.l(sys_stackheap_outer.o)
    0x08002058   0x08002058   0x00000010   Code   RO         4805    .text               c_p.l(exit.o)
    0x08002068   0x08002068   0x00000008   Code   RO         4817    .text               c_p.l(libspace.o)
    0x08002070   0x08002070   0x0000000c   Code   RO         4874    .text               c_p.l(sys_exit.o)
    0x0800207c   0x0800207c   0x00000002   Code   RO         4893    .text               c_p.l(use_no_semi.o)
    0x0800207e   0x0800207e   0x00000000   Code   RO         4895    .text               c_p.l(indicate_semi.o)
    0x0800207e   0x0800207e   0x00000002   PAD
    0x08002080   0x08002080   0x00000010   Code   RO          447    i.ADC1_IRQHandler   stm32f0xx_it.o
    0x08002090   0x08002090   0x0000006c   Code   RO          552    i.ADC_DMAConvCplt   stm32f0xx_hal_adc.o
    0x080020fc   0x080020fc   0x0000001a   Code   RO          553    i.ADC_DMAError      stm32f0xx_hal_adc.o
    0x08002116   0x08002116   0x0000000a   Code   RO          554    i.ADC_DMAHalfConvCplt  stm32f0xx_hal_adc.o
    0x08002120   0x08002120   0x00000090   Code   RO          556    i.ADC_Enable        stm32f0xx_hal_adc.o
    0x080021b0   0x080021b0   0x00000010   Code   RO         4490    i.AbortSession      ota_update.o
    0x080021c0   0x080021c0   0x0000002c   Code   RO         3952    i.Add_Temp          temp.o
    0x080021ec   0x080021ec   0x000000c0   Code   RO         4249    i.ApplyMainTempCoefficient  main_control.o
    0x080022ac   0x080022ac   0x0000007c   Code   RO         3869    i.ApplySourceIcon   screen_c8721.o
    0x08002328   0x08002328   0x0000003c   Code   RO         4250    i.ApplyTempSpecial  main_control.o
    0x08002364   0x08002364   0x00000030   Code   RO         3953    i.Average_Temp      temp.o
    0x08002394   0x08002394   0x0000006c   Code   RO         3954    i.Battery_Get_mV    temp.o
    0x08002400   0x08002400   0x00000030   Code   RO         4251    i.BluetoothHwPowerOff  main_control.o
    0x08002430   0x08002430   0x0000003c   Code   RO         4252    i.BluetoothHwPowerOn  main_control.o
    0x0800246c   0x0800246c   0x000000b8   Code   RO         4253    i.BluetoothTask_100ms  main_control.o
    0x08002524   0x08002524   0x00000034   Code   RO         3617    i.CF_ConfigCommand  c8721.o
    0x08002558   0x08002558   0x00000050   Code   RO         3620    i.CF_DisplayBufAutomatic  c8721.o
    0x080025a8   0x080025a8   0x00000024   Code   RO         3621    i.CF_DisplayClearBuf  c8721.o
    0x080025cc   0x080025cc   0x00000118   Code   RO         3624    i.CF_DisplaySegment  c8721.o
    0x080026e4   0x080026e4   0x00000024   Code   RO         3626    i.CF_Init           c8721.o
    0x08002708   0x08002708   0x0000003c   Code   RO         3628    i.CF_SendByte       c8721.o
    0x08002744   0x08002744   0x00000028   Code   RO         3629    i.CF_SendCommandPackage  c8721.o
    0x0800276c   0x0800276c   0x0000001e   Code   RO         3630    i.CF_SendSCK        c8721.o
    0x0800278a   0x0800278a   0x00000002   PAD
    0x0800278c   0x0800278c   0x00000038   Code   RO         3631    i.CF_SendSetPackage  c8721.o
    0x080027c4   0x080027c4   0x00000030   Code   RO         3632    i.CF_SetControlCommand  c8721.o
    0x080027f4   0x080027f4   0x00000014   Code   RO         3633    i.CF_SetCurrentCommand  c8721.o
    0x08002808   0x08002808   0x0000002c   Code   RO         3634    i.CF_SetDisplayCommand  c8721.o
    0x08002834   0x08002834   0x00000024   Code   RO         3635    i.CF_SetModeCommand  c8721.o
    0x08002858   0x08002858   0x0000000e   Code   RO         3636    i.CF_TimeDlyUs      c8721.o
    0x08002866   0x08002866   0x0000004e   Code   RO          343    i.COM_TakeRx        usart.o
    0x080028b4   0x080028b4   0x00000016   Code   RO         3870    i.ClearGauge        screen_c8721.o
    0x080028ca   0x080028ca   0x00000002   PAD
    0x080028cc   0x080028cc   0x00000010   Code   RO         4075    i.ClearPending      wireless.o
    0x080028dc   0x080028dc   0x0000003c   Code   RO         4254    i.ConfigCrc16       main_control.o
    0x08002918   0x08002918   0x00000070   Code   RO         4255    i.ConfigLoad        main_control.o
    0x08002988   0x08002988   0x0000004c   Code   RO         4256    i.ConfigRecordValid  main_control.o
    0x080029d4   0x080029d4   0x000000d4   Code   RO         4257    i.ConfigSave        main_control.o
    0x08002aa8   0x08002aa8   0x00000030   Code   RO         4491    i.Crc32Update       ota_update.o
    0x08002ad8   0x08002ad8   0x00000018   Code   RO          448    i.DMA1_Channel1_IRQHandler  stm32f0xx_it.o
    0x08002af0   0x08002af0   0x00000018   Code   RO          449    i.DMA1_Channel2_3_IRQHandler  stm32f0xx_it.o
    0x08002b08   0x08002b08   0x00000018   Code   RO          450    i.DMA1_Channel4_5_IRQHandler  stm32f0xx_it.o
    0x08002b20   0x08002b20   0x00000024   Code   RO         1600    i.DMA_CalcBaseAndBitshift  stm32f0xx_hal_dma.o
    0x08002b44   0x08002b44   0x00000028   Code   RO         1601    i.DMA_SetConfig     stm32f0xx_hal_dma.o
    0x08002b6c   0x08002b6c   0x00000114   Code   RO         3871    i.DisplayTask       screen_c8721.o
    0x08002c80   0x08002c80   0x00000034   Code   RO         4492    i.EraseRange        ota_update.o
    0x08002cb4   0x08002cb4   0x00000014   Code   RO           12    i.Error_Handler     main.o
    0x08002cc8   0x08002cc8   0x00000024   Code   RO         1991    i.FLASH_MassErase   stm32f0xx_hal_flash_ex.o
    0x08002cec   0x08002cec   0x00000024   Code   RO         1996    i.FLASH_PageErase   stm32f0xx_hal_flash_ex.o
    0x08002d10   0x08002d10   0x00000020   Code   RO         1892    i.FLASH_Program_HalfWord  stm32f0xx_hal_flash.o
    0x08002d30   0x08002d30   0x00000038   Code   RO         1893    i.FLASH_SetErrorCode  stm32f0xx_hal_flash.o
    0x08002d68   0x08002d68   0x00000050   Code   RO         1894    i.FLASH_WaitForLastOperation  stm32f0xx_hal_flash.o
    0x08002db8   0x08002db8   0x00000074   Code   RO         4076    i.FeedProtocolByte  wireless.o
    0x08002e2c   0x08002e2c   0x0000001e   Code   RO         4077    i.Float32Valid      wireless.o
    0x08002e4a   0x08002e4a   0x00000002   PAD
    0x08002e4c   0x08002e4c   0x0000009c   Code   RO         3955    i.Get_Filter_ADC12bitResult  temp.o
    0x08002ee8   0x08002ee8   0x000000b8   Code   RO          727    i.HAL_ADCEx_Calibration_Start  stm32f0xx_hal_adc_ex.o
    0x08002fa0   0x08002fa0   0x00000110   Code   RO          558    i.HAL_ADC_ConfigChannel  stm32f0xx_hal_adc.o
    0x080030b0   0x080030b0   0x00000018   Code   RO         3956    i.HAL_ADC_ConvCpltCallback  temp.o
    0x080030c8   0x080030c8   0x00000002   Code   RO          560    i.HAL_ADC_ConvHalfCpltCallback  stm32f0xx_hal_adc.o
    0x080030ca   0x080030ca   0x00000002   Code   RO          562    i.HAL_ADC_ErrorCallback  stm32f0xx_hal_adc.o
    0x080030cc   0x080030cc   0x000000c2   Code   RO          566    i.HAL_ADC_IRQHandler  stm32f0xx_hal_adc.o
    0x0800318e   0x0800318e   0x00000002   PAD
    0x08003190   0x08003190   0x00000178   Code   RO          567    i.HAL_ADC_Init      stm32f0xx_hal_adc.o
    0x08003308   0x08003308   0x00000002   Code   RO          568    i.HAL_ADC_LevelOutOfWindowCallback  stm32f0xx_hal_adc.o
    0x0800330a   0x0800330a   0x00000002   PAD
    0x0800330c   0x0800330c   0x0000009c   Code   RO          247    i.HAL_ADC_MspInit   adc.o
    0x080033a8   0x080033a8   0x000000a0   Code   RO          574    i.HAL_ADC_Start_DMA  stm32f0xx_hal_adc.o
    0x08003448   0x08003448   0x00000040   Code   RO         1602    i.HAL_DMA_Abort     stm32f0xx_hal_dma.o
    0x08003488   0x08003488   0x00000048   Code   RO         1603    i.HAL_DMA_Abort_IT  stm32f0xx_hal_dma.o
    0x080034d0   0x080034d0   0x00000004   Code   RO         1605    i.HAL_DMA_GetError  stm32f0xx_hal_dma.o
    0x080034d4   0x080034d4   0x0000009c   Code   RO         1607    i.HAL_DMA_IRQHandler  stm32f0xx_hal_dma.o
    0x08003570   0x08003570   0x00000050   Code   RO         1608    i.HAL_DMA_Init      stm32f0xx_hal_dma.o
    0x080035c0   0x080035c0   0x0000006a   Code   RO         1612    i.HAL_DMA_Start_IT  stm32f0xx_hal_dma.o
    0x0800362a   0x0800362a   0x00000002   PAD
    0x0800362c   0x0800362c   0x00000024   Code   RO          879    i.HAL_Delay         stm32f0xx_hal.o
    0x08003650   0x08003650   0x000000a0   Code   RO         1997    i.HAL_FLASHEx_Erase  stm32f0xx_hal_flash_ex.o
    0x080036f0   0x080036f0   0x00000014   Code   RO         1898    i.HAL_FLASH_Lock    stm32f0xx_hal_flash.o
    0x08003704   0x08003704   0x0000007c   Code   RO         1903    i.HAL_FLASH_Program  stm32f0xx_hal_flash.o
    0x08003780   0x08003780   0x00000028   Code   RO         1905    i.HAL_FLASH_Unlock  stm32f0xx_hal_flash.o
    0x080037a8   0x080037a8   0x00000154   Code   RO         1541    i.HAL_GPIO_Init     stm32f0xx_hal_gpio.o
    0x080038fc   0x080038fc   0x0000000a   Code   RO         1543    i.HAL_GPIO_ReadPin  stm32f0xx_hal_gpio.o
    0x08003906   0x08003906   0x00000010   Code   RO         1544    i.HAL_GPIO_TogglePin  stm32f0xx_hal_gpio.o
    0x08003916   0x08003916   0x0000000c   Code   RO         1545    i.HAL_GPIO_WritePin  stm32f0xx_hal_gpio.o
    0x08003922   0x08003922   0x00000002   PAD
    0x08003924   0x08003924   0x0000000c   Code   RO          883    i.HAL_GetTick       stm32f0xx_hal.o
    0x08003930   0x08003930   0x00000010   Code   RO          889    i.HAL_IncTick       stm32f0xx_hal.o
    0x08003940   0x08003940   0x00000020   Code   RO          890    i.HAL_Init          stm32f0xx_hal.o
    0x08003960   0x08003960   0x00000044   Code   RO          891    i.HAL_InitTick      stm32f0xx_hal.o
    0x080039a4   0x080039a4   0x00000028   Code   RO          531    i.HAL_MspInit       stm32f0xx_hal_msp.o
    0x080039cc   0x080039cc   0x00000018   Code   RO         1700    i.HAL_NVIC_EnableIRQ  stm32f0xx_hal_cortex.o
    0x080039e4   0x080039e4   0x00000008   Code   RO         1704    i.HAL_NVIC_SetPriority  stm32f0xx_hal_cortex.o
    0x080039ec   0x080039ec   0x00000020   Code   RO          755    i.HAL_RCC_GetPCLK1Freq  stm32f0xx_hal_rcc.o
    0x08003a0c   0x08003a0c   0x00000054   Code   RO          756    i.HAL_RCC_GetSysClockFreq  stm32f0xx_hal_rcc.o
    0x08003a60   0x08003a60   0x00000030   Code   RO         1708    i.HAL_SYSTICK_Config  stm32f0xx_hal_cortex.o
    0x08003a90   0x08003a90   0x00000002   Code   RO         3112    i.HAL_UARTEx_RxEventCallback  stm32f0xx_hal_uart.o
    0x08003a92   0x08003a92   0x0000009a   Code   RO         3124    i.HAL_UART_DMAStop  stm32f0xx_hal_uart.o
    0x08003b2c   0x08003b2c   0x00000002   Code   RO         3128    i.HAL_UART_ErrorCallback  stm32f0xx_hal_uart.o
    0x08003b2e   0x08003b2e   0x00000002   PAD
    0x08003b30   0x08003b30   0x00000294   Code   RO         3131    i.HAL_UART_IRQHandler  stm32f0xx_hal_uart.o
    0x08003dc4   0x08003dc4   0x0000006a   Code   RO         3132    i.HAL_UART_Init     stm32f0xx_hal_uart.o
    0x08003e2e   0x08003e2e   0x00000002   PAD
    0x08003e30   0x08003e30   0x0000016c   Code   RO          345    i.HAL_UART_MspInit  usart.o
    0x08003f9c   0x08003f9c   0x00000058   Code   RO         3136    i.HAL_UART_Receive_DMA  stm32f0xx_hal_uart.o
    0x08003ff4   0x08003ff4   0x00000002   Code   RO          346    i.HAL_UART_RxCpltCallback  usart.o
    0x08003ff6   0x08003ff6   0x00000002   Code   RO         3140    i.HAL_UART_RxHalfCpltCallback  stm32f0xx_hal_uart.o
    0x08003ff8   0x08003ff8   0x000000c0   Code   RO         3141    i.HAL_UART_Transmit  stm32f0xx_hal_uart.o
    0x080040b8   0x080040b8   0x000000ac   Code   RO         3142    i.HAL_UART_Transmit_DMA  stm32f0xx_hal_uart.o
    0x08004164   0x08004164   0x00000018   Code   RO          347    i.HAL_UART_TxCpltCallback  usart.o
    0x0800417c   0x0800417c   0x00000002   Code   RO         3145    i.HAL_UART_TxHalfCpltCallback  stm32f0xx_hal_uart.o
    0x0800417e   0x0800417e   0x00000002   PAD
    0x08004180   0x08004180   0x000000bc   Code   RO         4493    i.HandleBegin       ota_update.o
    0x0800423c   0x0800423c   0x000000bc   Code   RO         4494    i.HandleChunk       ota_update.o
    0x080042f8   0x080042f8   0x000000bc   Code   RO         4078    i.HandleCoefficientPart  wireless.o
    0x080043b4   0x080043b4   0x000000b8   Code   RO         4079    i.HandleCommand     wireless.o
    0x0800446c   0x0800446c   0x000000dc   Code   RO         4495    i.HandleCommit      ota_update.o
    0x08004548   0x08004548   0x00000078   Code   RO         4080    i.HandleFrame       wireless.o
    0x080045c0   0x080045c0   0x00000002   Code   RO          451    i.HardFault_Handler  stm32f0xx_it.o
    0x080045c2   0x080045c2   0x00000002   PAD
    0x080045c4   0x080045c4   0x00000034   Code   RO         4445    i.HeaderPresent     ota_boot.o
    0x080045f8   0x080045f8   0x00000058   Code   RO         3761    i.IsDisplayDashOnlyAlarm  key.o
    0x08004650   0x08004650   0x00000018   Code   RO         4258    i.IsMainChannelDisconnected  main_control.o
    0x08004668   0x08004668   0x00000014   Code   RO         3762    i.Key0_long_press   key.o
    0x0800467c   0x0800467c   0x00000034   Code   RO         3763    i.Key0_short_press  key.o
    0x080046b0   0x080046b0   0x00000008   Code   RO         3764    i.Key0_very_long_press  key.o
    0x080046b8   0x080046b8   0x0000001c   Code   RO         3765    i.Key1_long_press   key.o
    0x080046d4   0x080046d4   0x0000004c   Code   RO         3766    i.Key1_short_press  key.o
    0x08004720   0x08004720   0x00000024   Code   RO         3767    i.Key1_very_long_press  key.o
    0x08004744   0x08004744   0x00000054   Code   RO         3768    i.KeyRespose        key.o
    0x08004798   0x08004798   0x00000104   Code   RO         3770    i.Key_Scan          key.o
    0x0800489c   0x0800489c   0x0000007c   Code   RO          248    i.MX_ADC_Init       adc.o
    0x08004918   0x08004918   0x00000048   Code   RO          285    i.MX_DMA_Init       dma.o
    0x08004960   0x08004960   0x000000d8   Code   RO          226    i.MX_GPIO_Init      gpio.o
    0x08004a38   0x08004a38   0x00000038   Code   RO          348    i.MX_USART1_UART_Init  usart.o
    0x08004a70   0x08004a70   0x00000038   Code   RO          349    i.MX_USART2_UART_Init  usart.o
    0x08004aa8   0x08004aa8   0x00000124   Code   RO         4259    i.MainControl       main_control.o
    0x08004bcc   0x08004bcc   0x00000014   Code   RO         4446    i.MarkerValid       ota_boot.o
    0x08004be0   0x08004be0   0x0000003c   Code   RO         4081    i.Mathis_Crc16      wireless.o
    0x08004c1c   0x08004c1c   0x00000002   Code   RO          452    i.NMI_Handler       stm32f0xx_it.o
    0x08004c1e   0x08004c1e   0x00000002   PAD
    0x08004c20   0x08004c20   0x00000028   Code   RO         4447    i.OtaBoot_CanStartUpdate  ota_boot.o
    0x08004c48   0x08004c48   0x00000054   Code   RO         4448    i.OtaBoot_ConfirmRunningImage  ota_boot.o
    0x08004c9c   0x08004c9c   0x00000044   Code   RO         4449    i.OtaBoot_IsTrial   ota_boot.o
    0x08004ce0   0x08004ce0   0x00000014   Code   RO         4496    i.OtaUpdate_HandleDisconnect  ota_update.o
    0x08004cf4   0x08004cf4   0x00000052   Code   RO         4497    i.OtaUpdate_HandleFrame  ota_update.o
    0x08004d46   0x08004d46   0x00000002   PAD
    0x08004d48   0x08004d48   0x00000010   Code   RO         4498    i.OtaUpdate_Init    ota_update.o
    0x08004d58   0x08004d58   0x00000010   Code   RO         4499    i.OtaUpdate_IsActive  ota_update.o
    0x08004d68   0x08004d68   0x00000064   Code   RO         4500    i.OtaUpdate_Task20ms  ota_update.o
    0x08004dcc   0x08004dcc   0x000000b0   Code   RO         3957    i.PT1000_CalculateTemperature  temp.o
    0x08004e7c   0x08004e7c   0x00000002   Code   RO          453    i.PendSV_Handler    stm32f0xx_it.o
    0x08004e7e   0x08004e7e   0x00000068   Code   RO         4501    i.ProgramBytes      ota_update.o
    0x08004ee6   0x08004ee6   0x00000002   PAD
    0x08004ee8   0x08004ee8   0x0000004c   Code   RO         4082    i.QueueFrame        wireless.o
    0x08004f34   0x08004f34   0x0000000c   Code   RO         4502    i.QueueReason       ota_update.o
    0x08004f40   0x08004f40   0x00000026   Code   RO         4503    i.QueueStatus       ota_update.o
    0x08004f66   0x08004f66   0x00000002   PAD
    0x08004f68   0x08004f68   0x000000c4   Code   RO         4083    i.QueueTelemetry    wireless.o
    0x0800502c   0x0800502c   0x00000010   Code   RO         4084    i.ReadFloatLe       wireless.o
    0x0800503c   0x0800503c   0x00000016   Code   RO         4504    i.ReadU32Le         ota_update.o
    0x08005052   0x08005052   0x00000002   PAD
    0x08005054   0x08005054   0x00000070   Code   RO         4085    i.ResyncBufferedFrame  wireless.o
    0x080050c4   0x080050c4   0x00000010   Code   RO         4505    i.ReturnIdle        ota_update.o
    0x080050d4   0x080050d4   0x00000044   Code   RO         3566    i.SCH_Add_Task      taskscheduler.o
    0x08005118   0x08005118   0x00000030   Code   RO         3567    i.SCH_Delete_Task   taskscheduler.o
    0x08005148   0x08005148   0x0000003c   Code   RO         3568    i.SCH_Dispatch_Tasks  taskscheduler.o
    0x08005184   0x08005184   0x00000038   Code   RO         3570    i.SCH_Report_Status  taskscheduler.o
    0x080051bc   0x080051bc   0x00000038   Code   RO         3571    i.SCH_Update        taskscheduler.o
    0x080051f4   0x080051f4   0x00000020   Code   RO         3872    i.SCL_Write         screen_c8721.o
    0x08005214   0x08005214   0x00000020   Code   RO         3873    i.SDA_Write         screen_c8721.o
    0x08005234   0x08005234   0x00000002   Code   RO          454    i.SVC_Handler       stm32f0xx_it.o
    0x08005236   0x08005236   0x00000010   Code   RO         3874    i.Screen_C8721_Init  screen_c8721.o
    0x08005246   0x08005246   0x00000002   PAD
    0x08005248   0x08005248   0x00000050   Code   RO         4086    i.ServiceTransmit   wireless.o
    0x08005298   0x08005298   0x00000044   Code   RO         4087    i.SetConnection     wireless.o
    0x080052dc   0x080052dc   0x00000084   Code   RO         3875    i.SetGaugeSegment   screen_c8721.o
    0x08005360   0x08005360   0x00000054   Code   RO         3876    i.ShowSpecialChars  screen_c8721.o
    0x080053b4   0x080053b4   0x000000dc   Code   RO         3877    i.ShowTemp3Digits   screen_c8721.o
    0x08005490   0x08005490   0x00000074   Code   RO         4260    i.SysDataInit       main_control.o
    0x08005504   0x08005504   0x0000000c   Code   RO          455    i.SysTick_Handler   stm32f0xx_it.o
    0x08005510   0x08005510   0x00000100   Code   RO           13    i.SystemClock_Config  main.o
    0x08005610   0x08005610   0x00000030   Code   RO         3535    i.SystemInit        system_stm32f0xx.o
    0x08005640   0x08005640   0x00000028   Code   RO         4261    i.TempFromC         main_control.o
    0x08005668   0x08005668   0x0000033c   Code   RO         3958    i.TempGetTask       temp.o
    0x080059a4   0x080059a4   0x00000070   Code   RO         3959    i.Temp_Get          temp.o
    0x08005a14   0x08005a14   0x00000008   Code   RO         3960    i.Temp_Get_Init     temp.o
    0x08005a1c   0x08005a1c   0x0000003c   Code   RO         3961    i.Temp_Handle       temp.o
    0x08005a58   0x08005a58   0x000000ca   Code   RO         3146    i.UART_AdvFeatureConfig  stm32f0xx_hal_uart.o
    0x08005b22   0x08005b22   0x00000002   PAD
    0x08005b24   0x08005b24   0x000000c4   Code   RO         3147    i.UART_CheckIdleState  stm32f0xx_hal_uart.o
    0x08005be8   0x08005be8   0x00000014   Code   RO         3148    i.UART_DMAAbortOnError  stm32f0xx_hal_uart.o
    0x08005bfc   0x08005bfc   0x0000004c   Code   RO         3149    i.UART_DMAError     stm32f0xx_hal_uart.o
    0x08005c48   0x08005c48   0x00000096   Code   RO         3150    i.UART_DMAReceiveCplt  stm32f0xx_hal_uart.o
    0x08005cde   0x08005cde   0x00000020   Code   RO         3152    i.UART_DMARxHalfCplt  stm32f0xx_hal_uart.o
    0x08005cfe   0x08005cfe   0x0000004a   Code   RO         3154    i.UART_DMATransmitCplt  stm32f0xx_hal_uart.o
    0x08005d48   0x08005d48   0x0000000a   Code   RO         3156    i.UART_DMATxHalfCplt  stm32f0xx_hal_uart.o
    0x08005d52   0x08005d52   0x0000005e   Code   RO         3158    i.UART_EndRxTransfer  stm32f0xx_hal_uart.o
    0x08005db0   0x08005db0   0x00000020   Code   RO         3159    i.UART_EndTxTransfer  stm32f0xx_hal_uart.o
    0x08005dd0   0x08005dd0   0x00000134   Code   RO         3162    i.UART_SetConfig    stm32f0xx_hal_uart.o
    0x08005f04   0x08005f04   0x000000b0   Code   RO         3163    i.UART_Start_Receive_DMA  stm32f0xx_hal_uart.o
    0x08005fb4   0x08005fb4   0x00000098   Code   RO         3167    i.UART_WaitOnFlagUntilTimeout  stm32f0xx_hal_uart.o
    0x0800604c   0x0800604c   0x00000034   Code   RO         4262    i.UI_CycleDisplayMode  main_control.o
    0x08006080   0x08006080   0x0000001c   Code   RO         4263    i.UI_FactoryReset   main_control.o
    0x0800609c   0x0800609c   0x0000000c   Code   RO         4265    i.UI_GetBluetoothIconState  main_control.o
    0x080060a8   0x080060a8   0x0000000c   Code   RO         4266    i.UI_GetBluetoothState  main_control.o
    0x080060b4   0x080060b4   0x0000000c   Code   RO         4267    i.UI_GetDisplaySpecial  main_control.o
    0x080060c0   0x080060c0   0x0000000c   Code   RO         4268    i.UI_GetDisplayTemp  main_control.o
    0x080060cc   0x080060cc   0x00000108   Code   RO         4269    i.UI_GetTelemetrySnapshot  main_control.o
    0x080061d4   0x080061d4   0x0000000c   Code   RO         4271    i.UI_IsProbeConnected  main_control.o
    0x080061e0   0x080061e0   0x0000000c   Code   RO         4272    i.UI_NotifyLocalInteraction  main_control.o
    0x080061ec   0x080061ec   0x00000014   Code   RO         4273    i.UI_RequestBluetoothPairing  main_control.o
    0x08006200   0x08006200   0x00000014   Code   RO         4274    i.UI_RequestBluetoothPowerOff  main_control.o
    0x08006214   0x08006214   0x00000020   Code   RO         4275    i.UI_RequestBluetoothToggle  main_control.o
    0x08006234   0x08006234   0x00000020   Code   RO         4276    i.UI_SetBluetoothConnectionState  main_control.o
    0x08006254   0x08006254   0x00000050   Code   RO         4277    i.UI_SetTempCoeff   main_control.o
    0x080062a4   0x080062a4   0x00000030   Code   RO         4278    i.UI_SetUnits       main_control.o
    0x080062d4   0x080062d4   0x00000020   Code   RO          456    i.USART1_IRQHandler  stm32f0xx_it.o
    0x080062f4   0x080062f4   0x00000020   Code   RO          457    i.USART2_IRQHandler  stm32f0xx_it.o
    0x08006314   0x08006314   0x0000004c   Code   RO         3962    i.UpdateBatteryLevel  temp.o
    0x08006360   0x08006360   0x000000fc   Code   RO         4279    i.UpdateDisplayCache  main_control.o
    0x0800645c   0x0800645c   0x00000070   Code   RO         3878    i.UpdateGauge       screen_c8721.o
    0x080064cc   0x080064cc   0x000000d8   Code   RO         4088    i.WirelessTask      wireless.o
    0x080065a4   0x080065a4   0x00000010   Code   RO         4089    i.Wireless_DiscardQueuedFrames  wireless.o
    0x080065b4   0x080065b4   0x0000003c   Code   RO         4090    i.Wireless_Init     wireless.o
    0x080065f0   0x080065f0   0x00000020   Code   RO         4091    i.Wireless_ProtocolTxIdle  wireless.o
    0x08006610   0x08006610   0x00000064   Code   RO         4092    i.Wireless_QueueProtocolFrame  wireless.o
    0x08006674   0x08006674   0x000000c0   Code   RO         4506    i.WriteMetadata     ota_update.o
    0x08006734   0x08006734   0x00000010   Code   RO         4507    i.WriteU32Le        ota_update.o
    0x08006744   0x08006744   0x00000030   Code   RO          834    i.__ARM_common_ll_muluu  stm32f0xx_hal_rcc.o
    0x08006774   0x08006774   0x0000001a   Code   RO         1691    i.__ARM_common_switch8  stm32f0xx_hal_dma.o
    0x0800678e   0x0800678e   0x00000002   PAD
    0x08006790   0x08006790   0x00000044   Code   RO         1710    i.__NVIC_SetPriority  stm32f0xx_hal_cortex.o
    0x080067d4   0x080067d4   0x00000064   Code   RO          353    i._usart_callback   usart.o
    0x08006838   0x08006838   0x00000038   Code   RO         3963    i.channel_env_init  temp.o
    0x08006870   0x08006870   0x00000040   Code   RO          354    i.com_init          usart.o
    0x080068b0   0x080068b0   0x000000fc   Code   RO         3964    i.debounce_external_temp  temp.o
    0x080069ac   0x080069ac   0x000000e8   Code   RO           14    i.main              main.o
    0x08006a94   0x08006a94   0x0000002c   Code   RO         3965    i.normalize_external_temp_c  temp.o
    0x08006ac0   0x08006ac0   0x00000034   Code   RO         3966    i.parse_be32_raw_c  temp.o
    0x08006af4   0x08006af4   0x000000d8   Code   RO         3967    i.raw_temp_filter   temp.o
    0x08006bcc   0x08006bcc   0x00000050   Code   RO          355    i.uart_dma_poll_check  usart.o
    0x08006c1c   0x08006c1c   0x0000009c   Code   RO         3968    i.update_three_temps_from_uart2  temp.o
    0x08006cb8   0x08006cb8   0x0000008c   Code   RO         4760    x$fpl$fadd          fz_ps.l(faddsub.o)
    0x08006d44   0x08006d44   0x000000b0   Code   RO         4773    x$fpl$fmul          fz_ps.l(fmul.o)
    0x08006df4   0x08006df4   0x000000d0   Code   RO         4762    x$fpl$fsub          fz_ps.l(faddsub.o)
    0x08006ec4   0x08006ec4   0x00000000   Code   RO         4784    x$fpl$usenofp       fz_ps.l(usenofp.o)
    0x08006ec4   0x08006ec4   0x00000020   Data   RO          760    .constdata          stm32f0xx_hal_rcc.o
    0x08006ee4   0x08006ee4   0x00000008   Data   RO         3537    .constdata          system_stm32f0xx.o
    0x08006eec   0x08006eec   0x00000058   Data   RO         3880    .constdata          screen_c8721.o
    0x08006f44   0x08006f44   0x000000d4   Data   RO         3971    .constdata          temp.o
    0x08007018   0x08007018   0x00000003   Data   RO         4094    .constdata          wireless.o
    0x0800701b   0x0800701b   0x00000003   Data   RO         4281    .constdata          main_control.o
    0x0800701e   0x0800701e   0x00000040   Data   RO         4767    .constdata          fz_ps.l(fdiv.o)
    0x0800705e   0x0800705e   0x00000002   PAD
    0x08007060   0x08007060   0x00000020   Data   RO         4947    Region$$Table       anon$$obj.o


    Execution Region RW_IRAM1 (Exec base: 0x200000c0, Load base: 0x08007080, Size: 0x000014d8, Max: 0x00001f30, ABSOLUTE)

    Exec Addr    Load Addr    Size         Type   Attr      Idx    E Section Name        Object

    0x200000c0   0x08007080   0x00000004   Data   RW          250    .data               adc.o
    0x200000c4   0x08007084   0x00000004   Data   RW          357    .data               usart.o
    0x200000c8   0x08007088   0x0000000c   Data   RW          897    .data               stm32f0xx_hal.o
    0x200000d4   0x08007094   0x00000004   Data   RW         3538    .data               system_stm32f0xx.o
    0x200000d8   0x08007098   0x00000004   Data   RW         3573    .data               taskscheduler.o
    0x200000dc   0x0800709c   0x0000001b   Data   RW         3639    .data               c8721.o
    0x200000f7   0x080070b7   0x00000001   PAD
    0x200000f8   0x080070b8   0x0000000a   Data   RW         3771    .data               key.o
    0x20000102   0x080070c2   0x00000002   Data   RW         3881    .data               screen_c8721.o
    0x20000104   0x080070c4   0x00000046   Data   RW         3972    .data               temp.o
    0x2000014a   0x0800710a   0x0000000a   Data   RW         4095    .data               wireless.o
    0x20000154   0x08007114   0x0000005c   Data   RW         4282    .data               main_control.o
    0x200001b0        -       0x00000084   Zero   RW          249    .bss                adc.o
    0x20000234        -       0x00000630   Zero   RW          356    .bss                usart.o
    0x20000864   0x08007170   0x00000004   PAD
    0x20000868        -       0x00000020   Zero   RW         1906    .bss                stm32f0xx_hal_flash.o
    0x20000888        -       0x00000180   Zero   RW         3572    .bss                taskscheduler.o
    0x20000a08        -       0x00000091   Zero   RW         3637    .bss                c8721.o
    0x20000a99   0x08007170   0x00000003   PAD
    0x20000a9c        -       0x00000040   Zero   RW         3879    .bss                screen_c8721.o
    0x20000adc        -       0x00000158   Zero   RW         3969    .bss                temp.o
    0x20000c34        -       0x000002c8   Zero   RW         4093    .bss                wireless.o
    0x20000efc        -       0x0000001e   Zero   RW         4280    .bss                main_control.o
    0x20000f1a   0x08007170   0x00000002   PAD
    0x20000f1c        -       0x00000018   Zero   RW         4508    .bss                ota_update.o
    0x20000f34        -       0x00000060   Zero   RW         4818    .bss                c_p.l(libspace.o)
    0x20000f94   0x08007170   0x00000004   PAD
    0x20000f98        -       0x00000200   Zero   RW            2    HEAP                startup_stm32f030x8.o
    0x20001198        -       0x00000400   Zero   RW            1    STACK               startup_stm32f030x8.o


==============================================================================

Image component sizes


      Code (inc. data)   RO Data    RW Data    ZI Data      Debug   Object Name

       280         28          0          4        132       1746   adc.o
       832         84          0         27        145      11758   c8721.o
        72          4          0          0          0        726   dma.o
       216         16          0          0          0        959   gpio.o
       652         54          0         10          0       9538   key.o
       508         74          0          0          0     255906   main.o
      2376        308          3         92         30      21673   main_control.o
       264         62          0          0          0       3005   ota_boot.o
      1346        110          0          0         24      20084   ota_update.o
      1050         92         88          2         64       8804   screen_c8721.o
        56         26        180          0       1536        624   startup_stm32f030x8.o
       164         30          0         12          0       7797   stm32f0xx_hal.o
      1296         58          0          0          0       8342   stm32f0xx_hal_adc.o
       184          0          0          0          0       1366   stm32f0xx_hal_adc_ex.o
       148         24          0          0          0      10285   stm32f0xx_hal_cortex.o
       584         16          0          0          0       5953   stm32f0xx_hal_dma.o
       352         54          0          0         32       4630   stm32f0xx_hal_flash.o
       232         30          0          0          0       3013   stm32f0xx_hal_flash_ex.o
       378         24          0          0          0       3220   stm32f0xx_hal_gpio.o
        40          6          0          0          0        798   stm32f0xx_hal_msp.o
       164         28         32          0          0       2015   stm32f0xx_hal_rcc.o
      2902         68          0          0          0      25452   stm32f0xx_hal_uart.o
       172         54          0          0          0       4802   stm32f0xx_it.o
        48         10          8          4          0       1095   system_stm32f0xx.o
       288         32          0          4        384       4286   taskscheduler.o
      2416        208        212         70        344      18919   temp.o
       824         66          0          4       1584       9396   usart.o
      1686        150          3         10        712      13874   wireless.o

    ----------------------------------------------------------------------
     19568       1716        558        240       4996     460066   Object Totals
         0          0         32          0          0          0   (incl. Generated)
        38          0          0          1          9          0   (incl. Padding)

    ----------------------------------------------------------------------

      Code (inc. data)   RO Data    RW Data    ZI Data      Debug   Library Member Name

         8          0          0          0          0         68   __main.o
         0          0          0          0          0          0   __rtentry.o
        12          0          0          0          0          0   __rtentry2.o
         6          0          0          0          0          0   __rtentry4.o
        60          8          0          0          0          0   __scatter.o
        26          0          0          0          0          0   __scatter_copy.o
        28          0          0          0          0          0   __scatter_zi.o
        18          0          0          0          0         68   aeabi_memset.o
       346          0          0          0          0         92   aeabi_sdiv.o
        16          0          0          0          0         68   exit.o
         6          0          0          0          0        136   heapauxi.o
         0          0          0          0          0          0   indicate_semi.o
         2          0          0          0          0          0   libinit.o
         2          0          0          0          0          0   libinit2.o
         2          0          0          0          0          0   libshutdown.o
         2          0          0          0          0          0   libshutdown2.o
         8          4          0          0         96         68   libspace.o
       258          0          0          0          0         88   lludiv.o
        34          0          0          0          0         68   llushr.o
        90          0          0          0          0         68   memcmp.o
        64          0          0          0          0        108   rt_memclr.o
       186          0          0          0          0        144   rt_memcpy.o
       150          0          0          0          0        104   rt_memmove.o
         2          0          0          0          0          0   rtexit.o
        10          0          0          0          0          0   rtexit2.o
        12          4          0          0          0         60   sys_exit.o
        62          0          0          0          0         80   sys_stackheap_outer.o
         2          0          0          0          0         68   use_no_semi.o
       348          8          0          0          0        160   faddsub.o
       352         10         64          0          0         92   fdiv.o
        76          0          0          0          0         68   ffixi.o
        94          0          0          0          0         92   fflti.o
       176          4          0          0          0         80   fmul.o
         0          0          0          0          0          0   usenofp.o

    ----------------------------------------------------------------------
      2464         38         66          0        100       1780   Library Totals
         6          0          2          0          4          0   (incl. Padding)

    ----------------------------------------------------------------------

      Code (inc. data)   RO Data    RW Data    ZI Data      Debug   Library Name

      1412         16          0          0         96       1288   c_p.l
      1046         22         64          0          0        492   fz_ps.l

    ----------------------------------------------------------------------
      2464         38         66          0        100       1780   Library Totals

    ----------------------------------------------------------------------

==============================================================================


      Code (inc. data)   RO Data    RW Data    ZI Data      Debug   

     22032       1754        624        240       5096     451418   Grand Totals
     22032       1754        624        240       5096     451418   ELF Image Totals
     22032       1754        624        240          0          0   ROM Totals

==============================================================================

    Total RO  Size (Code + RO Data)                22656 (  22.13kB)
    Total RW  Size (RW Data + ZI Data)              5336 (   5.21kB)
    Total ROM Size (Code + RO Data + RW Data)      22896 (  22.36kB)

==============================================================================

