<html>
<body>
<pre>
<h1>礦ision Build Log</h1>
<h2>Tool Versions:</h2>
IDE-Version: μVision V5.39.0.0
Copyright (C) 2023 ARM Ltd and ARM Germany GmbH. All rights reserved.
License Information: 1 1, 1, LIC=14HV2-910GQ-HL1CL-0FQSU-UBXKY-6UEVU
 
Tool Versions:
Toolchain:       MDK-ARM Plus  Version: 5.39.0.0
Toolchain Path:  C:\Keil_v5\ARM\ARM_Compiler_5.06u7\Bin
C Compiler:      Armcc.exe V5.06 update 7 (build 960)
Assembler:       Armasm.exe V5.06 update 7 (build 960)
Linker/Locator:  ArmLink.exe V5.06 update 7 (build 960)
Library Manager: ArmAr.exe V5.06 update 7 (build 960)
Hex Converter:   FromElf.exe V5.06 update 7 (build 960)
CPU DLL:         SARMCM3.DLL V5.39.0.0
Dialog DLL:      DARMCM1.DLL V1.19.6.0
Target DLL:      Segger\JL2CM3.dll V2.99.43.0
Dialog DLL:      TARMCM1.DLL V1.14.6.0
 
<h2>Project:</h2>
C:\Users\PC\Desktop\TW66GW02\11\tw66gw02\MDK-ARM\tw66gw02.uvprojx
Project File Date:  08/31/2026

<h2>Output:</h2>
*** Using Compiler 'V5.06 update 7 (build 960)', folder: 'C:\Keil_v5\ARM\ARM_Compiler_5.06u7\Bin'
Rebuild target 'tw66gw02'
Before Build - User command #1: powershell.exe -NoProfile -ExecutionPolicy Bypass -File "..\PrepareFactoryBootImage.ps1"
Bootloader built: 2168 bytes
Factory boot image prepared: C:\Users\PC\Desktop\TW66GW02\11\tw66gw02\MDK-ARM\boot_image.o
assembling startup_stm32f030x8.s...
compiling tim.c...
compiling stm32f0xx_hal_cortex.c...
compiling stm32f0xx_hal_pwr_ex.c...
compiling dma.c...
compiling stm32f0xx_it.c...
compiling gpio.c...
compiling stm32f0xx_hal_i2c_ex.c...
compiling stm32f0xx_hal_adc_ex.c...
compiling stm32f0xx_hal_pwr.c...
compiling stm32f0xx_hal_rcc_ex.c...
compiling stm32f0xx_hal_exti.c...
compiling stm32f0xx_hal_msp.c...
compiling stm32f0xx_hal.c...
compiling stm32f0xx_hal_gpio.c...
compiling main.c...
compiling adc.c...
compiling usart.c...
compiling stm32f0xx_hal_dma.c...
compiling stm32f0xx_hal_flash.c...
compiling stm32f0xx_hal_flash_ex.c...
compiling stm32f0xx_hal_adc.c...
compiling stm32f0xx_hal_rcc.c...
compiling TaskScheduler.c...
compiling stm32f0xx_hal_tim_ex.c...
compiling stm32f0xx_hal_i2c.c...
compiling stm32f0xx_hal_uart_ex.c...
compiling system_stm32f0xx.c...
compiling stm32f0xx_hal_tim.c...
compiling C8721.c...
compiling key.c...
compiling stm32f0xx_hal_uart.c...
compiling bh66f5242.c...
compiling screen_c8721.c...
compiling ota_boot.c...
compiling wireless.c...
compiling main_control.c...
compiling ota_update.c...
compiling shutdown.c...
compiling temp.c...
compiling start_up.c...
compiling warning.c...
compiling test.c...
linking...
Program Size: Code=22032 RO-data=2792 RW-data=240 ZI-data=5096  
FromELF: creating hex file...
After Build - User command #1: cmd.exe /C copy /Y "tw66gw02\\tw66gw02.hex" "tw66gw02.hex"
已复制         1 个文件。
After Build - User command #2: cmd.exe /C copy /Y "tw66gw02\\tw66gw02.hex" "..\\tw66gw02.hex"
已复制         1 个文件。
".\tw66gw02\tw66gw02.axf" - 0 Error(s), 0 Warning(s).

<h2>Software Packages used:</h2>

Package Vendor: ARM
                http://www.keil.com/pack/ARM.CMSIS.5.9.0.pack
                ARM::CMSIS@5.9.0
                CMSIS (Common Microcontroller Software Interface Standard)
   * Component: CORE Version: 5.6.0

Package Vendor: Keil
                https://www.keil.com/pack/Keil.STM32F0xx_DFP.3.1.1.pack
                Keil::STM32F0xx_DFP@3.1.1
                STMicroelectronics STM32F0 Series Device Support

<h2>Collection of Component include folders:</h2>
  ./RTE/_tw66gw02
  C:/Users/PC/AppData/Local/Arm/Packs/ARM/CMSIS/5.9.0/CMSIS/Core/Include

<h2>Collection of Component Files used:</h2>

   * Component: ARM::CMSIS:CORE@5.6.0
      Include file:  CMSIS/Core/Include/tz_context.h
Build Time Elapsed:  00:00:04
</pre>
</body>
</html>
