Component: ARM Compiler 5.06 update 7 (build 960) Tool: armlink [4d3601]

==============================================================================

Section Cross References

    startup_stm32f030x8.o(STACK) refers (Special) to heapauxi.o(.text) for __use_two_region_memory
    startup_stm32f030x8.o(HEAP) refers (Special) to heapauxi.o(.text) for __use_two_region_memory
    startup_stm32f030x8.o(RESET) refers (Special) to heapauxi.o(.text) for __use_two_region_memory
    startup_stm32f030x8.o(RESET) refers to startup_stm32f030x8.o(STACK) for __initial_sp
    startup_stm32f030x8.o(RESET) refers to startup_stm32f030x8.o(.text) for Reset_Handler
    startup_stm32f030x8.o(RESET) refers to stm32f0xx_it.o(i.NMI_Handler) for NMI_Handler
    startup_stm32f030x8.o(RESET) refers to stm32f0xx_it.o(i.HardFault_Handler) for HardFault_Handler
    startup_stm32f030x8.o(RESET) refers to stm32f0xx_it.o(i.SVC_Handler) for SVC_Handler
    startup_stm32f030x8.o(RESET) refers to stm32f0xx_it.o(i.PendSV_Handler) for PendSV_Handler
    startup_stm32f030x8.o(RESET) refers to stm32f0xx_it.o(i.SysTick_Handler) for SysTick_Handler
    startup_stm32f030x8.o(RESET) refers to stm32f0xx_it.o(i.DMA1_Channel1_IRQHandler) for DMA1_Channel1_IRQHandler
    startup_stm32f030x8.o(RESET) refers to stm32f0xx_it.o(i.DMA1_Channel2_3_IRQHandler) for DMA1_Channel2_3_IRQHandler
    startup_stm32f030x8.o(RESET) refers to stm32f0xx_it.o(i.DMA1_Channel4_5_IRQHandler) for DMA1_Channel4_5_IRQHandler
    startup_stm32f030x8.o(RESET) refers to stm32f0xx_it.o(i.ADC1_IRQHandler) for ADC1_IRQHandler
    startup_stm32f030x8.o(RESET) refers to stm32f0xx_it.o(i.TIM3_IRQHandler) for TIM3_IRQHandler
    startup_stm32f030x8.o(RESET) refers to stm32f0xx_it.o(i.USART1_IRQHandler) for USART1_IRQHandler
    startup_stm32f030x8.o(RESET) refers to stm32f0xx_it.o(i.USART2_IRQHandler) for USART2_IRQHandler
    startup_stm32f030x8.o(.text) refers (Special) to heapauxi.o(.text) for __use_two_region_memory
    startup_stm32f030x8.o(.text) refers to system_stm32f0xx.o(i.SystemInit) for SystemInit
    startup_stm32f030x8.o(.text) refers to __main.o(!!!main) for __main
    startup_stm32f030x8.o(.text) refers to startup_stm32f030x8.o(HEAP) for Heap_Mem
    startup_stm32f030x8.o(.text) refers to startup_stm32f030x8.o(STACK) for Stack_Mem
    main.o(i.SystemClock_Config) refers to rt_memclr.o(.text) for __aeabi_memclr4
    main.o(i.SystemClock_Config) refers to stm32f0xx_hal_rcc.o(i.HAL_RCC_OscConfig) for HAL_RCC_OscConfig
    main.o(i.SystemClock_Config) refers to main.o(i.Error_Handler) for Error_Handler
    main.o(i.SystemClock_Config) refers to stm32f0xx_hal_rcc.o(i.HAL_RCC_ClockConfig) for HAL_RCC_ClockConfig
    main.o(i.SystemClock_Config) refers to stm32f0xx_hal_rcc_ex.o(i.HAL_RCCEx_PeriphCLKConfig) for HAL_RCCEx_PeriphCLKConfig
    main.o(i.main) refers to stm32f0xx_hal.o(i.HAL_Init) for HAL_Init
    main.o(i.main) refers to main.o(i.SystemClock_Config) for SystemClock_Config
    main.o(i.main) refers to gpio.o(i.MX_GPIO_Init) for MX_GPIO_Init
    main.o(i.main) refers to dma.o(i.MX_DMA_Init) for MX_DMA_Init
    main.o(i.main) refers to adc.o(i.MX_ADC_Init) for MX_ADC_Init
    main.o(i.main) refers to tim.o(i.MX_TIM3_Init) for MX_TIM3_Init
    main.o(i.main) refers to usart.o(i.MX_USART1_UART_Init) for MX_USART1_UART_Init
    main.o(i.main) refers to usart.o(i.MX_USART2_UART_Init) for MX_USART2_UART_Init
    main.o(i.main) refers to main_control.o(i.SysDataInit) for SysDataInit
    main.o(i.main) refers to screen_c8721.o(i.Screen_C8721_Init) for Screen_C8721_Init
    main.o(i.main) refers to temp.o(i.Temp_Get_Init) for Temp_Get_Init
    main.o(i.main) refers to usart.o(i.com_init) for com_init
    main.o(i.main) refers to wireless.o(i.Wireless_Init) for Wireless_Init
    main.o(i.main) refers to taskscheduler.o(i.SCH_Add_Task) for SCH_Add_Task
    main.o(i.main) refers to taskscheduler.o(i.SCH_Dispatch_Tasks) for SCH_Dispatch_Tasks
    main.o(i.main) refers to key.o(i.Key_Scan) for Key_Scan
    main.o(i.main) refers to screen_c8721.o(i.DisplayTask) for DisplayTask
    main.o(i.main) refers to temp.o(i.TempGetTask) for TempGetTask
    main.o(i.main) refers to main_control.o(i.MainControl) for MainControl
    gpio.o(i.MX_GPIO_Init) refers to rt_memclr.o(.text) for __aeabi_memclr4
    gpio.o(i.MX_GPIO_Init) refers to stm32f0xx_hal_gpio.o(i.HAL_GPIO_WritePin) for HAL_GPIO_WritePin
    gpio.o(i.MX_GPIO_Init) refers to stm32f0xx_hal_gpio.o(i.HAL_GPIO_Init) for HAL_GPIO_Init
    adc.o(i.HAL_ADC_MspDeInit) refers to stm32f0xx_hal_gpio.o(i.HAL_GPIO_DeInit) for HAL_GPIO_DeInit
    adc.o(i.HAL_ADC_MspDeInit) refers to stm32f0xx_hal_dma.o(i.HAL_DMA_DeInit) for HAL_DMA_DeInit
    adc.o(i.HAL_ADC_MspDeInit) refers to stm32f0xx_hal_cortex.o(i.HAL_NVIC_DisableIRQ) for HAL_NVIC_DisableIRQ
    adc.o(i.HAL_ADC_MspInit) refers to rt_memclr.o(.text) for __aeabi_memclr4
    adc.o(i.HAL_ADC_MspInit) refers to stm32f0xx_hal_gpio.o(i.HAL_GPIO_Init) for HAL_GPIO_Init
[...]
    IsMainTempInvalid                        0x08003951   Thumb Code    16  main_control.o(i.IsMainTempInvalid)
    i.Key0_long_press                        0x08003964   Section        0  key.o(i.Key0_long_press)
    i.Key0_short_press                       0x08003978   Section        0  key.o(i.Key0_short_press)
    i.Key0_very_long_press                   0x080039bc   Section        0  key.o(i.Key0_very_long_press)
    i.Key1_long_press                        0x080039c4   Section        0  key.o(i.Key1_long_press)
    i.Key1_short_press                       0x080039ec   Section        0  key.o(i.Key1_short_press)
    i.Key1_very_long_press                   0x08003a48   Section        0  key.o(i.Key1_very_long_press)
    i.KeyRespose                             0x08003a70   Section        0  key.o(i.KeyRespose)
    i.Key_Scan                               0x08003ae0   Section        0  key.o(i.Key_Scan)
    i.LedTask                                0x08003bec   Section        0  main_control.o(i.LedTask)
    LedTask                                  0x08003bed   Thumb Code    14  main_control.o(i.LedTask)
    i.MX_ADC_Init                            0x08003c00   Section        0  adc.o(i.MX_ADC_Init)
    i.MX_DMA_Init                            0x08003c90   Section        0  dma.o(i.MX_DMA_Init)
    i.MX_GPIO_Init                           0x08003ce4   Section        0  gpio.o(i.MX_GPIO_Init)
    i.MX_TIM3_Init                           0x08003dfc   Section        0  tim.o(i.MX_TIM3_Init)
    i.MX_USART1_UART_Init                    0x08003e70   Section        0  usart.o(i.MX_USART1_UART_Init)
    i.MX_USART2_UART_Init                    0x08003eb4   Section        0  usart.o(i.MX_USART2_UART_Init)
    i.MainControl                            0x08003ef8   Section        0  main_control.o(i.MainControl)
    i.NMI_Handler                            0x0800409c   Section        0  stm32f0xx_it.o(i.NMI_Handler)
    i.PT1000_CalculateTemperature            0x080040a0   Section        0  temp.o(i.PT1000_CalculateTemperature)
    i.PendSV_Handler                         0x08004188   Section        0  stm32f0xx_it.o(i.PendSV_Handler)
    i.SCH_Add_Task                           0x0800418c   Section        0  taskscheduler.o(i.SCH_Add_Task)
    i.SCH_Delete_Task                        0x080041e8   Section        0  taskscheduler.o(i.SCH_Delete_Task)
    i.SCH_Dispatch_Tasks                     0x08004230   Section        0  taskscheduler.o(i.SCH_Dispatch_Tasks)
    i.SCH_Go_To_Sleep                        0x08004290   Section        0  taskscheduler.o(i.SCH_Go_To_Sleep)
    SCH_Go_To_Sleep                          0x08004291   Thumb Code     2  taskscheduler.o(i.SCH_Go_To_Sleep)
    i.SCH_Report_Status                      0x08004294   Section        0  taskscheduler.o(i.SCH_Report_Status)
    i.SCH_Update                             0x080042f0   Section        0  taskscheduler.o(i.SCH_Update)
    i.SCL_Write                              0x08004368   Section        0  screen_c8721.o(i.SCL_Write)
    i.SDA_Write                              0x08004390   Section        0  screen_c8721.o(i.SDA_Write)
    i.SVC_Handler                            0x080043b8   Section        0  stm32f0xx_it.o(i.SVC_Handler)
    i.Screen_C8721_Init                      0x080043ba   Section        0  screen_c8721.o(i.Screen_C8721_Init)
    i.Screen_MapToDisplayBuf                 0x080043cc   Section        0  screen_c8721.o(i.Screen_MapToDisplayBuf)
    Screen_MapToDisplayBuf                   0x080043cd   Thumb Code    56  screen_c8721.o(i.Screen_MapToDisplayBuf)
    i.ShowSpecialChars                       0x0800440c   Section        0  screen_c8721.o(i.ShowSpecialChars)
    ShowSpecialChars                         0x0800440d   Thumb Code   112  screen_c8721.o(i.ShowSpecialChars)
    i.ShowTemp3Digits                        0x08004480   Section        0  screen_c8721.o(i.ShowTemp3Digits)
    ShowTemp3Digits                          0x08004481   Thumb Code   368  screen_c8721.o(i.ShowTemp3Digits)
    i.SyncTempsAfterUnitSwitch               0x080045fc   Section        0  key.o(i.SyncTempsAfterUnitSwitch)
    SyncTempsAfterUnitSwitch                 0x080045fd   Thumb Code    36  key.o(i.SyncTempsAfterUnitSwitch)
    i.SysDataInit                            0x08004624   Section        0  main_control.o(i.SysDataInit)
    i.SysTick_Handler                        0x080046b8   Section        0  stm32f0xx_it.o(i.SysTick_Handler)
    i.SystemClock_Config                     0x080046c4   Section        0  main.o(i.SystemClock_Config)
    i.SystemInit                             0x0800474a   Section        0  system_stm32f0xx.o(i.SystemInit)
    i.TIM3_IRQHandler                        0x0800474c   Section        0  stm32f0xx_it.o(i.TIM3_IRQHandler)
    i.TIM_Base_SetConfig                     0x0800475c   Section        0  stm32f0xx_hal_tim.o(i.TIM_Base_SetConfig)
    i.TIM_ETR_SetConfig                      0x0800480c   Section        0  stm32f0xx_hal_tim.o(i.TIM_ETR_SetConfig)
    i.TIM_ITRx_SetConfig                     0x08004828   Section        0  stm32f0xx_hal_tim.o(i.TIM_ITRx_SetConfig)
    TIM_ITRx_SetConfig                       0x08004829   Thumb Code    24  stm32f0xx_hal_tim.o(i.TIM_ITRx_SetConfig)
    i.TIM_TI1_ConfigInputStage               0x08004840   Section        0  stm32f0xx_hal_tim.o(i.TIM_TI1_ConfigInputStage)
    TIM_TI1_ConfigInputStage                 0x08004841   Thumb Code    50  stm32f0xx_hal_tim.o(i.TIM_TI1_ConfigInputStage)
    i.TIM_TI2_ConfigInputStage               0x08004872   Section        0  stm32f0xx_hal_tim.o(i.TIM_TI2_ConfigInputStage)
    TIM_TI2_ConfigInputStage                 0x08004873   Thumb Code    50  stm32f0xx_hal_tim.o(i.TIM_TI2_ConfigInputStage)
    i.TempFromC                              0x080048a4   Section        0  main_control.o(i.TempFromC)
    TempFromC                                0x080048a5   Thumb Code    32  main_control.o(i.TempFromC)
    i.TempGetTask                            0x080048c8   Section        0  temp.o(i.TempGetTask)
    i.TempToC                                0x08004d78   Section        0  main_control.o(i.TempToC)
    TempToC                                  0x08004d79   Thumb Code    34  main_control.o(i.TempToC)
    i.Temp_Get                               0x08004da0   Section        0  temp.o(i.Temp_Get)
    i.Temp_Get_Init                          0x08004e18   Section        0  temp.o(i.Temp_Get_Init)
    i.Temp_Handle                            0x08004e20   Section        0  temp.o(i.Temp_Handle)
    i.UART_AdvFeatureConfig                  0x08004e80   Section        0  stm32f0xx_hal_uart.o(i.UART_AdvFeatureConfig)
    i.UART_CheckIdleState                    0x08004f70   Section        0  stm32f0xx_hal_uart.o(i.UART_CheckIdleState)
    i.UART_DMAAbortOnError                   0x08005070   Section        0  stm32f0xx_hal_uart.o(i.UART_DMAAbortOnError)
    UART_DMAAbortOnError                     0x08005071   Thumb Code    24  stm32f0xx_hal_uart.o(i.UART_DMAAbortOnError)
    i.UART_DMAError                          0x08005088   Section        0  stm32f0xx_hal_uart.o(i.UART_DMAError)
    UART_DMAError                            0x08005089   Thumb Code    88  stm32f0xx_hal_uart.o(i.UART_DMAError)
    i.UART_DMAReceiveCplt                    0x080050e0   Section        0  stm32f0xx_hal_uart.o(i.UART_DMAReceiveCplt)
    UART_DMAReceiveCplt                      0x080050e1   Thumb Code   198  stm32f0xx_hal_uart.o(i.UART_DMAReceiveCplt)
    i.UART_DMARxHalfCplt                     0x080051a6   Section        0  stm32f0xx_hal_uart.o(i.UART_DMARxHalfCplt)
    UART_DMARxHalfCplt                       0x080051a7   Thumb Code    38  stm32f0xx_hal_uart.o(i.UART_DMARxHalfCplt)
    i.UART_EndRxTransfer                     0x080051cc   Section        0  stm32f0xx_hal_uart.o(i.UART_EndRxTransfer)
    UART_EndRxTransfer                       0x080051cd   Thumb Code   128  stm32f0xx_hal_uart.o(i.UART_EndRxTransfer)
    i.UART_EndTransmit_IT                    0x0800524c   Section        0  stm32f0xx_hal_uart.o(i.UART_EndTransmit_IT)
    UART_EndTransmit_IT                      0x0800524d   Thumb Code    54  stm32f0xx_hal_uart.o(i.UART_EndTransmit_IT)
    i.UART_EndTxTransfer                     0x08005282   Section        0  stm32f0xx_hal_uart.o(i.UART_EndTxTransfer)
    UART_EndTxTransfer                       0x08005283   Thumb Code    44  stm32f0xx_hal_uart.o(i.UART_EndTxTransfer)
    i.UART_SetConfig                         0x080052b0   Section        0  stm32f0xx_hal_uart.o(i.UART_SetConfig)
    i.UART_Start_Receive_DMA                 0x08005450   Section        0  stm32f0xx_hal_uart.o(i.UART_Start_Receive_DMA)
    i.UART_WaitOnFlagUntilTimeout            0x0800552c   Section        0  stm32f0xx_hal_uart.o(i.UART_WaitOnFlagUntilTimeout)
    i.UI_CycleDisplayMode                    0x080055e0   Section        0  main_control.o(i.UI_CycleDisplayMode)
    i.UI_GetBluetoothIconState               0x08005668   Section        0  main_control.o(i.UI_GetBluetoothIconState)
    i.UI_GetDisplaySpecial                   0x08005674   Section        0  main_control.o(i.UI_GetDisplaySpecial)
    i.UI_GetDisplayTemp                      0x08005680   Section        0  main_control.o(i.UI_GetDisplayTemp)
    i.UI_NotifyLocalInteraction              0x0800568c   Section        0  main_control.o(i.UI_NotifyLocalInteraction)
    i.UI_RequestBluetoothPairing             0x08005698   Section        0  main_control.o(i.UI_RequestBluetoothPairing)
    i.UI_RequestBluetoothPowerOff            0x080056ac   Section        0  main_control.o(i.UI_RequestBluetoothPowerOff)
    i.USART1_IRQHandler                      0x080056c0   Section        0  stm32f0xx_it.o(i.USART1_IRQHandler)
    i.USART2_IRQHandler                      0x080056e0   Section        0  stm32f0xx_it.o(i.USART2_IRQHandler)
    i.UpdateBatteryLevel                     0x08005700   Section        0  temp.o(i.UpdateBatteryLevel)
    UpdateBatteryLevel                       0x08005701   Thumb Code    94  temp.o(i.UpdateBatteryLevel)
    i.UpdateDisplayCache                     0x08005770   Section        0  main_control.o(i.UpdateDisplayCache)
    UpdateDisplayCache                       0x08005771   Thumb Code   402  main_control.o(i.UpdateDisplayCache)
    i.UpdateGauge                            0x08005920   Section        0  screen_c8721.o(i.UpdateGauge)
    UpdateGauge                              0x08005921   Thumb Code   318  screen_c8721.o(i.UpdateGauge)
    i.Wireless_Init                          0x08005a70   Section        0  wireless.o(i.Wireless_Init)
    i.__ARM_common_ll_muluu                  0x08005a88   Section        0  stm32f0xx_hal_rcc.o(i.__ARM_common_ll_muluu)
    i.__ARM_common_switch8                   0x08005ab8   Section        0  stm32f0xx_hal_dma.o(i.__ARM_common_switch8)
    i.__NVIC_SetPriority                     0x08005ad4   Section        0  stm32f0xx_hal_cortex.o(i.__NVIC_SetPriority)
    __NVIC_SetPriority                       0x08005ad5   Thumb Code   110  stm32f0xx_hal_cortex.o(i.__NVIC_SetPriority)
    i.__get_PRIMASK                          0x08005b4c   Section        0  stm32f0xx_hal_uart.o(i.__get_PRIMASK)
    __get_PRIMASK                            0x08005b4d   Thumb Code     6  stm32f0xx_hal_uart.o(i.__get_PRIMASK)
    i.__set_PRIMASK                          0x08005b52   Section        0  stm32f0xx_hal_uart.o(i.__set_PRIMASK)
    __set_PRIMASK                            0x08005b53   Thumb Code     6  stm32f0xx_hal_uart.o(i.__set_PRIMASK)
    i._usart_callback                        0x08005b58   Section        0  usart.o(i._usart_callback)
    i.channel_env_init                       0x08005ba4   Section        0  temp.o(i.channel_env_init)
    i.com_init                               0x08005bec   Section        0  usart.o(i.com_init)
    i.main                                   0x08005c38   Section        0  main.o(i.main)
    i.parse_be32_to_int16_c                  0x08005cb0   Section        0  temp.o(i.parse_be32_to_int16_c)
    parse_be32_to_int16_c                    0x08005cb1   Thumb Code    72  temp.o(i.parse_be32_to_int16_c)
    i.uart_dma_poll_check                    0x08005cfc   Section        0  usart.o(i.uart_dma_poll_check)
    i.update_three_temps_from_uart2          0x08005d50   Section        0  temp.o(i.update_three_temps_from_uart2)
    update_three_temps_from_uart2            0x08005d51   Thumb Code   104  temp.o(i.update_three_temps_from_uart2)
    x$fpl$fadd                               0x08005dd8   Section      140  faddsub.o(x$fpl$fadd)
    _fadd1                                   0x08005de5   Thumb Code     0  faddsub.o(x$fpl$fadd)
    x$fpl$fmul                               0x08005e64   Section      176  fmul.o(x$fpl$fmul)
    x$fpl$fsub                               0x08005f14   Section      208  faddsub.o(x$fpl$fsub)
    _fsub1                                   0x08005f21   Thumb Code     0  faddsub.o(x$fpl$fsub)
    .constdata                               0x08005fe4   Section       32  stm32f0xx_hal_rcc.o(.constdata)
    x$fpl$usenofp                            0x08005fe4   Section        0  usenofp.o(x$fpl$usenofp)
    aPLLMULFactorTable                       0x08005fe4   Data          16  stm32f0xx_hal_rcc.o(.constdata)
    aPredivFactorTable                       0x08005ff4   Data          16  stm32f0xx_hal_rcc.o(.constdata)
    .constdata                               0x08006004   Section       24  system_stm32f0xx.o(.constdata)
    .constdata                               0x0800601c   Section       52  screen_c8721.o(.constdata)
    s_gaugeThreshC                           0x0800602c   Data          18  screen_c8721.o(.constdata)
    s_gaugeThreshF                           0x0800603e   Data          18  screen_c8721.o(.constdata)
    .constdata                               0x08006050   Section      194  temp.o(.constdata)
    RTD_TAB_PT1000                           0x08006050   Data         194  temp.o(.constdata)
    .constdata                               0x08006112   Section       64  fdiv.o(.constdata)
    fdiv_tab                                 0x08006112   Data          64  fdiv.o(.constdata)
    .data                                    0x20000000   Section        4  adc.o(.data)
    .data                                    0x20000004   Section        8  usart.o(.data)
    last_pos2                                0x2000000a   Data           2  usart.o(.data)
    .data                                    0x2000000c   Section        9  stm32f0xx_hal.o(.data)
    .data                                    0x20000018   Section        4  system_stm32f0xx.o(.data)
    .data                                    0x2000001c   Section        5  taskscheduler.o(.data)
    Error_tick_count_G                       0x2000001e   Data           2  taskscheduler.o(.data)
    Last_error_code_G                        0x20000020   Data           1  taskscheduler.o(.data)
    .data                                    0x20000021   Section       27  c8721.o(.data)
    checksum                                 0x20000025   Data           1  c8721.o(.data)
    sbreathCount                             0x20000026   Data           1  c8721.o(.data)
    sbreathBuf                               0x20000027   Data           1  c8721.o(.data)
    sbreathFlag                              0x20000028   Data           1  c8721.o(.data)
    smarqueeBuf                              0x20000029   Data          19  c8721.o(.data)
    .data                                    0x2000003c   Section        9  key.o(.data)
    time_count                               0x2000003e   Data           4  key.o(.data)
    quick_sent_on_down                       0x20000042   Data           2  key.o(.data)
    key0_shutdown_sent                       0x20000044   Data           1  key.o(.data)
    .data                                    0x20000045   Section        2  screen_c8721.o(.data)
    .data                                    0x20000048   Section       36  temp.o(.data)
    s_comm_temp_c                            0x2000004c   Data           6  temp.o(.data)
    s_comm_temp_valid                        0x20000052   Data           1  temp.o(.data)
    s_probe_c_filt                           0x20000054   Data           2  temp.o(.data)
    s_probe_c_filt_valid                     0x20000056   Data           1  temp.o(.data)
    s_probe_hi_latched                       0x20000057   Data           1  temp.o(.data)
    s_probe_hi_pending_cnt                   0x20000058   Data           1  temp.o(.data)
    s_probe_hi_release_cnt                   0x20000059   Data           1  temp.o(.data)
    s_probe_f_prev                           0x2000005a   Data           2  temp.o(.data)
    s_probe_f_prev_valid                     0x2000005c   Data           1  temp.o(.data)
    s_probe_drop_glitch_cnt                  0x2000005d   Data           1  temp.o(.data)
    s_probe_disconnect_pending_cnt           0x2000005e   Data           1  temp.o(.data)
    s_probe_reconnect_pending_cnt            0x2000005f   Data           1  temp.o(.data)
    i                                        0x20000060   Data           1  temp.o(.data)
    temp                                     0x20000062   Data           2  temp.o(.data)
    Total_temp                               0x20000064   Data           2  temp.o(.data)
    i                                        0x20000066   Data           1  temp.o(.data)
    Size                                     0x20000067   Data           1  temp.o(.data)
    InTtemp                                  0x20000068   Data           2  temp.o(.data)
    low_cnt                                  0x2000006a   Data           1  temp.o(.data)
    high_cnt                                 0x2000006b   Data           1  temp.o(.data)
    .data                                    0x2000006c   Section        1  wireless.o(.data)
    s_bt_status                              0x2000006c   Data           1  wireless.o(.data)
    .data                                    0x2000006e   Section       41  main_control.o(.data)
    s_bt_state                               0x20000073   Data           1  main_control.o(.data)
    s_bt_icon_on                             0x20000074   Data           1  main_control.o(.data)
    s_bt_pairing_req                         0x20000075   Data           1  main_control.o(.data)
    s_bt_poweroff_req                        0x20000076   Data           1  main_control.o(.data)
    s_bt_connected_input                     0x20000077   Data           1  main_control.o(.data)
    s_bt_hw_on                               0x20000078   Data           1  main_control.o(.data)
    s_bt_blink_ticks_100ms                   0x2000007a   Data           2  main_control.o(.data)
    s_bt_pairing_ticks_100ms                 0x2000007c   Data           2  main_control.o(.data)
    s_display_temp                           0x2000007e   Data           2  main_control.o(.data)
    s_display_special                        0x20000080   Data           1  main_control.o(.data)
    s_idle_ticks_100ms                       0x20000082   Data           2  main_control.o(.data)
    s_last_work_process                      0x20000084   Data           1  main_control.o(.data)
    s_probe_connected_last                   0x20000085   Data           1  main_control.o(.data)
    s_probe_absent_ticks_100ms               0x20000086   Data           1  main_control.o(.data)
    s_main_outlier_hold_cnt                  0x20000087   Data           3  main_control.o(.data)
    s_main_outlier_dynamic_cnt               0x2000008a   Data           3  main_control.o(.data)
    s_main_prev_src_c                        0x2000008e   Data           6  main_control.o(.data)
    s_main_prev_src_valid                    0x20000094   Data           3  main_control.o(.data)
    .bss                                     0x20000098   Section      132  adc.o(.bss)
    .bss                                     0x2000011c   Section       72  tim.o(.bss)
    .bss                                     0x20000164   Section     3112  usart.o(.bss)
    .bss                                     0x20000d8c   Section      384  taskscheduler.o(.bss)
    .bss                                     0x20000f0c   Section      145  c8721.o(.bss)
    .bss                                     0x20000fa0   Section       64  screen_c8721.o(.bss)
    .bss                                     0x20000fe0   Section       76  temp.o(.bss)
    s_probe_temp_hist                        0x20001018   Data          20  temp.o(.bss)
    .bss                                     0x2000102c   Section       30  main_control.o(.bss)
    .bss                                     0x2000104c   Section       96  libspace.o(.bss)
    HEAP                                     0x200010b0   Section      512  startup_stm32f030x8.o(HEAP)
    Heap_Mem                                 0x200010b0   Data         512  startup_stm32f030x8.o(HEAP)
    STACK                                    0x200012b0   Section     1024  startup_stm32f030x8.o(STACK)
    Stack_Mem                                0x200012b0   Data        1024  startup_stm32f030x8.o(STACK)
    __initial_sp                             0x200016b0   Data           0  startup_stm32f030x8.o(STACK)

    Global Symbols

    Symbol Name                              Value     Ov Type        Size  Object(Section)

    BuildAttributes$$THM_ISAv3M$S$PE$A:L22$X:L11$S22$IEEE1$IW$USESV6$~STKCKD$USESV7$~SHL$OSPACE$ROPI$EBA8$UX$STANDARDLIB$REQ8$PRES8$EABIv2 0x00000000   Number         0  anon$$obj.o ABSOLUTE
    __ARM_use_no_argv                        0x00000000   Number         0  main.o ABSOLUTE
    __ARM_exceptions_init                     - Undefined Weak Reference
    __alloca_initialize                       - Undefined Weak Reference
    __arm_fini_                               - Undefined Weak Reference
    __arm_preinit_                            - Undefined Weak Reference
    __cpp_initialize__aeabi_                  - Undefined Weak Reference
    __cxa_finalize                            - Undefined Weak Reference
    __rt_locale                               - Undefined Weak Reference
    __sigvec_lookup                           - Undefined Weak Reference
    _atexit_init                              - Undefined Weak Reference
    _call_atexit_fns                          - Undefined Weak Reference
    _clock_init                               - Undefined Weak Reference
    _fp_trap_init                             - Undefined Weak Reference
    _fp_trap_shutdown                         - Undefined Weak Reference
    _get_lc_collate                           - Undefined Weak Reference
    _get_lc_ctype                             - Undefined Weak Reference
    _get_lc_monetary                          - Undefined Weak Reference
    _get_lc_numeric                           - Undefined Weak Reference
    _get_lc_time                              - Undefined Weak Reference
    _getenv_init                              - Undefined Weak Reference
    _handle_redirection                       - Undefined Weak Reference
    _init_alloc                               - Undefined Weak Reference
    _init_user_alloc                          - Undefined Weak Reference
    _initio                                   - Undefined Weak Reference
    _rand_init                                - Undefined Weak Reference
    _signal_finish                            - Undefined Weak Reference
    _signal_init                              - Undefined Weak Reference
    _terminate_alloc                          - Undefined Weak Reference
    _terminate_user_alloc                     - Undefined Weak Reference
    _terminateio                              - Undefined Weak Reference
    __Vectors_Size                           0x000000b4   Number         0  startup_stm32f030x8.o ABSOLUTE
    __Vectors                                0x08000000   Data           4  startup_stm32f030x8.o(RESET)
    __Vectors_End                            0x080000b4   Data           0  startup_stm32f030x8.o(RESET)
    __main                                   0x080000b5   Thumb Code     8  __main.o(!!!main)
    __scatterload                            0x080000bd   Thumb Code     0  __scatter.o(!!!scatter)
    __scatterload_rt2                        0x080000bd   Thumb Code    52  __scatter.o(!!!scatter)
    __scatterload_rt2_thumb_only             0x080000bd   Thumb Code     0  __scatter.o(!!!scatter)
    __scatterload_null                       0x080000cd   Thumb Code     0  __scatter.o(!!!scatter)
    __scatterload_copy                       0x080000f9   Thumb Code    26  __scatter_copy.o(!!handler_copy)
    __scatterload_zeroinit                   0x08000115   Thumb Code    28  __scatter_zi.o(!!handler_zi)
    __rt_lib_init                            0x08000131   Thumb Code     0  libinit.o(.ARM.Collect$$libinit$$00000000)
    __rt_lib_init_alloca_1                   0x08000133   Thumb Code     0  libinit2.o(.ARM.Collect$$libinit$$0000002E)
    __rt_lib_init_argv_1                     0x08000133   Thumb Code     0  libinit2.o(.ARM.Collect$$libinit$$0000002C)
    __rt_lib_init_atexit_1                   0x08000133   Thumb Code     0  libinit2.o(.ARM.Collect$$libinit$$0000001B)
    __rt_lib_init_clock_1                    0x08000133   Thumb Code     0  libinit2.o(.ARM.Collect$$libinit$$00000021)
    __rt_lib_init_cpp_1                      0x08000133   Thumb Code     0  libinit2.o(.ARM.Collect$$libinit$$00000032)
    __rt_lib_init_exceptions_1               0x08000133   Thumb Code     0  libinit2.o(.ARM.Collect$$libinit$$00000030)
    __rt_lib_init_fp_1                       0x08000133   Thumb Code     0  libinit2.o(.ARM.Collect$$libinit$$00000002)
    __rt_lib_init_fp_trap_1                  0x08000133   Thumb Code     0  libinit2.o(.ARM.Collect$$libinit$$0000001F)
    __rt_lib_init_getenv_1                   0x08000133   Thumb Code     0  libinit2.o(.ARM.Collect$$libinit$$00000023)
    __rt_lib_init_heap_1                     0x08000133   Thumb Code     0  libinit2.o(.ARM.Collect$$libinit$$0000000A)
    __rt_lib_init_lc_collate_1               0x08000133   Thumb Code     0  libinit2.o(.ARM.Collect$$libinit$$00000011)
    __rt_lib_init_lc_ctype_1                 0x08000133   Thumb Code     0  libinit2.o(.ARM.Collect$$libinit$$00000013)
    __rt_lib_init_lc_monetary_1              0x08000133   Thumb Code     0  libinit2.o(.ARM.Collect$$libinit$$00000015)
    __rt_lib_init_lc_numeric_1               0x08000133   Thumb Code     0  libinit2.o(.ARM.Collect$$libinit$$00000017)
    __rt_lib_init_lc_time_1                  0x08000133   Thumb Code     0  libinit2.o(.ARM.Collect$$libinit$$00000019)
    __rt_lib_init_preinit_1                  0x08000133   Thumb Code     0  libinit2.o(.ARM.Collect$$libinit$$00000004)
    __rt_lib_init_rand_1                     0x08000133   Thumb Code     0  libinit2.o(.ARM.Collect$$libinit$$0000000E)
    __rt_lib_init_return                     0x08000133   Thumb Code     0  libinit2.o(.ARM.Collect$$libinit$$00000033)
    __rt_lib_init_signal_1                   0x08000133   Thumb Code     0  libinit2.o(.ARM.Collect$$libinit$$0000001D)
    __rt_lib_init_stdio_1                    0x08000133   Thumb Code     0  libinit2.o(.ARM.Collect$$libinit$$00000025)
    __rt_lib_init_user_alloc_1               0x08000133   Thumb Code     0  libinit2.o(.ARM.Collect$$libinit$$0000000C)
    __rt_lib_shutdown                        0x08000135   Thumb Code     0  libshutdown.o(.ARM.Collect$$libshutdown$$00000000)
    __rt_lib_shutdown_cpp_1                  0x08000137   Thumb Code     0  libshutdown2.o(.ARM.Collect$$libshutdown$$00000004)
    __rt_lib_shutdown_fini_1                 0x08000137   Thumb Code     0  libshutdown2.o(.ARM.Collect$$libshutdown$$00000002)
    __rt_lib_shutdown_fp_trap_1              0x08000137   Thumb Code     0  libshutdown2.o(.ARM.Collect$$libshutdown$$00000009)
    __rt_lib_shutdown_heap_1                 0x08000137   Thumb Code     0  libshutdown2.o(.ARM.Collect$$libshutdown$$00000011)
    __rt_lib_shutdown_return                 0x08000137   Thumb Code     0  libshutdown2.o(.ARM.Collect$$libshutdown$$00000012)
    __rt_lib_shutdown_signal_1               0x08000137   Thumb Code     0  libshutdown2.o(.ARM.Collect$$libshutdown$$0000000C)
    __rt_lib_shutdown_stdio_1                0x08000137   Thumb Code     0  libshutdown2.o(.ARM.Collect$$libshutdown$$00000006)
    __rt_lib_shutdown_user_alloc_1           0x08000137   Thumb Code     0  libshutdown2.o(.ARM.Collect$$libshutdown$$0000000E)
    __rt_entry                               0x08000139   Thumb Code     0  __rtentry.o(.ARM.Collect$$rtentry$$00000000)
    __rt_entry_presh_1                       0x08000139   Thumb Code     0  __rtentry2.o(.ARM.Collect$$rtentry$$00000002)
    __rt_entry_sh                            0x08000139   Thumb Code     0  __rtentry4.o(.ARM.Collect$$rtentry$$00000004)
    __rt_entry_li                            0x0800013f   Thumb Code     0  __rtentry2.o(.ARM.Collect$$rtentry$$0000000A)
    __rt_entry_postsh_1                      0x0800013f   Thumb Code     0  __rtentry2.o(.ARM.Collect$$rtentry$$00000009)
    __rt_entry_main                          0x08000143   Thumb Code     0  __rtentry2.o(.ARM.Collect$$rtentry$$0000000D)
    __rt_entry_postli_1                      0x08000143   Thumb Code     0  __rtentry2.o(.ARM.Collect$$rtentry$$0000000C)
    __rt_exit                                0x0800014b   Thumb Code     0  rtexit.o(.ARM.Collect$$rtexit$$00000000)
    __rt_exit_ls                             0x0800014d   Thumb Code     0  rtexit2.o(.ARM.Collect$$rtexit$$00000003)
    __rt_exit_prels_1                        0x0800014d   Thumb Code     0  rtexit2.o(.ARM.Collect$$rtexit$$00000002)
    __rt_exit_exit                           0x08000151   Thumb Code     0  rtexit2.o(.ARM.Collect$$rtexit$$00000004)
    Reset_Handler                            0x08000159   Thumb Code     8  startup_stm32f030x8.o(.text)
    EXTI0_1_IRQHandler                       0x0800016b   Thumb Code     0  startup_stm32f030x8.o(.text)
    EXTI2_3_IRQHandler                       0x0800016b   Thumb Code     0  startup_stm32f030x8.o(.text)
    EXTI4_15_IRQHandler                      0x0800016b   Thumb Code     0  startup_stm32f030x8.o(.text)
    FLASH_IRQHandler                         0x0800016b   Thumb Code     0  startup_stm32f030x8.o(.text)
    I2C1_IRQHandler                          0x0800016b   Thumb Code     0  startup_stm32f030x8.o(.text)
    I2C2_IRQHandler                          0x0800016b   Thumb Code     0  startup_stm32f030x8.o(.text)
    RCC_IRQHandler                           0x0800016b   Thumb Code     0  startup_stm32f030x8.o(.text)
    RTC_IRQHandler                           0x0800016b   Thumb Code     0  startup_stm32f030x8.o(.text)
    SPI1_IRQHandler                          0x0800016b   Thumb Code     0  startup_stm32f030x8.o(.text)
    SPI2_IRQHandler                          0x0800016b   Thumb Code     0  startup_stm32f030x8.o(.text)
    TIM14_IRQHandler                         0x0800016b   Thumb Code     0  startup_stm32f030x8.o(.text)
    TIM15_IRQHandler                         0x0800016b   Thumb Code     0  startup_stm32f030x8.o(.text)
    TIM16_IRQHandler                         0x0800016b   Thumb Code     0  startup_stm32f030x8.o(.text)
    TIM17_IRQHandler                         0x0800016b   Thumb Code     0  startup_stm32f030x8.o(.text)
    TIM1_BRK_UP_TRG_COM_IRQHandler           0x0800016b   Thumb Code     0  startup_stm32f030x8.o(.text)
    TIM1_CC_IRQHandler                       0x0800016b   Thumb Code     0  startup_stm32f030x8.o(.text)
    TIM6_IRQHandler                          0x0800016b   Thumb Code     0  startup_stm32f030x8.o(.text)
    WWDG_IRQHandler                          0x0800016b   Thumb Code     0  startup_stm32f030x8.o(.text)
    __user_initial_stackheap                 0x0800016d   Thumb Code     0  startup_stm32f030x8.o(.text)
    __aeabi_uldivmod                         0x08000191   Thumb Code   258  lludiv.o(.text)
    _ll_udiv                                 0x08000191   Thumb Code     0  lludiv.o(.text)
    _memset_w                                0x08000293   Thumb Code    26  rt_memclr.o(.text)
    _memset                                  0x080002ad   Thumb Code    30  rt_memclr.o(.text)
    __aeabi_memclr                           0x080002cb   Thumb Code     4  rt_memclr.o(.text)
    __rt_memclr                              0x080002cb   Thumb Code     0  rt_memclr.o(.text)
    __aeabi_memclr4                          0x080002cf   Thumb Code     0  rt_memclr.o(.text)
    __aeabi_memclr8                          0x080002cf   Thumb Code     0  rt_memclr.o(.text)
    __rt_memclr_w                            0x080002cf   Thumb Code     4  rt_memclr.o(.text)
    __aeabi_uidiv                            0x080002d3   Thumb Code     0  aeabi_sdiv.o(.text)
    __aeabi_uidivmod                         0x080002d3   Thumb Code    20  aeabi_sdiv.o(.text)
    __aeabi_idiv                             0x080002e7   Thumb Code     0  aeabi_sdiv.o(.text)
    __aeabi_idivmod                          0x080002e7   Thumb Code   326  aeabi_sdiv.o(.text)
    __use_two_region_memory                  0x0800042d   Thumb Code     2  heapauxi.o(.text)
    __rt_heap_escrow$2region                 0x0800042f   Thumb Code     2  heapauxi.o(.text)
    __rt_heap_expand$2region                 0x08000431   Thumb Code     2  heapauxi.o(.text)
    __aeabi_fdiv                             0x08000435   Thumb Code     0  fdiv.o(.text)
    _fdiv                                    0x08000435   Thumb Code   334  fdiv.o(.text)
    _frdiv                                   0x08000583   Thumb Code     8  fdiv.o(.text)
    __aeabi_f2uiz                            0x08000595   Thumb Code     0  ffixui.o(.text)
    _ffixu                                   0x08000595   Thumb Code    48  ffixui.o(.text)
    __aeabi_i2f_normalise                    0x080005c5   Thumb Code    72  fflti.o(.text)
    __aeabi_i2f                              0x0800060d   Thumb Code    16  fflti.o(.text)
    _fflt                                    0x0800060d   Thumb Code     0  fflti.o(.text)
    __aeabi_ui2f                             0x0800061d   Thumb Code     6  fflti.o(.text)
    _ffltu                                   0x0800061d   Thumb Code     0  fflti.o(.text)
    __user_setup_stackheap                   0x08000623   Thumb Code    62  sys_stackheap_outer.o(.text)
    exit                                     0x08000661   Thumb Code    16  exit.o(.text)
    __user_libspace                          0x08000671   Thumb Code     8  libspace.o(.text)
    __user_perproc_libspace                  0x08000671   Thumb Code     0  libspace.o(.text)
    __user_perthread_libspace                0x08000671   Thumb Code     0  libspace.o(.text)
    _sys_exit                                0x08000679   Thumb Code     8  sys_exit.o(.text)
    __I$use$semihosting                      0x08000685   Thumb Code     0  use_no_semi.o(.text)
    __use_no_semihosting_swi                 0x08000685   Thumb Code     2  use_no_semi.o(.text)
    __semihosting_library_function           0x08000687   Thumb Code     0  indicate_semi.o(.text)
    ADC1_IRQHandler                          0x08000689   Thumb Code    10  stm32f0xx_it.o(i.ADC1_IRQHandler)
    Add_Temp                                 0x08000831   Thumb Code    62  temp.o(i.Add_Temp)
    Average_Temp                             0x08000951   Thumb Code    84  temp.o(i.Average_Temp)
    CF_ConfigCommand                         0x08000b89   Thumb Code    62  c8721.o(i.CF_ConfigCommand)
    CF_DisplayBufAutomatic                   0x08000bcd   Thumb Code    20  c8721.o(i.CF_DisplayBufAutomatic)
    CF_DisplayClearBuf                       0x08000be5   Thumb Code    30  c8721.o(i.CF_DisplayClearBuf)
    CF_DisplaySegment                        0x08000c0d   Thumb Code   370  c8721.o(i.CF_DisplaySegment)
    CF_Init                                  0x08000d8d   Thumb Code    36  c8721.o(i.CF_Init)
    CF_TimeDlyUs                             0x08000f89   Thumb Code    16  c8721.o(i.CF_TimeDlyUs)
    DMA1_Channel1_IRQHandler                 0x080013f1   Thumb Code    16  stm32f0xx_it.o(i.DMA1_Channel1_IRQHandler)
    DMA1_Channel2_3_IRQHandler               0x08001409   Thumb Code    16  stm32f0xx_it.o(i.DMA1_Channel2_3_IRQHandler)
    DMA1_Channel4_5_IRQHandler               0x08001421   Thumb Code    16  stm32f0xx_it.o(i.DMA1_Channel4_5_IRQHandler)
    DisplayTask                              0x08001485   Thumb Code   238  screen_c8721.o(i.DisplayTask)
    Error_Handler                            0x08001589   Thumb Code     6  main.o(i.Error_Handler)
    Get_Filter_ADC12bitResult                0x08001591   Thumb Code   258  temp.o(i.Get_Filter_ADC12bitResult)
    HAL_ADCEx_Calibration_Start              0x080016a5   Thumb Code   248  stm32f0xx_hal_adc_ex.o(i.HAL_ADCEx_Calibration_Start)
    HAL_ADC_ConfigChannel                    0x0800179d   Thumb Code   374  stm32f0xx_hal_adc.o(i.HAL_ADC_ConfigChannel)
    HAL_ADC_ConvCpltCallback                 0x08001925   Thumb Code    16  temp.o(i.HAL_ADC_ConvCpltCallback)
    HAL_ADC_ConvHalfCpltCallback             0x0800193d   Thumb Code     2  stm32f0xx_hal_adc.o(i.HAL_ADC_ConvHalfCpltCallback)
    HAL_ADC_ErrorCallback                    0x0800193f   Thumb Code     2  stm32f0xx_hal_adc.o(i.HAL_ADC_ErrorCallback)
    HAL_ADC_IRQHandler                       0x08001941   Thumb Code   252  stm32f0xx_hal_adc.o(i.HAL_ADC_IRQHandler)
    HAL_ADC_Init                             0x08001a3d   Thumb Code   442  stm32f0xx_hal_adc.o(i.HAL_ADC_Init)
    HAL_ADC_LevelOutOfWindowCallback         0x08001c01   Thumb Code     2  stm32f0xx_hal_adc.o(i.HAL_ADC_LevelOutOfWindowCallback)
    HAL_ADC_MspInit                          0x08001c05   Thumb Code   178  adc.o(i.HAL_ADC_MspInit)
    HAL_ADC_Start_DMA                        0x08001cc9   Thumb Code   176  stm32f0xx_hal_adc.o(i.HAL_ADC_Start_DMA)
    HAL_DMA_Abort                            0x08001d89   Thumb Code    82  stm32f0xx_hal_dma.o(i.HAL_DMA_Abort)
    HAL_DMA_Abort_IT                         0x08001ddb   Thumb Code    88  stm32f0xx_hal_dma.o(i.HAL_DMA_Abort_IT)
    HAL_DMA_GetError                         0x08001e33   Thumb Code     6  stm32f0xx_hal_dma.o(i.HAL_DMA_GetError)
    HAL_DMA_IRQHandler                       0x08001e39   Thumb Code   240  stm32f0xx_hal_dma.o(i.HAL_DMA_IRQHandler)
    HAL_DMA_Init                             0x08001f29   Thumb Code    86  stm32f0xx_hal_dma.o(i.HAL_DMA_Init)
    HAL_DMA_Start_IT                         0x08001f85   Thumb Code   154  stm32f0xx_hal_dma.o(i.HAL_DMA_Start_IT)
    HAL_Delay                                0x08002021   Thumb Code    38  stm32f0xx_hal.o(i.HAL_Delay)
    HAL_GPIO_Init                            0x0800204d   Thumb Code   470  stm32f0xx_hal_gpio.o(i.HAL_GPIO_Init)
    HAL_GPIO_ReadPin                         0x0800223d   Thumb Code    18  stm32f0xx_hal_gpio.o(i.HAL_GPIO_ReadPin)
    HAL_GPIO_TogglePin                       0x0800224f   Thumb Code    20  stm32f0xx_hal_gpio.o(i.HAL_GPIO_TogglePin)
    HAL_GPIO_WritePin                        0x08002263   Thumb Code    12  stm32f0xx_hal_gpio.o(i.HAL_GPIO_WritePin)
    HAL_GetTick                              0x08002271   Thumb Code     6  stm32f0xx_hal.o(i.HAL_GetTick)
    HAL_IncTick                              0x0800227d   Thumb Code    16  stm32f0xx_hal.o(i.HAL_IncTick)
    HAL_Init                                 0x08002295   Thumb Code    28  stm32f0xx_hal.o(i.HAL_Init)
    HAL_InitTick                             0x080022b5   Thumb Code    70  stm32f0xx_hal.o(i.HAL_InitTick)
    HAL_MspInit                              0x08002309   Thumb Code    60  stm32f0xx_hal_msp.o(i.HAL_MspInit)
    HAL_NVIC_EnableIRQ                       0x08002349   Thumb Code    22  stm32f0xx_hal_cortex.o(i.HAL_NVIC_EnableIRQ)
    HAL_NVIC_SetPriority                     0x08002365   Thumb Code    18  stm32f0xx_hal_cortex.o(i.HAL_NVIC_SetPriority)
    HAL_RCCEx_PeriphCLKConfig                0x08002379   Thumb Code   322  stm32f0xx_hal_rcc_ex.o(i.HAL_RCCEx_PeriphCLKConfig)
    HAL_RCC_ClockConfig                      0x080024c9   Thumb Code   342  stm32f0xx_hal_rcc.o(i.HAL_RCC_ClockConfig)
    HAL_RCC_GetHCLKFreq                      0x08002635   Thumb Code     6  stm32f0xx_hal_rcc.o(i.HAL_RCC_GetHCLKFreq)
    HAL_RCC_GetPCLK1Freq                     0x08002641   Thumb Code    26  stm32f0xx_hal_rcc.o(i.HAL_RCC_GetPCLK1Freq)
    HAL_RCC_GetSysClockFreq                  0x08002665   Thumb Code   130  stm32f0xx_hal_rcc.o(i.HAL_RCC_GetSysClockFreq)
    HAL_RCC_OscConfig                        0x080026fd   Thumb Code  1416  stm32f0xx_hal_rcc.o(i.HAL_RCC_OscConfig)
    HAL_SYSTICK_Config                       0x08002c89   Thumb Code    46  stm32f0xx_hal_cortex.o(i.HAL_SYSTICK_Config)
    HAL_TIMEx_BreakCallback                  0x08002cc1   Thumb Code     2  stm32f0xx_hal_tim_ex.o(i.HAL_TIMEx_BreakCallback)
    HAL_TIMEx_CommutCallback                 0x08002cc3   Thumb Code     2  stm32f0xx_hal_tim_ex.o(i.HAL_TIMEx_CommutCallback)
    HAL_TIMEx_MasterConfigSynchronization    0x08002cc5   Thumb Code   118  stm32f0xx_hal_tim_ex.o(i.HAL_TIMEx_MasterConfigSynchronization)
    HAL_TIM_Base_Init                        0x08002d49   Thumb Code   100  stm32f0xx_hal_tim.o(i.HAL_TIM_Base_Init)
    HAL_TIM_Base_MspInit                     0x08002dad   Thumb Code    58  tim.o(i.HAL_TIM_Base_MspInit)
    HAL_TIM_ConfigClockSource                0x08002df1   Thumb Code   280  stm32f0xx_hal_tim.o(i.HAL_TIM_ConfigClockSource)
    HAL_TIM_IC_CaptureCallback               0x08002f09   Thumb Code     2  stm32f0xx_hal_tim.o(i.HAL_TIM_IC_CaptureCallback)
    HAL_TIM_IRQHandler                       0x08002f0b   Thumb Code   366  stm32f0xx_hal_tim.o(i.HAL_TIM_IRQHandler)
    HAL_TIM_OC_DelayElapsedCallback          0x08003079   Thumb Code     2  stm32f0xx_hal_tim.o(i.HAL_TIM_OC_DelayElapsedCallback)
    HAL_TIM_PWM_PulseFinishedCallback        0x0800307b   Thumb Code     2  stm32f0xx_hal_tim.o(i.HAL_TIM_PWM_PulseFinishedCallback)
    HAL_TIM_PeriodElapsedCallback            0x0800307d   Thumb Code     2  stm32f0xx_hal_tim.o(i.HAL_TIM_PeriodElapsedCallback)
    HAL_TIM_TriggerCallback                  0x0800307f   Thumb Code     2  stm32f0xx_hal_tim.o(i.HAL_TIM_TriggerCallback)
    HAL_UARTEx_RxEventCallback               0x08003081   Thumb Code     2  stm32f0xx_hal_uart.o(i.HAL_UARTEx_RxEventCallback)
    HAL_UART_DMAStop                         0x08003083   Thumb Code   198  stm32f0xx_hal_uart.o(i.HAL_UART_DMAStop)
    HAL_UART_ErrorCallback                   0x08003149   Thumb Code     2  stm32f0xx_hal_uart.o(i.HAL_UART_ErrorCallback)
    HAL_UART_IRQHandler                      0x0800314d   Thumb Code   928  stm32f0xx_hal_uart.o(i.HAL_UART_IRQHandler)
    HAL_UART_Init                            0x080034f9   Thumb Code   126  stm32f0xx_hal_uart.o(i.HAL_UART_Init)
    HAL_UART_MspInit                         0x08003579   Thumb Code   466  usart.o(i.HAL_UART_MspInit)
    HAL_UART_Receive_DMA                     0x0800376d   Thumb Code   126  stm32f0xx_hal_uart.o(i.HAL_UART_Receive_DMA)
    HAL_UART_RxCpltCallback                  0x080037eb   Thumb Code     2  usart.o(i.HAL_UART_RxCpltCallback)
    HAL_UART_RxHalfCpltCallback              0x080037ed   Thumb Code     2  stm32f0xx_hal_uart.o(i.HAL_UART_RxHalfCpltCallback)
    HAL_UART_Transmit                        0x080037ef   Thumb Code   232  stm32f0xx_hal_uart.o(i.HAL_UART_Transmit)
    HAL_UART_TxCpltCallback                  0x080038d9   Thumb Code    16  usart.o(i.HAL_UART_TxCpltCallback)
    HardFault_Handler                        0x080038f1   Thumb Code     4  stm32f0xx_it.o(i.HardFault_Handler)
    Key0_long_press                          0x08003965   Thumb Code    14  key.o(i.Key0_long_press)
    Key0_short_press                         0x08003979   Thumb Code    60  key.o(i.Key0_short_press)
    Key0_very_long_press                     0x080039bd   Thumb Code     8  key.o(i.Key0_very_long_press)
    Key1_long_press                          0x080039c5   Thumb Code    34  key.o(i.Key1_long_press)
    Key1_short_press                         0x080039ed   Thumb Code    82  key.o(i.Key1_short_press)
    Key1_very_long_press                     0x08003a49   Thumb Code    34  key.o(i.Key1_very_long_press)
    KeyRespose                               0x08003a71   Thumb Code   108  key.o(i.KeyRespose)
    Key_Scan                                 0x08003ae1   Thumb Code   244  key.o(i.Key_Scan)
    MX_ADC_Init                              0x08003c01   Thumb Code   134  adc.o(i.MX_ADC_Init)
    MX_DMA_Init                              0x08003c91   Thumb Code    80  dma.o(i.MX_DMA_Init)
    MX_GPIO_Init                             0x08003ce5   Thumb Code   262  gpio.o(i.MX_GPIO_Init)
    MX_TIM3_Init                             0x08003dfd   Thumb Code   104  tim.o(i.MX_TIM3_Init)
    MX_USART1_UART_Init                      0x08003e71   Thumb Code    58  usart.o(i.MX_USART1_UART_Init)
    MX_USART2_UART_Init                      0x08003eb5   Thumb Code    58  usart.o(i.MX_USART2_UART_Init)
    MainControl                              0x08003ef9   Thumb Code   350  main_control.o(i.MainControl)
    NMI_Handler                              0x0800409d   Thumb Code     4  stm32f0xx_it.o(i.NMI_Handler)
    PT1000_CalculateTemperature              0x080040a1   Thumb Code   214  temp.o(i.PT1000_CalculateTemperature)
    PendSV_Handler                           0x08004189   Thumb Code     2  stm32f0xx_it.o(i.PendSV_Handler)
    SCH_Add_Task                             0x0800418d   Thumb Code    84  taskscheduler.o(i.SCH_Add_Task)
    SCH_Delete_Task                          0x080041e9   Thumb Code    64  taskscheduler.o(i.SCH_Delete_Task)
    SCH_Dispatch_Tasks                       0x08004231   Thumb Code    92  taskscheduler.o(i.SCH_Dispatch_Tasks)
    SCH_Report_Status                        0x08004295   Thumb Code    74  taskscheduler.o(i.SCH_Report_Status)
    SCH_Update                               0x080042f1   Thumb Code   116  taskscheduler.o(i.SCH_Update)
    SCL_Write                                0x08004369   Thumb Code    34  screen_c8721.o(i.SCL_Write)
    SDA_Write                                0x08004391   Thumb Code    34  screen_c8721.o(i.SDA_Write)
    SVC_Handler                              0x080043b9   Thumb Code     2  stm32f0xx_it.o(i.SVC_Handler)
    Screen_C8721_Init                        0x080043bb   Thumb Code    16  screen_c8721.o(i.Screen_C8721_Init)
    SysDataInit                              0x08004625   Thumb Code   102  main_control.o(i.SysDataInit)
    SysTick_Handler                          0x080046b9   Thumb Code    12  stm32f0xx_it.o(i.SysTick_Handler)
    SystemClock_Config                       0x080046c5   Thumb Code   134  main.o(i.SystemClock_Config)
    SystemInit                               0x0800474b   Thumb Code     2  system_stm32f0xx.o(i.SystemInit)
    TIM3_IRQHandler                          0x0800474d   Thumb Code    10  stm32f0xx_it.o(i.TIM3_IRQHandler)
    TIM_Base_SetConfig                       0x0800475d   Thumb Code   152  stm32f0xx_hal_tim.o(i.TIM_Base_SetConfig)
    TIM_ETR_SetConfig                        0x0800480d   Thumb Code    28  stm32f0xx_hal_tim.o(i.TIM_ETR_SetConfig)
    TempGetTask                              0x080048c9   Thumb Code  1180  temp.o(i.TempGetTask)
    Temp_Get                                 0x08004da1   Thumb Code    96  temp.o(i.Temp_Get)
    Temp_Get_Init                            0x08004e19   Thumb Code     8  temp.o(i.Temp_Get_Init)
    Temp_Handle                              0x08004e21   Thumb Code    86  temp.o(i.Temp_Handle)
    UART_AdvFeatureConfig                    0x08004e81   Thumb Code   240  stm32f0xx_hal_uart.o(i.UART_AdvFeatureConfig)
    UART_CheckIdleState                      0x08004f71   Thumb Code   252  stm32f0xx_hal_uart.o(i.UART_CheckIdleState)
    UART_SetConfig                           0x080052b1   Thumb Code   390  stm32f0xx_hal_uart.o(i.UART_SetConfig)
    UART_Start_Receive_DMA                   0x08005451   Thumb Code   206  stm32f0xx_hal_uart.o(i.UART_Start_Receive_DMA)
    UART_WaitOnFlagUntilTimeout              0x0800552d   Thumb Code   180  stm32f0xx_hal_uart.o(i.UART_WaitOnFlagUntilTimeout)
    UI_CycleDisplayMode                      0x080055e1   Thumb Code   122  main_control.o(i.UI_CycleDisplayMode)
    UI_GetBluetoothIconState                 0x08005669   Thumb Code     6  main_control.o(i.UI_GetBluetoothIconState)
    UI_GetDisplaySpecial                     0x08005675   Thumb Code     6  main_control.o(i.UI_GetDisplaySpecial)
    UI_GetDisplayTemp                        0x08005681   Thumb Code     8  main_control.o(i.UI_GetDisplayTemp)
    UI_NotifyLocalInteraction                0x0800568d   Thumb Code     8  main_control.o(i.UI_NotifyLocalInteraction)
    UI_RequestBluetoothPairing               0x08005699   Thumb Code    14  main_control.o(i.UI_RequestBluetoothPairing)
    UI_RequestBluetoothPowerOff              0x080056ad   Thumb Code    14  main_control.o(i.UI_RequestBluetoothPowerOff)
    USART1_IRQHandler                        0x080056c1   Thumb Code    20  stm32f0xx_it.o(i.USART1_IRQHandler)
    USART2_IRQHandler                        0x080056e1   Thumb Code    20  stm32f0xx_it.o(i.USART2_IRQHandler)
    Wireless_Init                            0x08005a71   Thumb Code    14  wireless.o(i.Wireless_Init)
    __ARM_common_ll_muluu                    0x08005a89   Thumb Code    48  stm32f0xx_hal_rcc.o(i.__ARM_common_ll_muluu)
    __ARM_common_switch8                     0x08005ab9   Thumb Code    28  stm32f0xx_hal_dma.o(i.__ARM_common_switch8)
    _usart_callback                          0x08005b59   Thumb Code    76  usart.o(i._usart_callback)
    channel_env_init                         0x08005ba5   Thumb Code    60  temp.o(i.channel_env_init)
    com_init                                 0x08005bed   Thumb Code    60  usart.o(i.com_init)
    main                                     0x08005c39   Thumb Code   102  main.o(i.main)
    uart_dma_poll_check                      0x08005cfd   Thumb Code    74  usart.o(i.uart_dma_poll_check)
    __aeabi_fadd                             0x08005dd9   Thumb Code     0  faddsub.o(x$fpl$fadd)
    _fadd                                    0x08005dd9   Thumb Code   134  faddsub.o(x$fpl$fadd)
    __aeabi_fmul                             0x08005e65   Thumb Code     0  fmul.o(x$fpl$fmul)
    _fmul                                    0x08005e65   Thumb Code   172  fmul.o(x$fpl$fmul)
    __aeabi_fsub                             0x08005f15   Thumb Code     0  faddsub.o(x$fpl$fsub)
    _fsub                                    0x08005f15   Thumb Code   204  faddsub.o(x$fpl$fsub)
    __I$use$fp                               0x08005fe4   Number         0  usenofp.o(x$fpl$usenofp)
    AHBPrescTable                            0x08006004   Data          16  system_stm32f0xx.o(.constdata)
    APBPrescTable                            0x08006014   Data           8  system_stm32f0xx.o(.constdata)
    DigitalTubeDisplayTable                  0x0800601c   Data          16  screen_c8721.o(.constdata)
    Region$$Table$$Base                      0x08006154   Number         0  anon$$obj.o(Region$$Table)
    Region$$Table$$Limit                     0x08006174   Number         0  anon$$obj.o(Region$$Table)
    adc_value                                0x20000000   Data           4  adc.o(.data)
    usart2_tx_busy                           0x20000004   Data           1  usart.o(.data)
    U1_Data                                  0x20000005   Data           2  usart.o(.data)
    U2_Data                                  0x20000007   Data           2  usart.o(.data)
    uwTick                                   0x2000000c   Data           4  stm32f0xx_hal.o(.data)
    uwTickPrio                               0x20000010   Data           4  stm32f0xx_hal.o(.data)
    uwTickFreq                               0x20000014   Data           1  stm32f0xx_hal.o(.data)
    SystemCoreClock                          0x20000018   Data           4  system_stm32f0xx.o(.data)
    Error_Code_G                             0x2000001c   Data           1  taskscheduler.o(.data)
    tCmdSetting                              0x20000021   Data           4  c8721.o(.data)
    KeyState                                 0x2000003c   Data           2  key.o(.data)
    DisplayMode                              0x20000045   Data           1  screen_c8721.o(.data)
    displaystep                              0x20000046   Data           1  screen_c8721.o(.data)
    SystemErrMessage                         0x20000048   Data           2  temp.o(.data)
    ADC_Start_DMA_OVER                       0x2000004a   Data           1  temp.o(.data)
    g_battery_low                            0x2000004b   Data           1  temp.o(.data)
    work_process                             0x2000006e   Data           1  main_control.o(.data)
    work_process_backups                     0x2000006f   Data           1  main_control.o(.data)
    g_probe_connected                        0x20000070   Data           1  main_control.o(.data)
    g_probe_over_hi                          0x20000071   Data           1  main_control.o(.data)
    g_probe_over_lo                          0x20000072   Data           1  main_control.o(.data)
    hadc                                     0x20000098   Data          64  adc.o(.bss)
    hdma_adc                                 0x200000d8   Data          68  adc.o(.bss)
    htim3                                    0x2000011c   Data          72  tim.o(.bss)
    huart1                                   0x20000164   Data         136  usart.o(.bss)
    huart2                                   0x200001ec   Data         136  usart.o(.bss)
    hdma_usart1_tx                           0x20000274   Data          68  usart.o(.bss)
    hdma_usart1_rx                           0x200002b8   Data          68  usart.o(.bss)
    hdma_usart2_rx                           0x200002fc   Data          68  usart.o(.bss)
    hdma_usart2_tx                           0x20000340   Data          68  usart.o(.bss)
    COM1                                     0x20000384   Data        1284  usart.o(.bss)
    COM2                                     0x20000888   Data        1284  usart.o(.bss)
    SCH_tasks_G                              0x20000d8c   Data         384  taskscheduler.o(.bss)
    tCmdConfig                               0x20000f0c   Data          17  c8721.o(.bss)
    CF_DisplayBuf                            0x20000f1d   Data         128  c8721.o(.bss)
    Screen_Data                              0x20000fa0   Data          64  screen_c8721.o(.bss)
    ch_env                                   0x20000fe0   Data          24  temp.o(.bss)
    Temperature                              0x20000ff8   Data          32  temp.o(.bss)
    system_data                              0x2000102c   Data          30  main_control.o(.bss)
    __libspace_start                         0x2000104c   Data          96  libspace.o(.bss)
    __temporary_stack_top$libspace           0x200010ac   Data           0  libspace.o(.bss)



==============================================================================

Memory Map of the image

  Image Entry point : 0x080000b5

  Load Region LR_IROM1 (Base: 0x08000000, Size: 0x0000620c, Max: 0x00010000, ABSOLUTE)

    Execution Region ER_IROM1 (Exec base: 0x08000000, Load base: 0x08000000, Size: 0x00006174, Max: 0x00010000, ABSOLUTE)

    Exec Addr    Load Addr    Size         Type   Attr      Idx    E Section Name        Object

    0x08000000   0x08000000   0x000000b4   Data   RO            3    RESET               startup_stm32f030x8.o
    0x080000b4   0x080000b4   0x00000008   Code   RO         4581  * !!!main             c_p.l(__main.o)
    0x080000bc   0x080000bc   0x0000003c   Code   RO         4772    !!!scatter          c_p.l(__scatter.o)
    0x080000f8   0x080000f8   0x0000001a   Code   RO         4774    !!handler_copy      c_p.l(__scatter_copy.o)
    0x08000112   0x08000112   0x00000002   PAD
    0x08000114   0x08000114   0x0000001c   Code   RO         4776    !!handler_zi        c_p.l(__scatter_zi.o)
    0x08000130   0x08000130   0x00000002   Code   RO         4639    .ARM.Collect$$libinit$$00000000  c_p.l(libinit.o)
    0x08000132   0x08000132   0x00000000   Code   RO         4653    .ARM.Collect$$libinit$$00000002  c_p.l(libinit2.o)
    0x08000132   0x08000132   0x00000000   Code   RO         4655    .ARM.Collect$$libinit$$00000004  c_p.l(libinit2.o)
    0x08000132   0x08000132   0x00000000   Code   RO         4658    .ARM.Collect$$libinit$$0000000A  c_p.l(libinit2.o)
    0x08000132   0x08000132   0x00000000   Code   RO         4660    .ARM.Collect$$libinit$$0000000C  c_p.l(libinit2.o)
    0x08000132   0x08000132   0x00000000   Code   RO         4662    .ARM.Collect$$libinit$$0000000E  c_p.l(libinit2.o)
    0x08000132   0x08000132   0x00000000   Code   RO         4665    .ARM.Collect$$libinit$$00000011  c_p.l(libinit2.o)
    0x08000132   0x08000132   0x00000000   Code   RO         4667    .ARM.Collect$$libinit$$00000013  c_p.l(libinit2.o)
    0x08000132   0x08000132   0x00000000   Code   RO         4669    .ARM.Collect$$libinit$$00000015  c_p.l(libinit2.o)
    0x08000132   0x08000132   0x00000000   Code   RO         4671    .ARM.Collect$$libinit$$00000017  c_p.l(libinit2.o)
    0x08000132   0x08000132   0x00000000   Code   RO         4673    .ARM.Collect$$libinit$$00000019  c_p.l(libinit2.o)
    0x08000132   0x08000132   0x00000000   Code   RO         4675    .ARM.Collect$$libinit$$0000001B  c_p.l(libinit2.o)
    0x08000132   0x08000132   0x00000000   Code   RO         4677    .ARM.Collect$$libinit$$0000001D  c_p.l(libinit2.o)
    0x08000132   0x08000132   0x00000000   Code   RO         4679    .ARM.Collect$$libinit$$0000001F  c_p.l(libinit2.o)
    0x08000132   0x08000132   0x00000000   Code   RO         4681    .ARM.Collect$$libinit$$00000021  c_p.l(libinit2.o)
    0x08000132   0x08000132   0x00000000   Code   RO         4683    .ARM.Collect$$libinit$$00000023  c_p.l(libinit2.o)
    0x08000132   0x08000132   0x00000000   Code   RO         4685    .ARM.Collect$$libinit$$00000025  c_p.l(libinit2.o)
    0x08000132   0x08000132   0x00000000   Code   RO         4689    .ARM.Collect$$libinit$$0000002C  c_p.l(libinit2.o)
    0x08000132   0x08000132   0x00000000   Code   RO         4691    .ARM.Collect$$libinit$$0000002E  c_p.l(libinit2.o)
    0x08000132   0x08000132   0x00000000   Code   RO         4693    .ARM.Collect$$libinit$$00000030  c_p.l(libinit2.o)
    0x08000132   0x08000132   0x00000000   Code   RO         4695    .ARM.Collect$$libinit$$00000032  c_p.l(libinit2.o)
    0x08000132   0x08000132   0x00000002   Code   RO         4696    .ARM.Collect$$libinit$$00000033  c_p.l(libinit2.o)
    0x08000134   0x08000134   0x00000002   Code   RO         4727    .ARM.Collect$$libshutdown$$00000000  c_p.l(libshutdown.o)
    0x08000136   0x08000136   0x00000000   Code   RO         4753    .ARM.Collect$$libshutdown$$00000002  c_p.l(libshutdown2.o)
    0x08000136   0x08000136   0x00000000   Code   RO         4755    .ARM.Collect$$libshutdown$$00000004  c_p.l(libshutdown2.o)
    0x08000136   0x08000136   0x00000000   Code   RO         4757    .ARM.Collect$$libshutdown$$00000006  c_p.l(libshutdown2.o)
    0x08000136   0x08000136   0x00000000   Code   RO         4760    .ARM.Collect$$libshutdown$$00000009  c_p.l(libshutdown2.o)
    0x08000136   0x08000136   0x00000000   Code   RO         4763    .ARM.Collect$$libshutdown$$0000000C  c_p.l(libshutdown2.o)
    0x08000136   0x08000136   0x00000000   Code   RO         4765    .ARM.Collect$$libshutdown$$0000000E  c_p.l(libshutdown2.o)
    0x08000136   0x08000136   0x00000000   Code   RO         4768    .ARM.Collect$$libshutdown$$00000011  c_p.l(libshutdown2.o)
    0x08000136   0x08000136   0x00000002   Code   RO         4769    .ARM.Collect$$libshutdown$$00000012  c_p.l(libshutdown2.o)
    0x08000138   0x08000138   0x00000000   Code   RO         4598    .ARM.Collect$$rtentry$$00000000  c_p.l(__rtentry.o)
    0x08000138   0x08000138   0x00000000   Code   RO         4609    .ARM.Collect$$rtentry$$00000002  c_p.l(__rtentry2.o)
    0x08000138   0x08000138   0x00000006   Code   RO         4621    .ARM.Collect$$rtentry$$00000004  c_p.l(__rtentry4.o)
    0x0800013e   0x0800013e   0x00000000   Code   RO         4611    .ARM.Collect$$rtentry$$00000009  c_p.l(__rtentry2.o)
    0x0800013e   0x0800013e   0x00000004   Code   RO         4612    .ARM.Collect$$rtentry$$0000000A  c_p.l(__rtentry2.o)
    0x08000142   0x08000142   0x00000000   Code   RO         4614    .ARM.Collect$$rtentry$$0000000C  c_p.l(__rtentry2.o)
    0x08000142   0x08000142   0x00000008   Code   RO         4615    .ARM.Collect$$rtentry$$0000000D  c_p.l(__rtentry2.o)
    0x0800014a   0x0800014a   0x00000002   Code   RO         4644    .ARM.Collect$$rtexit$$00000000  c_p.l(rtexit.o)
    0x0800014c   0x0800014c   0x00000000   Code   RO         4700    .ARM.Collect$$rtexit$$00000002  c_p.l(rtexit2.o)
    0x0800014c   0x0800014c   0x00000004   Code   RO         4701    .ARM.Collect$$rtexit$$00000003  c_p.l(rtexit2.o)
    0x08000150   0x08000150   0x00000006   Code   RO         4702    .ARM.Collect$$rtexit$$00000004  c_p.l(rtexit2.o)
    0x08000156   0x08000156   0x00000002   PAD
    0x08000158   0x08000158   0x00000038   Code   RO            4    .text               startup_stm32f030x8.o
    0x08000190   0x08000190   0x00000102   Code   RO         4567    .text               c_p.l(lludiv.o)
    0x08000292   0x08000292   0x00000040   Code   RO         4573    .text               c_p.l(rt_memclr.o)
    0x080002d2   0x080002d2   0x0000015a   Code   RO         4575    .text               c_p.l(aeabi_sdiv.o)
    0x0800042c   0x0800042c   0x00000006   Code   RO         4579    .text               c_p.l(heapauxi.o)
    0x08000432   0x08000432   0x00000002   PAD
    0x08000434   0x08000434   0x00000160   Code   RO         4589    .text               fz_ps.l(fdiv.o)
    0x08000594   0x08000594   0x00000030   Code   RO         4592    .text               fz_ps.l(ffixui.o)
    0x080005c4   0x080005c4   0x0000005e   Code   RO         4594    .text               fz_ps.l(fflti.o)
    0x08000622   0x08000622   0x0000003e   Code   RO         4625    .text               c_p.l(sys_stackheap_outer.o)
    0x08000660   0x08000660   0x00000010   Code   RO         4628    .text               c_p.l(exit.o)
    0x08000670   0x08000670   0x00000008   Code   RO         4640    .text               c_p.l(libspace.o)
    0x08000678   0x08000678   0x0000000c   Code   RO         4697    .text               c_p.l(sys_exit.o)
    0x08000684   0x08000684   0x00000002   Code   RO         4716    .text               c_p.l(use_no_semi.o)
    0x08000686   0x08000686   0x00000000   Code   RO         4718    .text               c_p.l(indicate_semi.o)
    0x08000686   0x08000686   0x00000002   PAD
    0x08000688   0x08000688   0x00000010   Code   RO          433    i.ADC1_IRQHandler   stm32f0xx_it.o
    0x08000698   0x08000698   0x00000086   Code   RO          544    i.ADC_DMAConvCplt   stm32f0xx_hal_adc.o
    0x0800071e   0x0800071e   0x0000001e   Code   RO          545    i.ADC_DMAError      stm32f0xx_hal_adc.o
    0x0800073c   0x0800073c   0x0000000e   Code   RO          546    i.ADC_DMAHalfConvCplt  stm32f0xx_hal_adc.o
    0x0800074a   0x0800074a   0x00000002   PAD
    0x0800074c   0x0800074c   0x000000e4   Code   RO          548    i.ADC_Enable        stm32f0xx_hal_adc.o
    0x08000830   0x08000830   0x00000044   Code   RO         4024    i.Add_Temp          temp.o
    0x08000874   0x08000874   0x00000094   Code   RO         3931    i.ApplySourceIcon   screen_c8721.o
    0x08000908   0x08000908   0x00000048   Code   RO         3932    i.ApplyUnitIcons    screen_c8721.o
    0x08000950   0x08000950   0x00000060   Code   RO         4025    i.Average_Temp      temp.o
    0x080009b0   0x080009b0   0x0000002c   Code   RO         4026    i.Battery_Get_mV    temp.o
    0x080009dc   0x080009dc   0x00000034   Code   RO         4302    i.BluetoothHwPowerOff  main_control.o
    0x08000a10   0x08000a10   0x0000003c   Code   RO         4303    i.BluetoothHwPowerOn  main_control.o
    0x08000a4c   0x08000a4c   0x0000013c   Code   RO         4304    i.BluetoothTask_100ms  main_control.o
    0x08000b88   0x08000b88   0x00000044   Code   RO         3665    i.CF_ConfigCommand  c8721.o
    0x08000bcc   0x08000bcc   0x00000018   Code   RO         3668    i.CF_DisplayBufAutomatic  c8721.o
    0x08000be4   0x08000be4   0x00000028   Code   RO         3669    i.CF_DisplayClearBuf  c8721.o
    0x08000c0c   0x08000c0c   0x00000180   Code   RO         3672    i.CF_DisplaySegment  c8721.o
    0x08000d8c   0x08000d8c   0x00000024   Code   RO         3674    i.CF_Init           c8721.o
    0x08000db0   0x08000db0   0x00000046   Code   RO         3676    i.CF_SendByte       c8721.o
    0x08000df6   0x08000df6   0x00000002   PAD
    0x08000df8   0x08000df8   0x00000030   Code   RO         3677    i.CF_SendCommandPackage  c8721.o
    0x08000e28   0x08000e28   0x00000048   Code   RO         3678    i.CF_SendDataFrame  c8721.o
    0x08000e70   0x08000e70   0x0000001e   Code   RO         3679    i.CF_SendSCK        c8721.o
    0x08000e8e   0x08000e8e   0x00000002   PAD
    0x08000e90   0x08000e90   0x00000048   Code   RO         3680    i.CF_SendSetPackage  c8721.o
    0x08000ed8   0x08000ed8   0x0000003c   Code   RO         3681    i.CF_SetControlCommand  c8721.o
    0x08000f14   0x08000f14   0x00000014   Code   RO         3682    i.CF_SetCurrentCommand  c8721.o
    0x08000f28   0x08000f28   0x00000034   Code   RO         3683    i.CF_SetDisplayCommand  c8721.o
    0x08000f5c   0x08000f5c   0x0000002c   Code   RO         3684    i.CF_SetModeCommand  c8721.o
    0x08000f88   0x08000f88   0x00000010   Code   RO         3685    i.CF_TimeDlyUs      c8721.o
    0x08000f98   0x08000f98   0x00000184   Code   RO         4305    i.CalcFittedTemp    main_control.o
    0x0800111c   0x0800111c   0x000001cc   Code   RO         4306    i.CalcMainConsensusTemp  main_control.o
    0x080012e8   0x080012e8   0x00000070   Code   RO         3933    i.ClearGauge        screen_c8721.o
    0x08001358   0x08001358   0x00000050   Code   RO         3934    i.ClearTempSourceIcons  screen_c8721.o
    0x080013a8   0x080013a8   0x00000048   Code   RO         3814    i.ConvertTempToUnit  key.o
    0x080013f0   0x080013f0   0x00000018   Code   RO          434    i.DMA1_Channel1_IRQHandler  stm32f0xx_it.o
    0x08001408   0x08001408   0x00000018   Code   RO          435    i.DMA1_Channel2_3_IRQHandler  stm32f0xx_it.o
    0x08001420   0x08001420   0x00000018   Code   RO          436    i.DMA1_Channel4_5_IRQHandler  stm32f0xx_it.o
    0x08001438   0x08001438   0x00000020   Code   RO         1592    i.DMA_CalcBaseAndBitshift  stm32f0xx_hal_dma.o
    0x08001458   0x08001458   0x0000002a   Code   RO         1593    i.DMA_SetConfig     stm32f0xx_hal_dma.o
    0x08001482   0x08001482   0x00000002   PAD
    0x08001484   0x08001484   0x00000104   Code   RO         3935    i.DisplayTask       screen_c8721.o
    0x08001588   0x08001588   0x00000006   Code   RO           12    i.Error_Handler     main.o
    0x0800158e   0x0800158e   0x00000002   PAD
    0x08001590   0x08001590   0x00000114   Code   RO         4027    i.Get_Filter_ADC12bitResult  temp.o
    0x080016a4   0x080016a4   0x000000f8   Code   RO          719    i.HAL_ADCEx_Calibration_Start  stm32f0xx_hal_adc_ex.o
    0x0800179c   0x0800179c   0x00000188   Code   RO          550    i.HAL_ADC_ConfigChannel  stm32f0xx_hal_adc.o
    0x08001924   0x08001924   0x00000018   Code   RO         4028    i.HAL_ADC_ConvCpltCallback  temp.o
    0x0800193c   0x0800193c   0x00000002   Code   RO          552    i.HAL_ADC_ConvHalfCpltCallback  stm32f0xx_hal_adc.o
    0x0800193e   0x0800193e   0x00000002   Code   RO          554    i.HAL_ADC_ErrorCallback  stm32f0xx_hal_adc.o
    0x08001940   0x08001940   0x000000fc   Code   RO          558    i.HAL_ADC_IRQHandler  stm32f0xx_hal_adc.o
    0x08001a3c   0x08001a3c   0x000001c4   Code   RO          559    i.HAL_ADC_Init      stm32f0xx_hal_adc.o
    0x08001c00   0x08001c00   0x00000002   Code   RO          560    i.HAL_ADC_LevelOutOfWindowCallback  stm32f0xx_hal_adc.o
    0x08001c02   0x08001c02   0x00000002   PAD
    0x08001c04   0x08001c04   0x000000c4   Code   RO          244    i.HAL_ADC_MspInit   adc.o
    0x08001cc8   0x08001cc8   0x000000c0   Code   RO          566    i.HAL_ADC_Start_DMA  stm32f0xx_hal_adc.o
    0x08001d88   0x08001d88   0x00000052   Code   RO         1594    i.HAL_DMA_Abort     stm32f0xx_hal_dma.o
    0x08001dda   0x08001dda   0x00000058   Code   RO         1595    i.HAL_DMA_Abort_IT  stm32f0xx_hal_dma.o
    0x08001e32   0x08001e32   0x00000006   Code   RO         1597    i.HAL_DMA_GetError  stm32f0xx_hal_dma.o
    0x08001e38   0x08001e38   0x000000f0   Code   RO         1599    i.HAL_DMA_IRQHandler  stm32f0xx_hal_dma.o
    0x08001f28   0x08001f28   0x0000005c   Code   RO         1600    i.HAL_DMA_Init      stm32f0xx_hal_dma.o
    0x08001f84   0x08001f84   0x0000009a   Code   RO         1604    i.HAL_DMA_Start_IT  stm32f0xx_hal_dma.o
    0x0800201e   0x0800201e   0x00000002   PAD
    0x08002020   0x08002020   0x0000002c   Code   RO          871    i.HAL_Delay         stm32f0xx_hal.o
    0x0800204c   0x0800204c   0x000001f0   Code   RO         1533    i.HAL_GPIO_Init     stm32f0xx_hal_gpio.o
    0x0800223c   0x0800223c   0x00000012   Code   RO         1535    i.HAL_GPIO_ReadPin  stm32f0xx_hal_gpio.o
    0x0800224e   0x0800224e   0x00000014   Code   RO         1536    i.HAL_GPIO_TogglePin  stm32f0xx_hal_gpio.o
    0x08002262   0x08002262   0x0000000c   Code   RO         1537    i.HAL_GPIO_WritePin  stm32f0xx_hal_gpio.o
    0x0800226e   0x0800226e   0x00000002   PAD
    0x08002270   0x08002270   0x0000000c   Code   RO          875    i.HAL_GetTick       stm32f0xx_hal.o
    0x0800227c   0x0800227c   0x00000018   Code   RO          881    i.HAL_IncTick       stm32f0xx_hal.o
    0x08002294   0x08002294   0x00000020   Code   RO          882    i.HAL_Init          stm32f0xx_hal.o
    0x080022b4   0x080022b4   0x00000054   Code   RO          883    i.HAL_InitTick      stm32f0xx_hal.o
    0x08002308   0x08002308   0x00000040   Code   RO          523    i.HAL_MspInit       stm32f0xx_hal_msp.o
    0x08002348   0x08002348   0x0000001c   Code   RO         1692    i.HAL_NVIC_EnableIRQ  stm32f0xx_hal_cortex.o
    0x08002364   0x08002364   0x00000012   Code   RO         1696    i.HAL_NVIC_SetPriority  stm32f0xx_hal_cortex.o
    0x08002376   0x08002376   0x00000002   PAD
    0x08002378   0x08002378   0x00000150   Code   RO          836    i.HAL_RCCEx_PeriphCLKConfig  stm32f0xx_hal_rcc_ex.o
    0x080024c8   0x080024c8   0x0000016c   Code   RO          740    i.HAL_RCC_ClockConfig  stm32f0xx_hal_rcc.o
    0x08002634   0x08002634   0x0000000c   Code   RO          745    i.HAL_RCC_GetHCLKFreq  stm32f0xx_hal_rcc.o
    0x08002640   0x08002640   0x00000024   Code   RO          747    i.HAL_RCC_GetPCLK1Freq  stm32f0xx_hal_rcc.o
    0x08002664   0x08002664   0x00000098   Code   RO          748    i.HAL_RCC_GetSysClockFreq  stm32f0xx_hal_rcc.o
    0x080026fc   0x080026fc   0x0000058c   Code   RO          751    i.HAL_RCC_OscConfig  stm32f0xx_hal_rcc.o
    0x08002c88   0x08002c88   0x00000038   Code   RO         1700    i.HAL_SYSTICK_Config  stm32f0xx_hal_cortex.o
    0x08002cc0   0x08002cc0   0x00000002   Code   RO         2866    i.HAL_TIMEx_BreakCallback  stm32f0xx_hal_tim_ex.o
    0x08002cc2   0x08002cc2   0x00000002   Code   RO         2867    i.HAL_TIMEx_CommutCallback  stm32f0xx_hal_tim_ex.o
    0x08002cc4   0x08002cc4   0x00000084   Code   RO         2885    i.HAL_TIMEx_MasterConfigSynchronization  stm32f0xx_hal_tim_ex.o
    0x08002d48   0x08002d48   0x00000064   Code   RO         2155    i.HAL_TIM_Base_Init  stm32f0xx_hal_tim.o
    0x08002dac   0x08002dac   0x00000044   Code   RO          303    i.HAL_TIM_Base_MspInit  tim.o
    0x08002df0   0x08002df0   0x00000118   Code   RO         2164    i.HAL_TIM_ConfigClockSource  stm32f0xx_hal_tim.o
    0x08002f08   0x08002f08   0x00000002   Code   RO         2189    i.HAL_TIM_IC_CaptureCallback  stm32f0xx_hal_tim.o
    0x08002f0a   0x08002f0a   0x0000016e   Code   RO         2203    i.HAL_TIM_IRQHandler  stm32f0xx_hal_tim.o
    0x08003078   0x08003078   0x00000002   Code   RO         2206    i.HAL_TIM_OC_DelayElapsedCallback  stm32f0xx_hal_tim.o
    0x0800307a   0x0800307a   0x00000002   Code   RO         2233    i.HAL_TIM_PWM_PulseFinishedCallback  stm32f0xx_hal_tim.o
    0x0800307c   0x0800307c   0x00000002   Code   RO         2241    i.HAL_TIM_PeriodElapsedCallback  stm32f0xx_hal_tim.o
    0x0800307e   0x0800307e   0x00000002   Code   RO         2246    i.HAL_TIM_TriggerCallback  stm32f0xx_hal_tim.o
    0x08003080   0x08003080   0x00000002   Code   RO         3136    i.HAL_UARTEx_RxEventCallback  stm32f0xx_hal_uart.o
    0x08003082   0x08003082   0x000000c6   Code   RO         3148    i.HAL_UART_DMAStop  stm32f0xx_hal_uart.o
    0x08003148   0x08003148   0x00000002   Code   RO         3152    i.HAL_UART_ErrorCallback  stm32f0xx_hal_uart.o
    0x0800314a   0x0800314a   0x00000002   PAD
    0x0800314c   0x0800314c   0x000003ac   Code   RO         3155    i.HAL_UART_IRQHandler  stm32f0xx_hal_uart.o
    0x080034f8   0x080034f8   0x0000007e   Code   RO         3156    i.HAL_UART_Init     stm32f0xx_hal_uart.o
    0x08003576   0x08003576   0x00000002   PAD
    0x08003578   0x08003578   0x000001f4   Code   RO          341    i.HAL_UART_MspInit  usart.o
    0x0800376c   0x0800376c   0x0000007e   Code   RO         3160    i.HAL_UART_Receive_DMA  stm32f0xx_hal_uart.o
    0x080037ea   0x080037ea   0x00000002   Code   RO          342    i.HAL_UART_RxCpltCallback  usart.o
    0x080037ec   0x080037ec   0x00000002   Code   RO         3164    i.HAL_UART_RxHalfCpltCallback  stm32f0xx_hal_uart.o
    0x080037ee   0x080037ee   0x000000e8   Code   RO         3165    i.HAL_UART_Transmit  stm32f0xx_hal_uart.o
    0x080038d6   0x080038d6   0x00000002   PAD
    0x080038d8   0x080038d8   0x00000018   Code   RO          343    i.HAL_UART_TxCpltCallback  usart.o
    0x080038f0   0x080038f0   0x00000004   Code   RO          437    i.HardFault_Handler  stm32f0xx_it.o
    0x080038f4   0x080038f4   0x0000005c   Code   RO         3815    i.IsDisplayDashOnlyAlarm  key.o
    0x08003950   0x08003950   0x00000014   Code   RO         4307    i.IsMainTempInvalid  main_control.o
    0x08003964   0x08003964   0x00000014   Code   RO         3816    i.Key0_long_press   key.o
    0x08003978   0x08003978   0x00000044   Code   RO         3817    i.Key0_short_press  key.o
    0x080039bc   0x080039bc   0x00000008   Code   RO         3818    i.Key0_very_long_press  key.o
    0x080039c4   0x080039c4   0x00000028   Code   RO         3819    i.Key1_long_press   key.o
    0x080039ec   0x080039ec   0x0000005c   Code   RO         3820    i.Key1_short_press  key.o
    0x08003a48   0x08003a48   0x00000028   Code   RO         3821    i.Key1_very_long_press  key.o
    0x08003a70   0x08003a70   0x00000070   Code   RO         3822    i.KeyRespose        key.o
    0x08003ae0   0x08003ae0   0x0000010c   Code   RO         3824    i.Key_Scan          key.o
    0x08003bec   0x08003bec   0x00000014   Code   RO         4308    i.LedTask           main_control.o
    0x08003c00   0x08003c00   0x00000090   Code   RO          245    i.MX_ADC_Init       adc.o
    0x08003c90   0x08003c90   0x00000054   Code   RO          282    i.MX_DMA_Init       dma.o
    0x08003ce4   0x08003ce4   0x00000118   Code   RO          223    i.MX_GPIO_Init      gpio.o
    0x08003dfc   0x08003dfc   0x00000074   Code   RO          304    i.MX_TIM3_Init      tim.o
    0x08003e70   0x08003e70   0x00000044   Code   RO          344    i.MX_USART1_UART_Init  usart.o
    0x08003eb4   0x08003eb4   0x00000044   Code   RO          345    i.MX_USART2_UART_Init  usart.o
    0x08003ef8   0x08003ef8   0x000001a4   Code   RO         4309    i.MainControl       main_control.o
    0x0800409c   0x0800409c   0x00000004   Code   RO          438    i.NMI_Handler       stm32f0xx_it.o
    0x080040a0   0x080040a0   0x000000e8   Code   RO         4029    i.PT1000_CalculateTemperature  temp.o
    0x08004188   0x08004188   0x00000002   Code   RO          439    i.PendSV_Handler    stm32f0xx_it.o
    0x0800418a   0x0800418a   0x00000002   PAD
    0x0800418c   0x0800418c   0x0000005c   Code   RO         3609    i.SCH_Add_Task      taskscheduler.o
    0x080041e8   0x080041e8   0x00000048   Code   RO         3610    i.SCH_Delete_Task   taskscheduler.o
    0x08004230   0x08004230   0x00000060   Code   RO         3611    i.SCH_Dispatch_Tasks  taskscheduler.o
    0x08004290   0x08004290   0x00000002   Code   RO         3612    i.SCH_Go_To_Sleep   taskscheduler.o
    0x08004292   0x08004292   0x00000002   PAD
    0x08004294   0x08004294   0x0000005c   Code   RO         3614    i.SCH_Report_Status  taskscheduler.o
    0x080042f0   0x080042f0   0x00000078   Code   RO         3615    i.SCH_Update        taskscheduler.o
    0x08004368   0x08004368   0x00000028   Code   RO         3936    i.SCL_Write         screen_c8721.o
    0x08004390   0x08004390   0x00000028   Code   RO         3937    i.SDA_Write         screen_c8721.o
    0x080043b8   0x080043b8   0x00000002   Code   RO          440    i.SVC_Handler       stm32f0xx_it.o
    0x080043ba   0x080043ba   0x00000010   Code   RO         3938    i.Screen_C8721_Init  screen_c8721.o
    0x080043ca   0x080043ca   0x00000002   PAD
    0x080043cc   0x080043cc   0x00000040   Code   RO         3939    i.Screen_MapToDisplayBuf  screen_c8721.o
    0x0800440c   0x0800440c   0x00000074   Code   RO         3940    i.ShowSpecialChars  screen_c8721.o
    0x08004480   0x08004480   0x0000017c   Code   RO         3941    i.ShowTemp3Digits   screen_c8721.o
    0x080045fc   0x080045fc   0x00000028   Code   RO         3825    i.SyncTempsAfterUnitSwitch  key.o
    0x08004624   0x08004624   0x00000094   Code   RO         4310    i.SysDataInit       main_control.o
    0x080046b8   0x080046b8   0x0000000c   Code   RO          441    i.SysTick_Handler   stm32f0xx_it.o
    0x080046c4   0x080046c4   0x00000086   Code   RO           13    i.SystemClock_Config  main.o
    0x0800474a   0x0800474a   0x00000002   Code   RO         3579    i.SystemInit        system_stm32f0xx.o
    0x0800474c   0x0800474c   0x00000010   Code   RO          442    i.TIM3_IRQHandler   stm32f0xx_it.o
    0x0800475c   0x0800475c   0x000000b0   Code   RO         2248    i.TIM_Base_SetConfig  stm32f0xx_hal_tim.o
    0x0800480c   0x0800480c   0x0000001c   Code   RO         2259    i.TIM_ETR_SetConfig  stm32f0xx_hal_tim.o
    0x08004828   0x08004828   0x00000018   Code   RO         2260    i.TIM_ITRx_SetConfig  stm32f0xx_hal_tim.o
    0x08004840   0x08004840   0x00000032   Code   RO         2266    i.TIM_TI1_ConfigInputStage  stm32f0xx_hal_tim.o
    0x08004872   0x08004872   0x00000032   Code   RO         2268    i.TIM_TI2_ConfigInputStage  stm32f0xx_hal_tim.o
    0x080048a4   0x080048a4   0x00000024   Code   RO         4311    i.TempFromC         main_control.o
    0x080048c8   0x080048c8   0x000004b0   Code   RO         4030    i.TempGetTask       temp.o
    0x08004d78   0x08004d78   0x00000028   Code   RO         4312    i.TempToC           main_control.o
    0x08004da0   0x08004da0   0x00000078   Code   RO         4031    i.Temp_Get          temp.o
    0x08004e18   0x08004e18   0x00000008   Code   RO         4032    i.Temp_Get_Init     temp.o
    0x08004e20   0x08004e20   0x00000060   Code   RO         4033    i.Temp_Handle       temp.o
    0x08004e80   0x08004e80   0x000000f0   Code   RO         3170    i.UART_AdvFeatureConfig  stm32f0xx_hal_uart.o
    0x08004f70   0x08004f70   0x00000100   Code   RO         3171    i.UART_CheckIdleState  stm32f0xx_hal_uart.o
    0x08005070   0x08005070   0x00000018   Code   RO         3172    i.UART_DMAAbortOnError  stm32f0xx_hal_uart.o
    0x08005088   0x08005088   0x00000058   Code   RO         3173    i.UART_DMAError     stm32f0xx_hal_uart.o
    0x080050e0   0x080050e0   0x000000c6   Code   RO         3174    i.UART_DMAReceiveCplt  stm32f0xx_hal_uart.o
    0x080051a6   0x080051a6   0x00000026   Code   RO         3176    i.UART_DMARxHalfCplt  stm32f0xx_hal_uart.o
    0x080051cc   0x080051cc   0x00000080   Code   RO         3182    i.UART_EndRxTransfer  stm32f0xx_hal_uart.o
    0x0800524c   0x0800524c   0x00000036   Code   RO         3183    i.UART_EndTransmit_IT  stm32f0xx_hal_uart.o
    0x08005282   0x08005282   0x0000002c   Code   RO         3184    i.UART_EndTxTransfer  stm32f0xx_hal_uart.o
    0x080052ae   0x080052ae   0x00000002   PAD
    0x080052b0   0x080052b0   0x000001a0   Code   RO         3187    i.UART_SetConfig    stm32f0xx_hal_uart.o
    0x08005450   0x08005450   0x000000dc   Code   RO         3188    i.UART_Start_Receive_DMA  stm32f0xx_hal_uart.o
    0x0800552c   0x0800552c   0x000000b4   Code   RO         3192    i.UART_WaitOnFlagUntilTimeout  stm32f0xx_hal_uart.o
    0x080055e0   0x080055e0   0x00000088   Code   RO         4313    i.UI_CycleDisplayMode  main_control.o
    0x08005668   0x08005668   0x0000000c   Code   RO         4314    i.UI_GetBluetoothIconState  main_control.o
    0x08005674   0x08005674   0x0000000c   Code   RO         4315    i.UI_GetDisplaySpecial  main_control.o
    0x08005680   0x08005680   0x0000000c   Code   RO         4316    i.UI_GetDisplayTemp  main_control.o
    0x0800568c   0x0800568c   0x0000000c   Code   RO         4318    i.UI_NotifyLocalInteraction  main_control.o
    0x08005698   0x08005698   0x00000014   Code   RO         4319    i.UI_RequestBluetoothPairing  main_control.o
    0x080056ac   0x080056ac   0x00000014   Code   RO         4320    i.UI_RequestBluetoothPowerOff  main_control.o
    0x080056c0   0x080056c0   0x00000020   Code   RO          443    i.USART1_IRQHandler  stm32f0xx_it.o
    0x080056e0   0x080056e0   0x00000020   Code   RO          444    i.USART2_IRQHandler  stm32f0xx_it.o
    0x08005700   0x08005700   0x00000070   Code   RO         4034    i.UpdateBatteryLevel  temp.o
    0x08005770   0x08005770   0x000001b0   Code   RO         4322    i.UpdateDisplayCache  main_control.o
    0x08005920   0x08005920   0x00000150   Code   RO         3942    i.UpdateGauge       screen_c8721.o
    0x08005a70   0x08005a70   0x00000018   Code   RO         4131    i.Wireless_Init     wireless.o
    0x08005a88   0x08005a88   0x00000030   Code   RO          827    i.__ARM_common_ll_muluu  stm32f0xx_hal_rcc.o
    0x08005ab8   0x08005ab8   0x0000001c   Code   RO         1683    i.__ARM_common_switch8  stm32f0xx_hal_dma.o
    0x08005ad4   0x08005ad4   0x00000078   Code   RO         1702    i.__NVIC_SetPriority  stm32f0xx_hal_cortex.o
    0x08005b4c   0x08005b4c   0x00000006   Code   RO         3193    i.__get_PRIMASK     stm32f0xx_hal_uart.o
    0x08005b52   0x08005b52   0x00000006   Code   RO         3194    i.__set_PRIMASK     stm32f0xx_hal_uart.o
    0x08005b58   0x08005b58   0x0000004c   Code   RO          349    i._usart_callback   usart.o
    0x08005ba4   0x08005ba4   0x00000048   Code   RO         4035    i.channel_env_init  temp.o
    0x08005bec   0x08005bec   0x0000004c   Code   RO          350    i.com_init          usart.o
    0x08005c38   0x08005c38   0x00000078   Code   RO           14    i.main              main.o
    0x08005cb0   0x08005cb0   0x0000004c   Code   RO         4036    i.parse_be32_to_int16_c  temp.o
    0x08005cfc   0x08005cfc   0x00000054   Code   RO          351    i.uart_dma_poll_check  usart.o
    0x08005d50   0x08005d50   0x00000088   Code   RO         4037    i.update_three_temps_from_uart2  temp.o
    0x08005dd8   0x08005dd8   0x0000008c   Code   RO         4583    x$fpl$fadd          fz_ps.l(faddsub.o)
    0x08005e64   0x08005e64   0x000000b0   Code   RO         4596    x$fpl$fmul          fz_ps.l(fmul.o)
    0x08005f14   0x08005f14   0x000000d0   Code   RO         4585    x$fpl$fsub          fz_ps.l(faddsub.o)
    0x08005fe4   0x08005fe4   0x00000000   Code   RO         4607    x$fpl$usenofp       fz_ps.l(usenofp.o)
    0x08005fe4   0x08005fe4   0x00000020   Data   RO          752    .constdata          stm32f0xx_hal_rcc.o
    0x08006004   0x08006004   0x00000018   Data   RO         3580    .constdata          system_stm32f0xx.o
    0x0800601c   0x0800601c   0x00000034   Data   RO         3944    .constdata          screen_c8721.o
    0x08006050   0x08006050   0x000000c2   Data   RO         4039    .constdata          temp.o
    0x08006112   0x08006112   0x00000040   Data   RO         4590    .constdata          fz_ps.l(fdiv.o)
    0x08006152   0x08006152   0x00000002   PAD
    0x08006154   0x08006154   0x00000020   Data   RO         4770    Region$$Table       anon$$obj.o


    Execution Region RW_IRAM1 (Exec base: 0x20000000, Load base: 0x08006174, Size: 0x000016b0, Max: 0x00002000, ABSOLUTE)

    Exec Addr    Load Addr    Size         Type   Attr      Idx    E Section Name        Object

    0x20000000   0x08006174   0x00000004   Data   RW          247    .data               adc.o
    0x20000004   0x08006178   0x00000008   Data   RW          353    .data               usart.o
    0x2000000c   0x08006180   0x00000009   Data   RW          889    .data               stm32f0xx_hal.o
    0x20000015   0x08006189   0x00000003   PAD
    0x20000018   0x0800618c   0x00000004   Data   RW         3581    .data               system_stm32f0xx.o
    0x2000001c   0x08006190   0x00000005   Data   RW         3617    .data               taskscheduler.o
    0x20000021   0x08006195   0x0000001b   Data   RW         3688    .data               c8721.o
    0x2000003c   0x080061b0   0x00000009   Data   RW         3826    .data               key.o
    0x20000045   0x080061b9   0x00000002   Data   RW         3945    .data               screen_c8721.o
    0x20000047   0x080061bb   0x00000001   PAD
    0x20000048   0x080061bc   0x00000024   Data   RW         4040    .data               temp.o
    0x2000006c   0x080061e0   0x00000001   Data   RW         4151    .data               wireless.o
    0x2000006d   0x080061e1   0x00000001   PAD
    0x2000006e   0x080061e2   0x00000029   Data   RW         4324    .data               main_control.o
    0x20000097   0x0800620b   0x00000001   PAD
    0x20000098        -       0x00000084   Zero   RW          246    .bss                adc.o
    0x2000011c        -       0x00000048   Zero   RW          305    .bss                tim.o
    0x20000164        -       0x00000c28   Zero   RW          352    .bss                usart.o
    0x20000d8c        -       0x00000180   Zero   RW         3616    .bss                taskscheduler.o
    0x20000f0c        -       0x00000091   Zero   RW         3686    .bss                c8721.o
    0x20000f9d   0x0800620b   0x00000003   PAD
    0x20000fa0        -       0x00000040   Zero   RW         3943    .bss                screen_c8721.o
    0x20000fe0        -       0x0000004c   Zero   RW         4038    .bss                temp.o
    0x2000102c        -       0x0000001e   Zero   RW         4323    .bss                main_control.o
    0x2000104a   0x0800620b   0x00000002   PAD
    0x2000104c        -       0x00000060   Zero   RW         4641    .bss                c_p.l(libspace.o)
    0x200010ac   0x0800620b   0x00000004   PAD
    0x200010b0        -       0x00000200   Zero   RW            2    HEAP                startup_stm32f030x8.o
    0x200012b0        -       0x00000400   Zero   RW            1    STACK               startup_stm32f030x8.o


==============================================================================

Image component sizes


      Code (inc. data)   RO Data    RW Data    ZI Data      Debug   Object Name

       340         28          0          4        132       1766   adc.o
      1036        100          0         27        145      11798   c8721.o
        84          4          0          0          0        726   dma.o
       280         18          0          0          0        955   gpio.o
       852         84          0          9          0      10210   key.o
       260         18          0          0          0     285294   main.o
      2616        288          0         41         30      15822   main_control.o
      1664        104         52          2         64       8824   screen_c8721.o
        56         26        180          0       1536        624   startup_stm32f030x8.o
       196         38          0          9          0       7781   stm32f0xx_hal.o
      1700         56          0          0          0       8058   stm32f0xx_hal_adc.o
       248          0          0          0          0       1330   stm32f0xx_hal_adc_ex.o
       222         26          0          0          0      10289   stm32f0xx_hal_cortex.o
       764         10          0          0          0       5713   stm32f0xx_hal_dma.o
       546         26          0          0          0       3164   stm32f0xx_hal_gpio.o
        64          4          0          0          0        802   stm32f0xx_hal_msp.o
      2032         78         32          0          0       5017   stm32f0xx_hal_rcc.o
       336         14          0          0          0       1360   stm32f0xx_hal_rcc_ex.o
      1084         24          0          0          0       8991   stm32f0xx_hal_tim.o
       136         14          0          0          0       2345   stm32f0xx_hal_tim_ex.o
      3526         56          0          0          0      20146   stm32f0xx_hal_uart.o
       192         60          0          0          0       5240   stm32f0xx_it.o
         2          0         24          4          0       1075   system_stm32f0xx.o
       474         42          0          5        384       4446   taskscheduler.o
      2560        272        194         36         76      14834   temp.o
       184         22          0          0         72       1578   tim.o
       898         88          0          8       3112       5947   usart.o
        24         10          0          1          0       1256   wireless.o

    ----------------------------------------------------------------------
     22408       1510        514        152       5556     445391   Object Totals
         0          0         32          0          0          0   (incl. Generated)
        32          0          0          6          5          0   (incl. Padding)

    ----------------------------------------------------------------------

      Code (inc. data)   RO Data    RW Data    ZI Data      Debug   Library Member Name

         8          0          0          0          0         68   __main.o
         0          0          0          0          0          0   __rtentry.o
        12          0          0          0          0          0   __rtentry2.o
         6          0          0          0          0          0   __rtentry4.o
        60          8          0          0          0          0   __scatter.o
        26          0          0          0          0          0   __scatter_copy.o
        28          0          0          0          0          0   __scatter_zi.o
       346          0          0          0          0         92   aeabi_sdiv.o
        16          0          0          0          0         68   exit.o
         6          0          0          0          0        136   heapauxi.o
         0          0          0          0          0          0   indicate_semi.o
         2          0          0          0          0          0   libinit.o
         2          0          0          0          0          0   libinit2.o
         2          0          0          0          0          0   libshutdown.o
         2          0          0          0          0          0   libshutdown2.o
         8          4          0          0         96         68   libspace.o
       258          0          0          0          0         88   lludiv.o
        64          0          0          0          0        108   rt_memclr.o
         2          0          0          0          0          0   rtexit.o
        10          0          0          0          0          0   rtexit2.o
        12          4          0          0          0         60   sys_exit.o
        62          0          0          0          0         80   sys_stackheap_outer.o
         2          0          0          0          0         68   use_no_semi.o
       348          8          0          0          0        160   faddsub.o
       352         10         64          0          0         92   fdiv.o
        48          0          0          0          0         60   ffixui.o
        94          0          0          0          0         92   fflti.o
       176          4          0          0          0         80   fmul.o
         0          0          0          0          0          0   usenofp.o

    ----------------------------------------------------------------------
      1960         38         66          0        100       1320   Library Totals
         8          0          2          0          4          0   (incl. Padding)

    ----------------------------------------------------------------------

      Code (inc. data)   RO Data    RW Data    ZI Data      Debug   Library Name

       934         16          0          0         96        836   c_p.l
      1018         22         64          0          0        484   fz_ps.l

    ----------------------------------------------------------------------
      1960         38         66          0        100       1320   Library Totals

    ----------------------------------------------------------------------

==============================================================================


      Code (inc. data)   RO Data    RW Data    ZI Data      Debug   

     24368       1548        580        152       5656     438139   Grand Totals
     24368       1548        580        152       5656     438139   ELF Image Totals
     24368       1548        580        152          0          0   ROM Totals

==============================================================================

    Total RO  Size (Code + RO Data)                24948 (  24.36kB)
    Total RW  Size (RW Data + ZI Data)              5808 (   5.67kB)
    Total ROM Size (Code + RO Data + RW Data)      25100 (  24.51kB)

==============================================================================

