<html>
<body>
<pre>
<h1>µVision Build Log</h1>
<h2>Tool Versions:</h2>
IDE-Version: ¦ÌVision V5.39.0.0
Copyright (C) 2023 ARM Ltd and ARM Germany GmbH. All rights reserved.
License Information: 1 1, 1, LIC=14HV2-910GQ-HL1CL-0FQSU-UBXKY-6UEVU
 
Tool Versions:
Toolchain:       MDK-ARM Plus  Version: 5.39.0.0
Toolchain Path:  C:\Keil_v5\ARM\ARM_Compiler_5.06u7\Bin
C Compiler:      Armcc.exe V5.06 update 7 (build 960)
Assembler:       Armasm.exe V5.06 update 7 (build 960)
Linker/Locator:  ArmLink.exe V5.06 update 7 (build 960)
Library Manager: ArmAr.exe V5.06 update 7 (build 960)
Hex Converter:   FromElf.exe V5.06 update 7 (build 960)
CPU DLL:         SARMCM3.DLL V5.39.0.0
Dialog DLL:      DARMCM1.DLL V1.19.6.0
Target DLL:      Segger\JL2CM3.dll V2.99.43.0
Dialog DLL:      TARMCM1.DLL V1.14.6.0
 
<h2>Project:</h2>
C:\Users\PC\Desktop\TW66GW02\3\tw66gw02\MDK-ARM\tw66gw02.uvprojx
Project File Date:  05/09/2026

<h2>Output:</h2>
*** Using Compiler 'V5.06 update 7 (build 960)', folder: 'C:\Keil_v5\ARM\ARM_Compiler_5.06u7\Bin'
Build target 'tw66gw02'
compiling shutdown.c...
compiling usart.c...
compiling warning.c...
compiling key.c...
compiling main.c...
compiling stm32f0xx_it.c...
compiling temp.c...
compiling bh66f5242.c...
compiling start_up.c...
compiling test.c...
compiling wireless.c...
..\BSP\wireless.c(39): warning:  #514-D: pointless comparison of unsigned integer with a negative constant
      return ((t == HaveTempErr) || (t == TempDisconnected) || (t == TempHigh) || (t == TempLow)) ? 1u : 0u;
..\BSP\wireless.c(21): warning:  #550-D: variable "s_bt_status"  was set but never used
  static uint8_t s_bt_status = 0u;
..\BSP\wireless.c: 2 warnings, 0 errors
compiling screen_c8721.c...
compiling main_control.c...
..\COP\main_control.c(45): warning:  #550-D: variable "s_main_outlier_hold_cnt"  was set but never used
  static uint8_t s_main_outlier_hold_cnt[3] = {0u, 0u, 0u};
..\COP\main_control.c: 1 warning, 0 errors
linking...
Program Size: Code=25756 RO-data=596 RW-data=196 ZI-data=5652  
FromELF: creating hex file...
".\tw66gw02\tw66gw02.axf" - 0 Error(s), 3 Warning(s).

<h2>Software Packages used:</h2>

Package Vendor: ARM
                http://www.keil.com/pack/ARM.CMSIS.5.9.0.pack
                ARM::CMSIS@5.9.0
                CMSIS (Common Microcontroller Software Interface Standard)
   * Component: CORE Version: 5.6.0

Package Vendor: Keil
                https://www.keil.com/pack/Keil.STM32F0xx_DFP.3.1.1.pack
                Keil::STM32F0xx_DFP@3.1.1
                STMicroelectronics STM32F0 Series Device Support

<h2>Collection of Component include folders:</h2>
  ./RTE/_tw66gw02
  C:/Users/PC/AppData/Local/Arm/Packs/ARM/CMSIS/5.9.0/CMSIS/Core/Include

<h2>Collection of Component Files used:</h2>

   * Component: ARM::CMSIS:CORE@5.6.0
      Include file:  CMSIS/Core/Include/tz_context.h
Build Time Elapsed:  00:00:01
</pre>
</body>
</html>
